Change Component Footprint: Designator=R2 Old Footprint=0402_fp New Footprint=0603_FP
Change Component Footprint: Designator=R3 Old Footprint=0402_fp New Footprint=0603_FP
Change Component Footprint: Designator=R4 Old Footprint=0402_fp New Footprint=0603_FP
Change Component Footprint: Designator=R6 Old Footprint=0402_fp New Footprint=0603_FP
Change Component Comment : Designator=R2 Old Comment=Resistor_0402 New Comment=Resistor_0603
Change Component Comment : Designator=R3 Old Comment=Resistor_0402 New Comment=Resistor_0603
Change Component Comment : Designator=R4 Old Comment=Resistor_0402 New Comment=Resistor_0603
Change Component Comment : Designator=R6 Old Comment=Resistor_0402 New Comment=Resistor_0603
Change component parameters: Designator = "R3" ("R3"); Footprint = "0402_fp"; UniqueID = "\ADPGLQAJ" ("\ADPGLQAJ")
Change component parameters (AddParameter): Name = "Format"; Value = "0402"; VariantName = "[No Variations]"
Change component parameters (AddParameter): Name = "Package"; Value = "0402"; VariantName = "[No Variations]"
Change component parameters (AddParameter): Name = "Value"; Value = "10 kO"; VariantName = "[No Variations]"
Added Component: Designator=R7(0603_FP)
Add component (AddParameter): Name = "Format"; Value = "0402"; VariantName = "[No Variations]"
Add component (AddParameter): Name = "Package"; Value = "0402"; VariantName = "[No Variations]"
Add component (AddParameter): Name = "Value"; Value = "100 O"; VariantName = "[No Variations]"
Added Pin To Net: NetName=NetR7_1 Pin=R7-1
Added Pin To Net: NetName=GND Pin=R7-2
Added Member To Class: ClassName=main Member=Component C5 Capacitor_0603
Added Member To Class: ClassName=main Member=Component R7 Resistor_0603
