Added Component: Designator=C?(0603_FP)
Add component (AddParameter): Name = "Format"; Value = "0402"; VariantName = "[No Variations]"
Add component (AddParameter): Name = "Package"; Value = "0402"; VariantName = "[No Variations]"
Add component (AddParameter): Name = "Value"; Value = "47 nF"; VariantName = "[No Variations]"
Added Component: Designator=C?(0603_FP)
Add component (AddParameter): Name = "Format"; Value = "0402"; VariantName = "[No Variations]"
Add component (AddParameter): Name = "Package"; Value = "0402"; VariantName = "[No Variations]"
Add component (AddParameter): Name = "Value"; Value = "47 nF"; VariantName = "[No Variations]"
Added Component: Designator=R?(0603_FP)
Add component (AddParameter): Name = "Format"; Value = "0402"; VariantName = "[No Variations]"
Add component (AddParameter): Name = "Package"; Value = "0402"; VariantName = "[No Variations]"
Add component (AddParameter): Name = "Value"; Value = "10 kO"; VariantName = "[No Variations]"
Added Component: Designator=R?(0603_FP)
Add component (AddParameter): Name = "Format"; Value = "0402"; VariantName = "[No Variations]"
Add component (AddParameter): Name = "Package"; Value = "0402"; VariantName = "[No Variations]"
Add component (AddParameter): Name = "Value"; Value = "10 kO"; VariantName = "[No Variations]"
Added Pin To Net: NetName=VR_SENSOR_IN1+ Pin=C1-1
Added Pin To Net: NetName=VR_SENSOR_IN2+ Pin=C2-1
Added Pin To Net: NetName=VR_SENSOR_IN1- Pin=C?-1
Added Pin To Net: NetName=VR_SENSOR_IN2- Pin=C?-1
Added Pin To Net: NetName=GND Pin=C?-2
Added Pin To Net: NetName=GND Pin=C?-2
Added Pin To Net: NetName=VR_SENSOR_IN1+ Pin=R1-1
Added Pin To Net: NetName=VR_SENSOR_IN2+ Pin=R5-1
Added Pin To Net: NetName=VR_SENSOR_IN1- Pin=R?-1
Added Pin To Net: NetName=VR_SENSOR_IN2- Pin=R?-1
Change Net Name : Old Net Name=LEFT_PULSE New Net Name=LEFT_PULSE_P
Change Net Name : Old Net Name=RIGHT_PULSE New Net Name=RIGHT_PULSE_P
Added Pin To Net: NetName=LEFT_PULSE_N Pin=R?-2
Added Net: Name=LEFT_PULSE_N
Added Pin To Net: NetName=RIGHT_PULSE_N Pin=R?-2
Added Net: Name=RIGHT_PULSE_N
Added Member To Class: ClassName=main Member=Component C? Capacitor_0603
Added Member To Class: ClassName=main Member=Component C? Capacitor_0603
Added Member To Class: ClassName=main Member=Component R? Resistor_0603
Added Member To Class: ClassName=main Member=Component R? Resistor_0603
