Removed Pin From Net: NetName=+5 Pin=C5-1
Removed Pin From Net: NetName=+5 Pin=C7-2
Removed Pin From Net: NetName=+5 Pin=C12-1
Removed Pin From Net: NetName=GND Pin=C12-2
Removed Pin From Net: NetName=GND Pin=C14-1
Removed Pin From Net: NetName=+5 Pin=C14-2
Removed Pin From Net: NetName=+5 Pin=U2-6
Removed Pin From Net: NetName=GND Pin=U4-3
Removed Pin From Net: NetName=NetR13_1 Pin=U4-5
Removed Pin From Net: NetName=+5 Pin=U4-6
Removed Member From Class: ClassName=power_side Member=C12
Removed Member From Class: ClassName=power_side Member=C14
Removed Member From Class: ClassName=power_side Member=U4
Added Pin To Net: NetName=+12 Pin=C5-1
Added Pin To Net: NetName=+12 Pin=C7-2
Added Pin To Net: NetName=+12 Pin=U2-6
Added Pin To Net: NetName=NetR13_1 Pin=U2-7
Added Pin To Net: NetName=NetU2_2 Pin=U2-2
Added Pin To Net: NetName=NetU2_2 Pin=U8-22
Added Net: Name=NetU2_2
Added Member To Class: ClassName=logic_000 Member=Component R39 RC0402JR-074K7L
