Add component: Footprint Not Found WCAP-FTBP_L13W5.5H11
Add component: Footprint Not Found FP-403AF-MFG
Add component: Footprint Not Found FP-PG-TO252-3-MFG
Add component: Footprint Not Found FP-PG-TO252-3-MFG
Add component: Footprint Not Found FP-CSRN2010-IPC_B
Add component: Footprint Not Found FP-CSRN2010-IPC_B
Add Pin To Net: Unknown Pin: Pin C38-1
Add Pin To Net: Unknown Pin: Pin C38-2
Add Pin To Net: Unknown Pin: Pin D9-1
Add Pin To Net: Unknown Pin: Pin D9-2
Add Pin To Net: Unknown Pin: Pin Q7-1
Add Pin To Net: Unknown Pin: Pin Q7-3
Add Pin To Net: Unknown Pin: Pin Q7-4
Add Pin To Net: Unknown Pin: Pin Q8-1
Add Pin To Net: Unknown Pin: Pin Q8-3
Add Pin To Net: Unknown Pin: Pin Q8-4
Add Pin To Net: Unknown Pin: Pin R52-1
Add Pin To Net: Unknown Pin: Pin R52-2
Add Pin To Net: Unknown Pin: Pin R65-1
Add Pin To Net: Unknown Pin: Pin R65-2
Add Class Member: Failed to add class member : Component C38 890283323005CS
Add Class Member: Failed to add class member : Component D9 S3JB
Add Class Member: Failed to add class member : Component Q7 IPD50R280CE
Add Class Member: Failed to add class member : Component Q8 IPD50R280CE
Add Class Member: Failed to add class member : Component R52 CSRN2010FK20L0
Add Class Member: Failed to add class member : Component R65 CSRN2010FK20L0
