Removed Pin From Net: NetName=R_HV Pin=D12-1
Removed Pin From Net: NetName=L_HV Pin=Q1-4
Removed Pin From Net: NetName=R_HV Pin=Q2-4
Removed Member From Class: ClassName=HV_NETS Member=NetD9_2
Removed Member From Class: ClassName=HV_NETS Member=NetD12_2
Removed Member From Class: ClassName=HV_NETS Member=NetQ7_4
Removed Member From Class: ClassName=HV_NETS Member=NetQ8_4
Change Component Footprint: Designator=D12 Old Footprint=FP-403AF-MFG New Footprint=DIOM4336X265N
Change Comment: Unknown Component : Q1
Change Comment: Unknown Component : Q2
Change Component Comment : Designator=D12 Old Comment=S3JB New Comment=S3MB
Change Managed Component Library Link : Designator=D12 Old VaultGUID=B7D15EC3-160A-466F-A46C-7801FE6295A7 New VaultGUID= Old ItemGUID=C3884D45-039A-462F-92CB-4D823824F1BA New ItemGUID= Old RevisionGUID=7948D0FA-AAE1-4AAF-93EC-B4179A65A279 New RevisionGUID=
Change Managed Component Library Link: Component "Q1" not found
Change Managed Component Library Link: Component "Q2" not found
Change component parameters: Designator = "D12" ("D12"); Footprint = "FP-403AF-MFG"; UniqueID = "\CUZAXEAD" ("\CUZAXEAD")
Change component parameters (AddParameter): Name = "Check_prices"; Value = "https://www.snapeda.com/parts/S3MB/taiwan/view-part/?ref=eda"; VariantName = "[No Variations]"
Change component parameters (AddParameter): Name = "MF"; Value = "Taiwan Semiconductor"; VariantName = "[No Variations]"
Change component parameters (AddParameter): Name = "MP"; Value = "S3MB"; VariantName = "[No Variations]"
Change component parameters (AddParameter): Name = "Package"; Value = "SMD-2 Taiwan Semiconductor"; VariantName = "[No Variations]"
Change component parameters (AddParameter): Name = "SnapEDA_Link"; Value = "https://www.snapeda.com/parts/S3MB/taiwan/view-part/?ref=snap"; VariantName = "[No Variations]"
Change component parameters (AddParameter): Name = "Value"; Value = ""; VariantName = "[No Variations]"
Change component parameters: Component "Q1" not found
Change component parameters: Component "Q2" not found
Add component: Footprint Not Found WCAP-FTBP_L13W5.5H11
Added Component: Designator=D9(DIOM4336X265N)
Add component (AddParameter): Name = "Check_prices"; Value = "https://www.snapeda.com/parts/S3MB/taiwan/view-part/?ref=eda"; VariantName = "[No Variations]"
Add component (AddParameter): Name = "MF"; Value = "Taiwan Semiconductor"; VariantName = "[No Variations]"
Add component (AddParameter): Name = "MP"; Value = "S3MB"; VariantName = "[No Variations]"
Add component (AddParameter): Name = "Package"; Value = "SMD-2 Taiwan Semiconductor"; VariantName = "[No Variations]"
Add component (AddParameter): Name = "SnapEDA_Link"; Value = "https://www.snapeda.com/parts/S3MB/taiwan/view-part/?ref=snap"; VariantName = "[No Variations]"
Add component (AddParameter): Name = "Value"; Value = ""; VariantName = "[No Variations]"
Add component: Footprint Not Found FP-CSRN2010-IPC_B
Add component: Footprint Not Found FP-CSRN2010-IPC_B
Add Pin To Net: Unknown Pin: Pin C38-1
Add Pin To Net: Unknown Pin: Pin C38-2
Added Pin To Net: NetName=L_HV Pin=D9-C
Added Pin To Net: NetName=R_HV Pin=D12-C
Add Pin To Net: Unknown Pin: Pin Q1-2
Add Pin To Net: Unknown Pin: Pin Q2-2
Add Pin To Net: Unknown Pin: Pin Q7-1
Add Pin To Net: Unknown Pin: Pin Q7-3
Add Pin To Net: Unknown Pin: Pin Q8-1
Add Pin To Net: Unknown Pin: Pin Q8-3
Add Pin To Net: Unknown Pin: Pin R52-1
Add Pin To Net: Unknown Pin: Pin R52-2
Add Pin To Net: Unknown Pin: Pin R65-1
Add Pin To Net: Unknown Pin: Pin R65-2
Added Pin To Net: NetName=NetD9_A Pin=D9-A
Added Pin To Net: NetName=NetD9_A Pin=T1-1
Added Net: Name=NetD9_A
Added Pin To Net: NetName=NetD12_A Pin=D12-A
Added Pin To Net: NetName=NetD12_A Pin=T2-10
Added Net: Name=NetD12_A
Added Pin To Net: NetName=NetQ7_2 Pin=T1-6
Added Pin To Net: NetName=NetQ7_2 Pin=T1-7
Added Net: Name=NetQ7_2
Added Pin To Net: NetName=NetQ8_2 Pin=T2-4
Added Pin To Net: NetName=NetQ8_2 Pin=T2-5
Added Net: Name=NetQ8_2
Add Class Member: Failed to add class member : Component C38 890283323005CS
Added Member To Class: ClassName=HV_power Member=Component D9 S3MB
Add Class Member: Failed to add class member : Component Q7 IPD60R180P7
Add Class Member: Failed to add class member : Component Q8 IPD60R180P7
Add Class Member: Failed to add class member : Component R52 CSRN2010FK20L0
Add Class Member: Failed to add class member : Component R65 CSRN2010FK20L0
Added Member To Class: ClassName=HV_NETS Member=Wire NetD9_A
Added Member To Class: ClassName=HV_NETS Member=Wire NetD12_A
Added Member To Class: ClassName=HV_NETS Member=Wire NetQ7_2
Added Member To Class: ClassName=HV_NETS Member=Wire NetQ8_2
