Removed Pin From Net: NetName=NetD12_2 Pin=T2-1
Removed Pin From Net: NetName=VBAT Pin=T2-4
Removed Pin From Net: NetName=VBAT Pin=T2-5
Removed Pin From Net: NetName=NetQ8_4 Pin=T2-6
Removed Pin From Net: NetName=NetQ8_4 Pin=T2-7
Removed Pin From Net: NetName=PGND Pin=T2-10
Removed Member From Class: ClassName=LV_power Member=C29
Removed Member From Class: ClassName=LV_power Member=C30
Removed Member From Class: ClassName=HV_power Member=C49
Removed Member From Class: ClassName=HV_power Member=C52
Removed Member From Class: ClassName=HV_power Member=D2
Removed Member From Class: ClassName=cd_switching Member=D12
Removed Member From Class: ClassName=logic Member=D12
Removed Member From Class: ClassName=logic Member=D14
Removed Member From Class: ClassName=HV_power Member=R7
Removed Member From Class: ClassName=HV_power Member=R8
Removed Member From Class: ClassName=cd_switching Member=R13
Removed Member From Class: ClassName=cd_switching Member=R14
Removed Member From Class: ClassName=input_signal_conditioning Member=R33
Removed Member From Class: ClassName=input_signal_conditioning Member=R34
Add component: Footprint Not Found WCAP-FTBP_L13W5.5H11
Added Component: Designator=C39(0603_FP)
Add component (AddParameter): Name = "Format"; Value = "0402"; VariantName = "[No Variations]"
Add component (AddParameter): Name = "Package"; Value = "0402"; VariantName = "[No Variations]"
Add component (AddParameter): Name = "Value"; Value = "1 uF"; VariantName = "[No Variations]"
Added Component: Designator=C40(0603_FP)
Add component (AddParameter): Name = "Format"; Value = "0402"; VariantName = "[No Variations]"
Add component (AddParameter): Name = "Package"; Value = "0402"; VariantName = "[No Variations]"
Add component (AddParameter): Name = "Value"; Value = "22 pF"; VariantName = "[No Variations]"
Added Component: Designator=C41(0603_FP)
Add component (AddParameter): Name = "Format"; Value = "0402"; VariantName = "[No Variations]"
Add component (AddParameter): Name = "Package"; Value = "0402"; VariantName = "[No Variations]"
Add component (AddParameter): Name = "Value"; Value = "10 nF"; VariantName = "[No Variations]"
Added Component: Designator=C43(0603_FP)
Add component (AddParameter): Name = "Format"; Value = "0402"; VariantName = "[No Variations]"
Add component (AddParameter): Name = "Package"; Value = "0402"; VariantName = "[No Variations]"
Add component (AddParameter): Name = "Value"; Value = ".22 uF"; VariantName = "[No Variations]"
Added Component: Designator=C47(0603_FP)
Add component (AddParameter): Name = "Format"; Value = "0402"; VariantName = "[No Variations]"
Add component (AddParameter): Name = "Package"; Value = "0402"; VariantName = "[No Variations]"
Add component (AddParameter): Name = "Value"; Value = "10 nF"; VariantName = "[No Variations]"
Added Component: Designator=C48(0603_FP)
Add component (AddParameter): Name = "Format"; Value = "0402"; VariantName = "[No Variations]"
Add component (AddParameter): Name = "Package"; Value = "0402"; VariantName = "[No Variations]"
Add component (AddParameter): Name = "Value"; Value = "100 pF"; VariantName = "[No Variations]"
Add component: Footprint Not Found FP-403AF-MFG
Add component: Footprint Not Found FP-PG-TO252-3-MFG
Add component: Footprint Not Found FP-PG-TO252-3-MFG
Added Component: Designator=R44(0805_FP)
Add component (AddParameter): Name = "Value"; Value = "1 MO"; VariantName = "[No Variations]"
Added Component: Designator=R46(0603_FP)
Add component (AddParameter): Name = "Format"; Value = "0402"; VariantName = "[No Variations]"
Add component (AddParameter): Name = "Package"; Value = "0402"; VariantName = "[No Variations]"
Add component (AddParameter): Name = "Value"; Value = "22 O"; VariantName = "[No Variations]"
Added Component: Designator=R48(0805_FP)
Add component (AddParameter): Name = "Value"; Value = "1 MO"; VariantName = "[No Variations]"
Added Component: Designator=R49(0805_FP)
Add component (AddParameter): Name = "Value"; Value = "1 MO"; VariantName = "[No Variations]"
Added Component: Designator=R50(0805_FP)
Add component (AddParameter): Name = "Value"; Value = "1 MO"; VariantName = "[No Variations]"
Add component: Footprint Not Found FP-CSRN2010-IPC_B
Added Component: Designator=R57(0805_FP)
Add component (AddParameter): Name = "Value"; Value = "1 MO"; VariantName = "[No Variations]"
Added Component: Designator=R59(0603_FP)
Add component (AddParameter): Name = "Format"; Value = "0402"; VariantName = "[No Variations]"
Add component (AddParameter): Name = "Package"; Value = "0402"; VariantName = "[No Variations]"
Add component (AddParameter): Name = "Value"; Value = "22 O"; VariantName = "[No Variations]"
Added Component: Designator=R60(0603_FP)
Add component (AddParameter): Name = "Format"; Value = "0402"; VariantName = "[No Variations]"
Add component (AddParameter): Name = "Package"; Value = "0402"; VariantName = "[No Variations]"
Add component (AddParameter): Name = "Value"; Value = "470 kO"; VariantName = "[No Variations]"
Added Component: Designator=R61(0805_FP)
Add component (AddParameter): Name = "Value"; Value = "1 MO"; VariantName = "[No Variations]"
Added Component: Designator=R63(0805_FP)
Add component (AddParameter): Name = "Value"; Value = "1 MO"; VariantName = "[No Variations]"
Add component: Footprint Not Found FP-CSRN2010-IPC_B
Added Component: Designator=R66(0805_FP)
Add component (AddParameter): Name = "Value"; Value = "11 kO"; VariantName = "[No Variations]"
Added Component: Designator=R68(0603_FP)
Add component (AddParameter): Name = "Format"; Value = "0402"; VariantName = "[No Variations]"
Add component (AddParameter): Name = "Package"; Value = "0402"; VariantName = "[No Variations]"
Add component (AddParameter): Name = "Value"; Value = "10 kO"; VariantName = "[No Variations]"
Added Component: Designator=R69(0603_FP)
Add component (AddParameter): Name = "Format"; Value = "0402"; VariantName = "[No Variations]"
Add component (AddParameter): Name = "Package"; Value = "0402"; VariantName = "[No Variations]"
Add component (AddParameter): Name = "Value"; Value = "180 kO"; VariantName = "[No Variations]"
Added Component: Designator=U5(SOP50P490X110-10N)
Add component (AddParameter): Name = "Check_prices"; Value = "https://www.snapeda.com/parts/LM3481MM/NOPB/Texas+Instruments/view-part/?ref=eda"; VariantName = "[No Variations]"
Add component (AddParameter): Name = "MF"; Value = "Texas Instruments"; VariantName = "[No Variations]"
Add component (AddParameter): Name = "MP"; Value = "LM3481MM/NOPB"; VariantName = "[No Variations]"
Add component (AddParameter): Name = "Package"; Value = "VSSOP-10 Texas Instruments"; VariantName = "[No Variations]"
Add component (AddParameter): Name = "SnapEDA_Link"; Value = "https://www.snapeda.com/parts/LM3481MM/NOPB/Texas+Instruments/view-part/?ref=snap"; VariantName = "[No Variations]"
Add component (AddParameter): Name = "Value"; Value = ""; VariantName = "[No Variations]"
Added Component: Designator=U6(SOP50P490X110-10N)
Add component (AddParameter): Name = "Check_prices"; Value = "https://www.snapeda.com/parts/LM3481MM/NOPB/Texas+Instruments/view-part/?ref=eda"; VariantName = "[No Variations]"
Add component (AddParameter): Name = "MF"; Value = "Texas Instruments"; VariantName = "[No Variations]"
Add component (AddParameter): Name = "MP"; Value = "LM3481MM/NOPB"; VariantName = "[No Variations]"
Add component (AddParameter): Name = "Package"; Value = "VSSOP-10 Texas Instruments"; VariantName = "[No Variations]"
Add component (AddParameter): Name = "SnapEDA_Link"; Value = "https://www.snapeda.com/parts/LM3481MM/NOPB/Texas+Instruments/view-part/?ref=snap"; VariantName = "[No Variations]"
Add component (AddParameter): Name = "Value"; Value = ""; VariantName = "[No Variations]"
Add Pin To Net: Unknown Pin: Pin C38-1
Add Pin To Net: Unknown Pin: Pin C38-2
Added Pin To Net: NetName=PGND Pin=C39-1
Added Pin To Net: NetName=NetC39_2 Pin=C39-2
Added Pin To Net: NetName=PGND Pin=C40-1
Added Pin To Net: NetName=L_HV_FB Pin=C40-2
Added Pin To Net: NetName=NetC41_1 Pin=C41-1
Added Pin To Net: NetName=PGND Pin=C41-2
Added Pin To Net: NetName=VBAT Pin=C43-1
Added Pin To Net: NetName=PGND Pin=C43-2
Added Pin To Net: NetName=NetC47_1 Pin=C47-1
Added Pin To Net: NetName=PGND Pin=C47-2
Added Pin To Net: NetName=COMP_R Pin=C48-1
Added Pin To Net: NetName=PGND Pin=C48-2
Add Pin To Net: Unknown Pin: Pin D9-1
Add Pin To Net: Unknown Pin: Pin D9-2
Add Pin To Net: Unknown Pin: Pin Q7-1
Add Pin To Net: Unknown Pin: Pin Q7-3
Add Pin To Net: Unknown Pin: Pin Q7-4
Add Pin To Net: Unknown Pin: Pin Q8-1
Add Pin To Net: Unknown Pin: Pin Q8-3
Add Pin To Net: Unknown Pin: Pin Q8-4
Added Pin To Net: NetName=NetR44_1 Pin=R44-1
Added Pin To Net: NetName=L_HV Pin=R44-2
Added Pin To Net: NetName=NetR46_1 Pin=R46-1
Added Pin To Net: NetName=NetQ7_1 Pin=R46-2
Added Pin To Net: NetName=NetR48_1 Pin=R48-1
Added Pin To Net: NetName=NetR44_1 Pin=R48-2
Added Pin To Net: NetName=NetR49_1 Pin=R49-1
Added Pin To Net: NetName=NetR45_1 Pin=R49-2
Added Pin To Net: NetName=L_HV_FB Pin=R50-1
Added Pin To Net: NetName=NetR48_1 Pin=R50-2
Add Pin To Net: Unknown Pin: Pin R52-1
Add Pin To Net: Unknown Pin: Pin R52-2
Added Pin To Net: NetName=NetR57_1 Pin=R57-1
Added Pin To Net: NetName=R_HV Pin=R57-2
Added Pin To Net: NetName=NetR59_1 Pin=R59-1
Added Pin To Net: NetName=NetQ8_1 Pin=R59-2
Added Pin To Net: NetName=VBAT Pin=R60-1
Added Pin To Net: NetName=FLYBACK_EN_R Pin=R60-2
Added Pin To Net: NetName=NetR61_1 Pin=R61-1
Added Pin To Net: NetName=NetR57_1 Pin=R61-2
Added Pin To Net: NetName=R_HV_FB Pin=R63-1
Added Pin To Net: NetName=NetR61_1 Pin=R63-2
Add Pin To Net: Unknown Pin: Pin R65-1
Add Pin To Net: Unknown Pin: Pin R65-2
Added Pin To Net: NetName=PGND Pin=R66-1
Added Pin To Net: NetName=R_HV_FB Pin=R66-2
Added Pin To Net: NetName=COMP_R Pin=R68-1
Added Pin To Net: NetName=NetC47_1 Pin=R68-2
Added Pin To Net: NetName=R_FB Pin=R69-1
Added Pin To Net: NetName=PGND Pin=R69-2
Added Pin To Net: NetName=PGND Pin=T2-1
Added Pin To Net: NetName=NetQ8_4 Pin=T2-4
Added Pin To Net: NetName=NetQ8_4 Pin=T2-5
Added Pin To Net: NetName=VBAT Pin=T2-6
Added Pin To Net: NetName=VBAT Pin=T2-7
Added Pin To Net: NetName=NetD12_2 Pin=T2-10
Added Pin To Net: NetName=ISEN_L Pin=U5-1
Added Pin To Net: NetName=FLYBACK_EN_L Pin=U5-2
Added Pin To Net: NetName=COMP_L Pin=U5-3
Added Pin To Net: NetName=L_HV_FB Pin=U5-4
Added Pin To Net: NetName=PGND Pin=U5-5
Added Pin To Net: NetName=L_FB Pin=U5-6
Added Pin To Net: NetName=PGND Pin=U5-7
Added Pin To Net: NetName=NetR46_1 Pin=U5-8
Added Pin To Net: NetName=NetC39_2 Pin=U5-9
Added Pin To Net: NetName=VBAT Pin=U5-10
Added Pin To Net: NetName=ISEN_R Pin=U6-1
Added Pin To Net: NetName=FLYBACK_EN_R Pin=U6-2
Added Pin To Net: NetName=COMP_R Pin=U6-3
Added Pin To Net: NetName=R_HV_FB Pin=U6-4
Added Pin To Net: NetName=PGND Pin=U6-5
Added Pin To Net: NetName=R_FB Pin=U6-6
Added Pin To Net: NetName=PGND Pin=U6-7
Added Pin To Net: NetName=NetR59_1 Pin=U6-8
Added Pin To Net: NetName=NetC45_2 Pin=U6-9
Added Pin To Net: NetName=VBAT Pin=U6-10
Added Member To Class: ClassName=logic Member=Component C28 Capacitor_0402
Added Member To Class: ClassName=logic Member=Component C29 Capacitor_0402
Added Member To Class: ClassName=logic Member=Component C31 Capacitor_0402
Added Member To Class: ClassName=logic Member=Component C33 Capacitor_0402
Added Member To Class: ClassName=logic Member=Component C35 Capacitor_0603
Added Member To Class: ClassName=logic Member=Component C36 Capacitor_0603
Add Class Member: Failed to add class member : Component C38 890283323005CS
Added Member To Class: ClassName=HV_power Member=Component C39 Capacitor_0603
Added Member To Class: ClassName=HV_power Member=Component C40 Capacitor_0603
Added Member To Class: ClassName=HV_power Member=Component C41 Capacitor_0603
Added Member To Class: ClassName=HV_power Member=Component C42 Capacitor_0603
Added Member To Class: ClassName=HV_power Member=Component C43 GRM21BR61C475KA88L
Added Member To Class: ClassName=HV_power Member=Component C44 890283323005CS
Added Member To Class: ClassName=HV_power Member=Component C45 Capacitor_0603
Added Member To Class: ClassName=HV_power Member=Component C46 Capacitor_0603
Added Member To Class: ClassName=HV_power Member=Component C47 Capacitor_0603
Added Member To Class: ClassName=HV_power Member=Component C48 Capacitor_0603
Added Member To Class: ClassName=LV_power Member=Component C50 CC0805MKX5R8BB226
Added Member To Class: ClassName=LV_power Member=Component C53 Capacitor_0603
Added Member To Class: ClassName=LV_power Member=Component C54 GRM21BR61A476ME15K
Added Member To Class: ClassName=LV_power Member=Component C55 GRM21BR61A476ME15K
Added Member To Class: ClassName=cd_switching Member=Component D2 SMBJ400A
Added Member To Class: ClassName=cd_switching Member=Component D3 BZT52B15SH_RRG
Added Member To Class: ClassName=cd_switching Member=Component D5 BZT52B15SH_RRG
Added Member To Class: ClassName=cd_switching Member=Component D6 BZT52B15SH_RRG
Added Member To Class: ClassName=logic Member=Component D7 150080RS75000
Added Member To Class: ClassName=logic Member=Component D8 150080GS75000
Add Class Member: Failed to add class member : Component D9 S3JB
Added Member To Class: ClassName=HV_power Member=Component D10 BZT52B5V1SH_RRG
Added Member To Class: ClassName=HV_power Member=Component D11 BZT52B15SH_RRG
Add Class Member: Failed to add class member : Component Q7 IPD50R280CE
Add Class Member: Failed to add class member : Component Q8 IPD50R280CE
Added Member To Class: ClassName=cd_switching Member=Component R7 Resistor_0603
Added Member To Class: ClassName=cd_switching Member=Component R8 Resistor_0603
Added Member To Class: ClassName=cd_switching Member=Component R9 Resistor_0402
Added Member To Class: ClassName=cd_switching Member=Component R10 Resistor_0402
Added Member To Class: ClassName=input_signal_conditioning Member=Component R11 Resistor_0402
Added Member To Class: ClassName=input_signal_conditioning Member=Component R12 Resistor_0402
Added Member To Class: ClassName=input_signal_conditioning Member=Component R15 Resistor_0402
Added Member To Class: ClassName=input_signal_conditioning Member=Component R16 Resistor_0402
Added Member To Class: ClassName=input_signal_conditioning Member=Component R17 Resistor_0402
Added Member To Class: ClassName=input_signal_conditioning Member=Component R18 Resistor_0402
Added Member To Class: ClassName=input_signal_conditioning Member=Component R19 Resistor_0402
Added Member To Class: ClassName=input_signal_conditioning Member=Component R22 Resistor_0402
Added Member To Class: ClassName=input_signal_conditioning Member=Component R23 Resistor_0402
Added Member To Class: ClassName=input_signal_conditioning Member=Component R24 Resistor_0402
Added Member To Class: ClassName=input_signal_conditioning Member=Component R27 Resistor_0402
Added Member To Class: ClassName=input_signal_conditioning Member=Component R28 Resistor_0402
Added Member To Class: ClassName=input_signal_conditioning Member=Component R29 Resistor_0402
Added Member To Class: ClassName=input_signal_conditioning Member=Component R30 Resistor_0402
Added Member To Class: ClassName=input_output Member=Component R31 Resistor_0603
Added Member To Class: ClassName=input_output Member=Component R32 Resistor_0603
Added Member To Class: ClassName=logic Member=Component R35 Resistor_0402
Added Member To Class: ClassName=logic Member=Component R36 Resistor_0402
Added Member To Class: ClassName=logic Member=Component R37 Resistor_0402
Added Member To Class: ClassName=logic Member=Component R40 MCS04020D5600BE100
Added Member To Class: ClassName=logic Member=Component R41 Resistor_0402
Added Member To Class: ClassName=logic Member=Component R42 Resistor_0402
Added Member To Class: ClassName=logic Member=Component R43 Resistor_0402
Added Member To Class: ClassName=HV_power Member=Component R44 R_0805
Added Member To Class: ClassName=HV_power Member=Component R46 Resistor_0603
Added Member To Class: ClassName=HV_power Member=Component R48 R_0805
Added Member To Class: ClassName=HV_power Member=Component R49 R_0805
Added Member To Class: ClassName=HV_power Member=Component R50 R_0805
Add Class Member: Failed to add class member : Component R52 CSRN2010FK20L0
Added Member To Class: ClassName=HV_power Member=Component R53 R_0805
Added Member To Class: ClassName=HV_power Member=Component R54 R_0805
Added Member To Class: ClassName=HV_power Member=Component R55 Resistor_0603
Added Member To Class: ClassName=HV_power Member=Component R56 Resistor_0603
Added Member To Class: ClassName=HV_power Member=Component R57 R_0805
Added Member To Class: ClassName=HV_power Member=Component R59 Resistor_0603
Added Member To Class: ClassName=HV_power Member=Component R60 Resistor_0603
Added Member To Class: ClassName=HV_power Member=Component R61 R_0805
Added Member To Class: ClassName=HV_power Member=Component R63 R_0805
Added Member To Class: ClassName=HV_power Member=Component R64 R_0805
Add Class Member: Failed to add class member : Component R65 CSRN2010FK20L0
Added Member To Class: ClassName=HV_power Member=Component R66 R_0805
Added Member To Class: ClassName=HV_power Member=Component R67 R_0805
Added Member To Class: ClassName=HV_power Member=Component R68 Resistor_0603
Added Member To Class: ClassName=HV_power Member=Component R69 Resistor_0603
Added Member To Class: ClassName=HV_power Member=Component U5 LM3481MM
Added Member To Class: ClassName=HV_power Member=Component U6 LM3481MM
Added Member To Class: ClassName=FB_NETS Member=Wire NetR57_1
Added Member To Class: ClassName=FB_NETS Member=Wire NetR58_1
Added Member To Class: ClassName=FB_NETS Member=Wire NetR62_1
