Change Component Designator: Old Designator=C41 New Designator=C46
Change Component Designator: Old Designator=C42 New Designator=C45
Change Component Designator: Old Designator=C43 New Designator=C44
Change Component Designator: Old Designator=C44 New Designator=C48
Change Component Designator: Old Designator=C45 New Designator=C50
Change Component Designator: Old Designator=C46 New Designator=C49
Change Component Designator: Old Designator=C? New Designator=C37
Change Component Designator: Old Designator=C? New Designator=C38
Change Component Designator: Old Designator=C? New Designator=C39
Change Component Designator: Old Designator=C? New Designator=C40
Change Component Designator: Old Designator=C? New Designator=C41
Change Component Designator: Old Designator=C? New Designator=C42
Change Component Designator: Old Designator=C? New Designator=C43
Change Component Designator: Old Designator=C? New Designator=C47
Change Component Designator: Old Designator=D7 New Designator=D12
Change Component Designator: Old Designator=D8 New Designator=D14
Change Component Designator: Old Designator=D? New Designator=D9
Change Component Designator: Old Designator=D? New Designator=D10
Change Component Designator: Old Designator=D? New Designator=D11
Change Component Designator: Old Designator=Q? New Designator=Q7
Change Component Designator: Old Designator=R53 New Designator=R57
Change Component Designator: Old Designator=R54 New Designator=R58
Change Component Designator: Old Designator=R55 New Designator=R59
Change Component Designator: Old Designator=R56 New Designator=R60
Change Component Designator: Old Designator=R57 New Designator=R61
Change Component Designator: Old Designator=R58 New Designator=R62
Change Component Designator: Old Designator=R59 New Designator=R63
Change Component Designator: Old Designator=R60 New Designator=R64
Change Component Designator: Old Designator=R61 New Designator=R65
Change Component Designator: Old Designator=R62 New Designator=R69
Change Component Designator: Old Designator=R63 New Designator=R66
Change Component Designator: Old Designator=R64 New Designator=R67
Change Component Designator: Old Designator=R65 New Designator=R68
Change Component Designator: Old Designator=R? New Designator=R44
Change Component Designator: Old Designator=R? New Designator=R45
Change Component Designator: Old Designator=R? New Designator=R46
Change Component Designator: Old Designator=R? New Designator=R47
Change Component Designator: Old Designator=R? New Designator=R48
Change Component Designator: Old Designator=R? New Designator=R49
Change Component Designator: Old Designator=R? New Designator=R50
Change Component Designator: Old Designator=R? New Designator=R51
Change Component Designator: Old Designator=R? New Designator=R52
Change Component Designator: Old Designator=R? New Designator=R53
Change Component Designator: Old Designator=R? New Designator=R54
Change Component Designator: Old Designator=R? New Designator=R55
Change Component Designator: Old Designator=R? New Designator=R56
Change Component Designator: Old Designator=T? New Designator=T1
Change Component Designator: Old Designator=U? New Designator=U5
