Removed Member From Class: ClassName=cd_switching Member=C52
Removed Member From Class: ClassName=cd_switching Member=C53
Removed Member From Class: ClassName=cd_switching Member=R63
Removed Member From Class: ClassName=cd_switching Member=R64
Removed Member From Class: ClassName=HV_NETS Member=NetD4_2
Removed Member From Class: ClassName=FB_NETS Member=NetD5_1
Removed Member From Class: ClassName=HV_NETS Member=NetD6_2
Removed Member From Class: ClassName=FB_NETS Member=NetD7_1
Removed Member From Class: ClassName=FB_NETS Member=NetR37_1
Removed Member From Class: ClassName=FB_NETS Member=NetR38_1
Removed Member From Class: ClassName=FB_NETS Member=NetR42_1
Removed Member From Class: ClassName=FB_NETS Member=NetR50_1
Removed Member From Class: ClassName=FB_NETS Member=NetR51_1
Removed Member From Class: ClassName=FB_NETS Member=NetR55_1
Change Component Designator: OldDesignator=C4 NewDesignator=C6
Change Component Designator: OldDesignator=C5 NewDesignator=C7
Change Component Designator: OldDesignator=C6 NewDesignator=C8
Change Component Designator: OldDesignator=C7 NewDesignator=C9
Change Component Designator: OldDesignator=C8 NewDesignator=C10
Change Component Designator: OldDesignator=C9 NewDesignator=C11
Change Component Designator: OldDesignator=C10 NewDesignator=C12
Change Component Designator: OldDesignator=C11 NewDesignator=C13
Change Component Designator: OldDesignator=C12 NewDesignator=C14
Change Component Designator: OldDesignator=C13 NewDesignator=C15
Change Component Designator: OldDesignator=C14 NewDesignator=C16
Change Component Designator: OldDesignator=C15 NewDesignator=C17
Change Component Designator: OldDesignator=C16 NewDesignator=C18
Change Component Designator: OldDesignator=C17 NewDesignator=C19
Change Component Designator: OldDesignator=C18 NewDesignator=C20
Change Component Designator: OldDesignator=C19 NewDesignator=C21
Change Component Designator: OldDesignator=C20 NewDesignator=C22
Change Component Designator: OldDesignator=C21 NewDesignator=C23
Change Component Designator: OldDesignator=C22 NewDesignator=C24
Change Component Designator: OldDesignator=C23 NewDesignator=C25
Change Component Designator: OldDesignator=C24 NewDesignator=C26
Change Component Designator: OldDesignator=C25 NewDesignator=C27
Change Component Designator: OldDesignator=C26 NewDesignator=C28
Change Component Designator: OldDesignator=C27 NewDesignator=C29
Change Component Designator: OldDesignator=C28 NewDesignator=C30
Change Component Designator: OldDesignator=C29 NewDesignator=C31
Change Component Designator: OldDesignator=C30 NewDesignator=C32
Change Component Designator: OldDesignator=C31 NewDesignator=C33
Change Component Designator: OldDesignator=C32 NewDesignator=C34
Change Component Designator: OldDesignator=C33 NewDesignator=C35
Change Component Designator: OldDesignator=C34 NewDesignator=C36
Change Component Designator: OldDesignator=C35 NewDesignator=C37
Change Component Designator: OldDesignator=C36 NewDesignator=C38
Change Component Designator: OldDesignator=C37 NewDesignator=C39
Change Component Designator: OldDesignator=C38 NewDesignator=C40
Change Component Designator: OldDesignator=C39 NewDesignator=C41
Change Component Designator: OldDesignator=C40 NewDesignator=C42
Change Component Designator: OldDesignator=C41 NewDesignator=C43
Change Component Designator: OldDesignator=C42 NewDesignator=C44
Change Component Designator: OldDesignator=C43 NewDesignator=C45
Change Component Designator: OldDesignator=C44 NewDesignator=C46
Change Component Designator: OldDesignator=C45 NewDesignator=C47
Change Component Designator: OldDesignator=C46 NewDesignator=C48
Change Component Designator: OldDesignator=C47 NewDesignator=C49
Change Component Designator: OldDesignator=C48 NewDesignator=C50
Change Component Designator: OldDesignator=C49 NewDesignator=C51
Change Component Designator: OldDesignator=C50 NewDesignator=C52
Change Component Designator: OldDesignator=C51 NewDesignator=C53
Change Component Designator: OldDesignator=C52 NewDesignator=C3
Change Component Designator: OldDesignator=C53 NewDesignator=C4
Change Component Designator: OldDesignator=C54 NewDesignator=C5
Change Component Designator: OldDesignator=D2 NewDesignator=D3
Change Component Designator: OldDesignator=D3 NewDesignator=D4
Change Component Designator: OldDesignator=D4 NewDesignator=D5
Change Component Designator: OldDesignator=D5 NewDesignator=D6
Change Component Designator: OldDesignator=D6 NewDesignator=D7
Change Component Designator: OldDesignator=D7 NewDesignator=D8
Change Component Designator: OldDesignator=D8 NewDesignator=D2
Change Component Designator: OldDesignator=R4 NewDesignator=R7
Change Component Designator: OldDesignator=R5 NewDesignator=R8
Change Component Designator: OldDesignator=R6 NewDesignator=R9
Change Component Designator: OldDesignator=R7 NewDesignator=R10
Change Component Designator: OldDesignator=R8 NewDesignator=R11
Change Component Designator: OldDesignator=R9 NewDesignator=R12
Change Component Designator: OldDesignator=R10 NewDesignator=R13
Change Component Designator: OldDesignator=R11 NewDesignator=R14
Change Component Designator: OldDesignator=R12 NewDesignator=R15
Change Component Designator: OldDesignator=R13 NewDesignator=R16
Change Component Designator: OldDesignator=R14 NewDesignator=R17
Change Component Designator: OldDesignator=R15 NewDesignator=R18
Change Component Designator: OldDesignator=R16 NewDesignator=R19
Change Component Designator: OldDesignator=R17 NewDesignator=R20
Change Component Designator: OldDesignator=R18 NewDesignator=R21
Change Component Designator: OldDesignator=R19 NewDesignator=R22
Change Component Designator: OldDesignator=R20 NewDesignator=R23
Change Component Designator: OldDesignator=R21 NewDesignator=R24
Change Component Designator: OldDesignator=R22 NewDesignator=R25
Change Component Designator: OldDesignator=R23 NewDesignator=R26
Change Component Designator: OldDesignator=R24 NewDesignator=R27
Change Component Designator: OldDesignator=R25 NewDesignator=R28
Change Component Designator: OldDesignator=R26 NewDesignator=R29
Change Component Designator: OldDesignator=R27 NewDesignator=R30
Change Component Designator: OldDesignator=R28 NewDesignator=R31
Change Component Designator: OldDesignator=R29 NewDesignator=R32
Change Component Designator: OldDesignator=R30 NewDesignator=R33
Change Component Designator: OldDesignator=R31 NewDesignator=R34
Change Component Designator: OldDesignator=R32 NewDesignator=R35
Change Component Designator: OldDesignator=R33 NewDesignator=R36
Change Component Designator: OldDesignator=R34 NewDesignator=R37
Change Component Designator: OldDesignator=R35 NewDesignator=R38
Change Component Designator: OldDesignator=R36 NewDesignator=R39
Change Component Designator: OldDesignator=R37 NewDesignator=R40
Change Component Designator: OldDesignator=R38 NewDesignator=R41
Change Component Designator: OldDesignator=R39 NewDesignator=R42
Change Component Designator: OldDesignator=R40 NewDesignator=R43
Change Component Designator: OldDesignator=R41 NewDesignator=R44
Change Component Designator: OldDesignator=R42 NewDesignator=R45
Change Component Designator: OldDesignator=R43 NewDesignator=R46
Change Component Designator: OldDesignator=R44 NewDesignator=R47
Change Component Designator: OldDesignator=R45 NewDesignator=R48
Change Component Designator: OldDesignator=R46 NewDesignator=R49
Change Component Designator: OldDesignator=R47 NewDesignator=R50
Change Component Designator: OldDesignator=R48 NewDesignator=R51
Change Component Designator: OldDesignator=R49 NewDesignator=R52
Change Component Designator: OldDesignator=R50 NewDesignator=R53
Change Component Designator: OldDesignator=R51 NewDesignator=R54
Change Component Designator: OldDesignator=R52 NewDesignator=R55
Change Component Designator: OldDesignator=R53 NewDesignator=R56
Change Component Designator: OldDesignator=R54 NewDesignator=R57
Change Component Designator: OldDesignator=R55 NewDesignator=R58
Change Component Designator: OldDesignator=R56 NewDesignator=R59
Change Component Designator: OldDesignator=R57 NewDesignator=R60
Change Component Designator: OldDesignator=R58 NewDesignator=R61
Change Component Designator: OldDesignator=R59 NewDesignator=R62
Change Component Designator: OldDesignator=R60 NewDesignator=R63
Change Component Designator: OldDesignator=R61 NewDesignator=R64
Change Component Designator: OldDesignator=R62 NewDesignator=R65
Change Component Designator: OldDesignator=R63 NewDesignator=R4
Change Component Designator: OldDesignator=R64 NewDesignator=R5
Change Component Designator: OldDesignator=R65 NewDesignator=R6
Change Component Designator: OldDesignator=U2 NewDesignator=U3
Change Component Designator: OldDesignator=U3 NewDesignator=U4
Change Component Designator: OldDesignator=U4 NewDesignator=U5
Change Component Designator: OldDesignator=U5 NewDesignator=U6
Change Component Designator: OldDesignator=U6 NewDesignator=U7
Change Component Designator: OldDesignator=U7 NewDesignator=U8
Change Component Designator: OldDesignator=U8 NewDesignator=U2
Change Net Name : Old Net Name=NetC21_1 New Net Name=NetC23_1
Change Net Name : Old Net Name=NetC33_2 New Net Name=NetC35_2
Change Net Name : Old Net Name=NetC36_2 New Net Name=NetC38_2
Change Net Name : Old Net Name=NetC37_2 New Net Name=NetC39_2
Change Net Name : Old Net Name=NetC38_2 New Net Name=NetC40_2
Change Net Name : Old Net Name=NetC39_2 New Net Name=NetC41_2
Change Net Name : Old Net Name=NetC42_1 New Net Name=NetC44_1
Change Net Name : Old Net Name=NetC43_1 New Net Name=NetC45_1
Change Net Name : Old Net Name=NetC44_1 New Net Name=NetC46_1
Change Net Name : Old Net Name=NetD2_2 New Net Name=NetD3_2
Change Net Name : Old Net Name=NetD3_2 New Net Name=NetD4_2
Change Net Name : Old Net Name=NetD4_2 New Net Name=NetD5_2
Change Net Name : Old Net Name=NetD5_1 New Net Name=NetD6_1
Change Net Name : Old Net Name=NetD6_2 New Net Name=NetD7_2
Change Net Name : Old Net Name=NetD7_1 New Net Name=NetD8_1
Change Net Name : Old Net Name=NetD8_1 New Net Name=NetD2_1
Change Net Name : Old Net Name=NetR8_2 New Net Name=NetR11_2
Change Net Name : Old Net Name=NetR11_2 New Net Name=NetR14_2
Change Net Name : Old Net Name=NetR36_1 New Net Name=NetR39_1
Change Net Name : Old Net Name=NetR37_1 New Net Name=NetR40_1
Change Net Name : Old Net Name=NetR38_1 New Net Name=NetR41_1
Change Net Name : Old Net Name=NetR39_1 New Net Name=NetR42_1
Change Net Name : Old Net Name=NetR41_1 New Net Name=NetR44_1
Change Net Name : Old Net Name=NetR42_1 New Net Name=NetR45_1
Change Net Name : Old Net Name=NetR45_2 New Net Name=NetR48_2
Change Net Name : Old Net Name=NetR50_1 New Net Name=NetR53_1
Change Net Name : Old Net Name=NetR51_1 New Net Name=NetR54_1
Change Net Name : Old Net Name=NetR52_1 New Net Name=NetR55_1
Change Net Name : Old Net Name=NetR54_1 New Net Name=NetR57_1
Change Net Name : Old Net Name=NetR55_1 New Net Name=NetR58_1
Change Net Name : Old Net Name=NetR59_1 New Net Name=NetR62_1
Change Net Name : Old Net Name=NetR64_2 New Net Name=NetR5_2
Change Net Name : Old Net Name=NetR65_2 New Net Name=NetR6_2
Added Member To Class: ClassName=cd_switching Member=Component C6 ECW-FA2J155J
Added Member To Class: ClassName=cd_switching Member=Component R7 Resistor_0402
Added Member To Class: ClassName=cd_switching Member=Component R8 Resistor_0402
Added Member To Class: ClassName=HV_NETS Member=Wire NetD5_2
Added Member To Class: ClassName=FB_NETS Member=Wire NetD6_1
Added Member To Class: ClassName=HV_NETS Member=Wire NetD7_2
Added Member To Class: ClassName=FB_NETS Member=Wire NetD8_1
Added Member To Class: ClassName=FB_NETS Member=Wire NetR40_1
Added Member To Class: ClassName=FB_NETS Member=Wire NetR44_1
Added Member To Class: ClassName=FB_NETS Member=Wire NetR45_1
Added Member To Class: ClassName=FB_NETS Member=Wire NetR53_1
Added Member To Class: ClassName=FB_NETS Member=Wire NetR57_1
Added Member To Class: ClassName=FB_NETS Member=Wire NetR58_1
