Added Component: Designator=C2(0603_FP)
Add component (AddParameter): Name = "Format"; Value = "0402"; VariantName = "[No Variations]"
Add component (AddParameter): Name = "Package"; Value = "0402"; VariantName = "[No Variations]"
Add component (AddParameter): Name = "Value"; Value = "100 nF"; VariantName = "[No Variations]"
Added Component: Designator=C3(0603_FP)
Add component (AddParameter): Name = "Format"; Value = "0402"; VariantName = "[No Variations]"
Add component (AddParameter): Name = "Package"; Value = "0402"; VariantName = "[No Variations]"
Add component (AddParameter): Name = "Value"; Value = "1 nF"; VariantName = "[No Variations]"
Added Component: Designator=C52(0603_FP)
Add component (AddParameter): Name = "Format"; Value = "0402"; VariantName = "[No Variations]"
Add component (AddParameter): Name = "Package"; Value = "0402"; VariantName = "[No Variations]"
Add component (AddParameter): Name = "Value"; Value = "100 nF"; VariantName = "[No Variations]"
Added Component: Designator=C53(0603_FP)
Add component (AddParameter): Name = "Format"; Value = "0402"; VariantName = "[No Variations]"
Add component (AddParameter): Name = "Package"; Value = "0402"; VariantName = "[No Variations]"
Add component (AddParameter): Name = "Value"; Value = "100 nF"; VariantName = "[No Variations]"
Added Component: Designator=C54(0603_FP)
Add component (AddParameter): Name = "Format"; Value = "0402"; VariantName = "[No Variations]"
Add component (AddParameter): Name = "Package"; Value = "0402"; VariantName = "[No Variations]"
Add component (AddParameter): Name = "Value"; Value = "100 nF"; VariantName = "[No Variations]"
Added Pin To Net: NetName=VBAT Pin=C2-1
Added Pin To Net: NetName=PGND Pin=C2-2
Added Pin To Net: NetName=VBAT Pin=C52-1
Added Pin To Net: NetName=PGND Pin=C52-2
Added Pin To Net: NetName=VBAT Pin=C53-1
Added Pin To Net: NetName=PGND Pin=C53-2
Added Pin To Net: NetName=VBAT Pin=C54-1
Added Pin To Net: NetName=PGND Pin=C54-2
Added Member To Class: ClassName=cd_switching Member=Component C2 Capacitor_0603
Added Member To Class: ClassName=cd_switching Member=Component C3 Capacitor_0603
Added Member To Class: ClassName=cd_switching Member=Component C52 Capacitor_0603
Added Member To Class: ClassName=cd_switching Member=Component C53 Capacitor_0603
Added Member To Class: ClassName=cd_switching Member=Component C54 Capacitor_0603
