Removed Pin From Net: NetName=KILL_SWITCH Pin=J2-2
Removed Pin From Net: NetName=GND Pin=J2-13
Change Footprint: Footprint Not Found FP-0402-SOD-923F-MFG
Added Component: Designator=C54(0402_fp)
Add component (AddParameter): Name = "Format"; Value = "0402"; VariantName = "[No Variations]"
Add component (AddParameter): Name = "Package"; Value = "0402"; VariantName = "[No Variations]"
Add component (AddParameter): Name = "Value"; Value = "100 nF"; VariantName = "[No Variations]"
Added Component: Designator=C55(0402_fp)
Add component (AddParameter): Name = "Format"; Value = "0402"; VariantName = "[No Variations]"
Add component (AddParameter): Name = "Package"; Value = "0402"; VariantName = "[No Variations]"
Add component (AddParameter): Name = "Value"; Value = "100 nF"; VariantName = "[No Variations]"
Added Component: Designator=R68(0402_fp)
Add component (AddParameter): Name = "Package"; Value = "0402"; VariantName = "[No Variations]"
Add component (AddParameter): Name = "Value"; Value = "4.7 kO"; VariantName = "[No Variations]"
Added Component: Designator=R69(0402_fp)
Add component (AddParameter): Name = "Package"; Value = "0402"; VariantName = "[No Variations]"
Add component (AddParameter): Name = "Value"; Value = "4.7 kO"; VariantName = "[No Variations]"
Added Pin To Net: NetName=KILL_SWITCH Pin=C54-1
Added Pin To Net: NetName=DGND Pin=C54-2
Added Pin To Net: NetName=DGND Pin=C55-2
Added Pin To Net: NetName=GND Pin=J2-2
Added Pin To Net: NetName=GND Pin=J2-8
Added Pin To Net: NetName=KILL_SWITCH Pin=J2-13
Added Pin To Net: NetName=KILL_SWITCH Pin=R68-1
Added Pin To Net: NetName=3V3 Pin=R68-2
Added Pin To Net: NetName=3V3 Pin=R69-2
Added Pin To Net: NetName=NRST Pin=C55-1
Added Pin To Net: NetName=NRST Pin=J1-12
Added Pin To Net: NetName=NRST Pin=R69-1
Added Pin To Net: NetName=NRST Pin=U4-7
Added Net: Name=NRST
Added Member To Class: ClassName=logic Member=Component C54 Capacitor_0402
Added Member To Class: ClassName=logic Member=Component C55 Capacitor_0402
Added Member To Class: ClassName=logic Member=Component R68 Resistor_0402
Added Member To Class: ClassName=logic Member=Component R69 Resistor_0402
