Removed Pin From Net: NetName=L_COIL_MOSFET_GATE Pin=R2-2
Removed Pin From Net: NetName=R_COIL_MOSFET_GATE Pin=R3-1
Removed Pin From Net: NetName=IGNT_TRIG_L Pin=U1-2
Removed Pin From Net: NetName=DGND Pin=U1-3
Removed Pin From Net: NetName=IGNT_TRIG_R Pin=U1-4
Removed Pin From Net: NetName=R_COIL_MOSFET_GATE Pin=U1-5
Removed Pin From Net: NetName=VBAT Pin=U1-6
Removed Pin From Net: NetName=L_COIL_MOSFET_GATE Pin=U1-7
Removed Pin From Net: NetName=DGND Pin=U1-9
Change Footprint: Footprint Not Found SOT95P280X145-6N-7
Change Component Comment : Designator=U1 Old Comment=ADP3654ARHZ-RL New Comment=1EDN7511B
Change Managed Component Library Link : Designator=U1 Old VaultGUID=B7D15EC3-160A-466F-A46C-7801FE6295A7 New VaultGUID= Old ItemGUID=70EFA529-E8D1-4DD5-932B-7F303AC49733 New ItemGUID= Old RevisionGUID=3B73857A-B0F3-4C34-BB21-803909967A56 New RevisionGUID=
Change component parameters: Designator = "R3" ("R3"); Footprint = "0603_FP"; UniqueID = "\VNENLOQZ" ("\VNENLOQZ")
Change component parameters (AddParameter): Name = "Format"; Value = "0402"; VariantName = "[No Variations]"
Change component parameters (AddParameter): Name = "Package"; Value = "0402"; VariantName = "[No Variations]"
Change component parameters (AddParameter): Name = "Value"; Value = "120 O"; VariantName = "[No Variations]"
Change component parameters: Designator = "U1" ("U1"); Footprint = "FP-RH-8-1-IPC_C"; UniqueID = "\RXWEQYJM" ("\RXWEQYJM")
Change component parameters (AddParameter): Name = "Manufacturer"; Value = "Infineon Technologies"; VariantName = "[No Variations]"
Change component parameters (AddParameter): Name = "ManufacturerPartNumber"; Value = "1EDN7511B"; VariantName = "[No Variations]"
Change component parameters (AddParameter): Name = "PackageReference"; Value = "PG-SOT23-6-2"; VariantName = "[No Variations]"
Add component: Footprint Not Found CAPC1608X90X35LL15T15
Add component: Footprint Not Found CAPC1608X87X35NL15T15
Add component: Footprint Not Found FP-SOD323-MFG
Added Component: Designator=R63(0603_FP)
Add component (AddParameter): Name = "Format"; Value = "0402"; VariantName = "[No Variations]"
Add component (AddParameter): Name = "Package"; Value = "0402"; VariantName = "[No Variations]"
Add component (AddParameter): Name = "Value"; Value = "470 Ohm"; VariantName = "[No Variations]"
Added Component: Designator=R64(0603_FP)
Add component (AddParameter): Name = "Format"; Value = "0402"; VariantName = "[No Variations]"
Add component (AddParameter): Name = "Package"; Value = "0402"; VariantName = "[No Variations]"
Add component (AddParameter): Name = "Value"; Value = "10 O"; VariantName = "[No Variations]"
Added Component: Designator=R65(0603_FP)
Add component (AddParameter): Name = "Format"; Value = "0402"; VariantName = "[No Variations]"
Add component (AddParameter): Name = "Package"; Value = "0402"; VariantName = "[No Variations]"
Add component (AddParameter): Name = "Value"; Value = "120 O"; VariantName = "[No Variations]"
Add component: Footprint Not Found SOT95P280X145-6N-7
Add Pin To Net: Unknown Pin: Pin C52-1
Add Pin To Net: Unknown Pin: Pin C52-2
Add Pin To Net: Unknown Pin: Pin C53-1
Add Pin To Net: Unknown Pin: Pin C53-2
Add Pin To Net: Unknown Pin: Pin D8-2
Added Pin To Net: NetName=L_COIL_MOSFET_GATE Pin=Q1-1
Added Pin To Net: NetName=R_COIL_MOSFET_GATE Pin=Q2-1
Added Pin To Net: NetName=L_COIL_MOSFET_GATE Pin=R2-1
Added Pin To Net: NetName=L_COIL_MOSFET_GATE Pin=R3-1
Added Pin To Net: NetName=VBAT Pin=R63-2
Added Pin To Net: NetName=R_COIL_MOSFET_GATE Pin=R64-1
Added Pin To Net: NetName=R_COIL_MOSFET_GATE Pin=R65-1
Added Pin To Net: NetName=VBAT Pin=U1-1
Added Pin To Net: NetName=PGND Pin=U1-4
Added Pin To Net: NetName=DGND Pin=U1-5
Added Pin To Net: NetName=IGNT_TRIG_L Pin=U1-6
Add Pin To Net: Unknown Pin: Pin U8-1
Add Pin To Net: Unknown Pin: Pin U8-4
Add Pin To Net: Unknown Pin: Pin U8-5
Add Pin To Net: Unknown Pin: Pin U8-6
Added Pin To Net: NetName=NetD8_1 Pin=R63-1
Added Net: Name=NetD8_1
Added Pin To Net: NetName=NetR2_2 Pin=R2-2
Added Pin To Net: NetName=NetR2_2 Pin=U1-2
Added Net: Name=NetR2_2
Added Pin To Net: NetName=NetR3_2 Pin=R3-2
Added Pin To Net: NetName=NetR3_2 Pin=U1-3
Added Net: Name=NetR3_2
Added Pin To Net: NetName=NetR64_2 Pin=R64-2
Added Net: Name=NetR64_2
Added Pin To Net: NetName=NetR65_2 Pin=R65-2
Added Net: Name=NetR65_2
Add Class Member: Failed to add class member : Component C52 06035C104KAT4A
Add Class Member: Failed to add class member : Component C53 C0603C475K8PACTU
Add Class Member: Failed to add class member : Component D8 BZT52C15S-7-F
Added Member To Class: ClassName=cd_switching Member=Component R63 Resistor_0603
Added Member To Class: ClassName=cd_switching Member=Component R64 Resistor_0603
Added Member To Class: ClassName=cd_switching Member=Component R65 Resistor_0603
Add Class Member: Failed to add class member : Component U8 1EDN7511B
Added Member To Class: ClassName=FB_NETS Member=Wire L_HV_FB
Added Member To Class: ClassName=FB_NETS Member=Wire NetD5_1
Added Member To Class: ClassName=FB_NETS Member=Wire NetR37_1
Added Member To Class: ClassName=FB_NETS Member=Wire NetR38_1
Added Member To Class: ClassName=FB_NETS Member=Wire NetR41_1
Added Member To Class: ClassName=FB_NETS Member=Wire NetR42_1
