Removed Pin From Net: NetName=R_COIL Pin=J2-3
Removed Pin From Net: NetName=5V0 Pin=J2-14
Removed Pin From Net: NetName=GND Pin=J2-16
Removed Pin From Net: NetName=GND Pin=J2-17
Removed Pin From Net: NetName=NetF1_2_1 Pin=J2-18
Removed Pin From Net: NetName=NetJ2_7 Pin=R10-2
Removed Pin From Net: NetName=GND Pin=R14-1
Change Footprint: Cannot match pads with new footprint in component :Q5 Footprint:ONSC-DPAK-3-369C-01_V
Added Pin To Net: NetName=R_COIL Pin=J2-9
Added Pin To Net: NetName=NetF1_2_1 Pin=J2-11
Added Pin To Net: NetName=NetF1_2_1 Pin=J2-12
Added Pin To Net: NetName=GND Pin=J2-13
Added Pin To Net: NetName=GND Pin=J2-14
Added Pin To Net: NetName=5V0 Pin=J2-16
Added Pin To Net: NetName=VBAT_0 Pin=R14-1
Added Pin To Net: NetName=NetJ2_7 Pin=R15-1
Added Pin To Net: NetName=NetJ2_3 Pin=J2-3
Added Pin To Net: NetName=NetJ2_3 Pin=R10-2
Added Net: Name=NetJ2_3
Added Pin To Net: NetName=NetJ2_4 Pin=J2-4
Added Pin To Net: NetName=NetJ2_4 Pin=R6-2
Added Net: Name=NetJ2_4
Added Pin To Net: NetName=NetJ2_17 Pin=J2-17
Added Pin To Net: NetName=NetJ2_17 Pin=Q5-1
Added Pin To Net: NetName=NetJ2_17 Pin=R14-2
Added Pin To Net: NetName=NetJ2_17 Pin=R21-1
Added Pin To Net: NetName=NetJ2_17 Pin=U3-28
Added Net: Name=NetJ2_17
