Removed Pin From Net: NetName=5V0 Pin=C26-1
Removed Pin From Net: NetName=5V0 Pin=C27-1
Removed Pin From Net: NetName=5V0 Pin=C31-1
Removed Pin From Net: NetName=5V0 Pin=C32-1
Removed Pin From Net: NetName=5V0 Pin=C33-1
Removed Pin From Net: NetName=5V0 Pin=C34-1
Removed Pin From Net: NetName=5V0 Pin=J4-4
Removed Pin From Net: NetName=5V0 Pin=U6-3
Removed Pin From Net: NetName=5V0 Pin=U7-3
Change Footprint: Cannot match pads with new footprint in component :Q5 Footprint:ONSC-DPAK-3-369C-01_V
Change Net Name : Old Net Name=5V0 New Net Name=VBAT
Added Pin To Net: NetName=5V0 Pin=C26-1
Added Pin To Net: NetName=5V0 Pin=C27-1
Added Pin To Net: NetName=5V0 Pin=C31-1
Added Pin To Net: NetName=5V0 Pin=C32-1
Added Pin To Net: NetName=5V0 Pin=C33-1
Added Pin To Net: NetName=5V0 Pin=C34-1
Added Pin To Net: NetName=5V0 Pin=J4-4
Added Pin To Net: NetName=5V0 Pin=U6-3
Added Pin To Net: NetName=5V0 Pin=U7-3
Added Net: Name=5V0
