Removed Pin From Net: NetName=NetD8_1 Pin=D8-1
Removed Pin From Net: NetName=PGND Pin=D8-2
Removed Member From Class: ClassName=HV_power Member=D8
Change Footprint: Footprint Not Found FP-0402-SOD-923F-MFG
Change Component Comment : Designator=D6 Old Comment=BZT52B15SH_RRG New Comment=CZRQR3V3B-HF
Change Managed Component Library Link : Designator=D6 Old VaultGUID= New VaultGUID=B7D15EC3-160A-466F-A46C-7801FE6295A7 Old ItemGUID= New ItemGUID=DAC040DC-4286-42D1-909F-83D14A63BB79 Old RevisionGUID= New RevisionGUID=CD39D196-4074-4A01-89CA-75F33555845D
Change component parameters: Designator = "D6" ("D6"); Footprint = "DIO_BZT52B15SH_RRG"; UniqueID = "\BCFYUCVB" ("\BCFYUCVB")
Change component parameters (AddParameter): Name = "Case Code (Imperial)"; Value = "0402"; VariantName = "[No Variations]"
Change component parameters (AddParameter): Name = "Case Code (Metric)"; Value = "1006"; VariantName = "[No Variations]"
Change component parameters (AddParameter): Name = "Case/Package"; Value = "0402"; VariantName = "[No Variations]"
Change component parameters (AddParameter): Name = "Element Configuration"; Value = "Single"; VariantName = "[No Variations]"
Change component parameters (AddParameter): Name = "Impedance"; Value = "95R"; VariantName = "[No Variations]"
Change component parameters (AddParameter): Name = "Max Operating Temperature"; Value = "125°C"; VariantName = "[No Variations]"
Change component parameters (AddParameter): Name = "Max Power Dissipation"; Value = "125mW"; VariantName = "[No Variations]"
Change component parameters (AddParameter): Name = "Max Reverse Leakage Current"; Value = "25uA"; VariantName = "[No Variations]"
Change component parameters (AddParameter): Name = "Min Operating Temperature"; Value = "-55°C"; VariantName = "[No Variations]"
Change component parameters (AddParameter): Name = "Mount"; Value = "Surface Mount"; VariantName = "[No Variations]"
Change component parameters (AddParameter): Name = "Package Quantity"; Value = "5000"; VariantName = "[No Variations]"
Change component parameters (AddParameter): Name = "Packaging"; Value = "Cut Tape"; VariantName = "[No Variations]"
Change component parameters (AddParameter): Name = "Power Dissipation"; Value = "125mW"; VariantName = "[No Variations]"
Change component parameters (AddParameter): Name = "Tolerance"; Value = "5%"; VariantName = "[No Variations]"
Change component parameters (AddParameter): Name = "Zener Current"; Value = "5mA"; VariantName = "[No Variations]"
Change component parameters (AddParameter): Name = "Zener Voltage"; Value = "3.3V"; VariantName = "[No Variations]"
Added Component: Designator=D?(DIO_BZT52B15SH_RRG)
Add component (AddParameter): Name = "Check_prices"; Value = "https://www.snapeda.com/parts/BZT52B15SH%20RRG/Taiwan+Semiconductor+Corporation/view-part/?ref=eda"; VariantName = "[No Variations]"
Add component (AddParameter): Name = "MF"; Value = "Taiwan Semiconductor Corporation"; VariantName = "[No Variations]"
Add component (AddParameter): Name = "MP"; Value = "BZT52B15SH RRG"; VariantName = "[No Variations]"
Add component (AddParameter): Name = "Package"; Value = "SOD-323-2 Taiwan Semiconductor"; VariantName = "[No Variations]"
Add component (AddParameter): Name = "SnapEDA_Link"; Value = "https://www.snapeda.com/parts/BZT52B15SH%20RRG/Taiwan+Semiconductor+Corporation/view-part/?ref=snap"; VariantName = "[No Variations]"
Add component (AddParameter): Name = "Value"; Value = ""; VariantName = "[No Variations]"
Added Pin To Net: NetName=NetD8_1 Pin=D?-1
Added Pin To Net: NetName=PGND Pin=D?-2
Change Net Name : Old Net Name=NetD8_1 New Net Name=NetD?_1
Added Member To Class: ClassName=HV_power Member=Component D? BZT52B15SH_RRG
Added Member To Class: ClassName=FB_NETS Member=Wire L_HV_FB
Added Member To Class: ClassName=FB_NETS Member=Wire NetD6_1
Added Member To Class: ClassName=FB_NETS Member=Wire NetD?_1
Added Member To Class: ClassName=HV_NETS Member=Wire NetQ7_3
Added Member To Class: ClassName=HV_NETS Member=Wire NetQ8_3
Added Member To Class: ClassName=FB_NETS Member=Wire R_HV_FB
