Removed Pin From Net: NetName=VBAT_0 Pin=XF1-2
Removed Member From Class: ClassName=input_output Member=XF1
Change Footprint: Cannot match pads with new footprint in component :Q5 Footprint:ONSC-DPAK-3-369C-01_V
Added Component: Designator=F1(FP-0155-MFG)
Add component (AddParameter): Name = "Automotive"; Value = "No"; VariantName = "[No Variations]"
Add component (AddParameter): Name = "Category"; Value = "Fuse"; VariantName = "[No Variations]"
Add component (AddParameter): Name = "ComponentLink2Description"; Value = "Datasheet"; VariantName = "[No Variations]"
Add component (AddParameter): Name = "ComponentLink2URL"; Value = "https://www.littelfuse.com/~/media/electronics/datasheets/fuses/littelfuse_fuse_154_154t_154l_154tl_datasheet.pdf.pdf"; VariantName = "[No Variations]"
Add component (AddParameter): Name = "Conn Orientation"; Value = "Horizontal"; VariantName = "[No Variations]"
Add component (AddParameter): Name = "Device Class L1"; Value = "Circuit Protection"; VariantName = "[No Variations]"
Add component (AddParameter): Name = "Device Class L2"; Value = "Fuse Holders"; VariantName = "[No Variations]"
Add component (AddParameter): Name = "Device Class L3"; Value = "unset"; VariantName = "[No Variations]"
Add component (AddParameter): Name = "Digikey Description"; Value = "FUSE BLOK CARTRIDGE 125V 10A SMD"; VariantName = "[No Variations]"
Add component (AddParameter): Name = "Fuse Current"; Value = "8A"; VariantName = "[No Variations]"
Add component (AddParameter): Name = "Height"; Value = "3.81mm"; VariantName = "[No Variations]"
Add component (AddParameter): Name = "Lead Free"; Value = "Yes"; VariantName = "[No Variations]"
Add component (AddParameter): Name = "Manufacturer"; Value = "Littelfuse Inc"; VariantName = "[No Variations]"
Add component (AddParameter): Name = "Manufacturer Part Number"; Value = "01550900M"; VariantName = "[No Variations]"
Add component (AddParameter): Name = "Mouser Description"; Value = "Fuse Holder ACS NANO HLDR"; VariantName = "[No Variations]"
Add component (AddParameter): Name = "Number Of Fuses"; Value = "1"; VariantName = "[No Variations]"
Add component (AddParameter): Name = "Octopart"; Value = "https://octopart.com/01550900m-littelfuse-9291575"; VariantName = "[No Variations]"
Add component (AddParameter): Name = "Package"; Value = "0155"; VariantName = "[No Variations]"
Add component (AddParameter): Name = "RoHS"; Value = "TRUE"; VariantName = "[No Variations]"
Add component (AddParameter): Name = "Voltage Rating Ac"; Value = "125V"; VariantName = "[No Variations]"
Added Pin To Net: NetName=VBAT_0 Pin=F1-2
Added Pin To Net: NetName=NetF1_1 Pin=F1-1
Added Pin To Net: NetName=NetF1_1 Pin=J2-1
Added Net: Name=NetF1_1
Added Member To Class: ClassName=input_output Member=Component F1 01550900M
