Removed Pin From Net: NetName=NetR3_2 Pin=R5-1
Removed Pin From Net: NetName=DGND Pin=R5-2
Removed Pin From Net: NetName=DGND Pin=R6-1
Removed Pin From Net: NetName=DGND Pin=R9-2
Removed Pin From Net: NetName=VR_SENSOR_IN1 Pin=U2-2
Removed Pin From Net: NetName=VR_SENSOR_IN2 Pin=U2-3
Removed Pin From Net: NetName=DGND Pin=U2-4
Removed Pin From Net: NetName=5V0 Pin=U2-8
Removed Pin From Net: NetName=NetR3_2 Pin=U8-18
Removed Member From Class: ClassName=input_signal_conditioning Member=R6
Removed Member From Class: ClassName=input_signal_conditioning Member=R8
Removed Member From Class: ClassName=input_signal_conditioning Member=R9
Change Component Footprint: Designator=U2 Old Footprint=ONSC-SOIC-8NB-8-751-07_V New Footprint=FP-E16-1-MFG
Change Footprint: Cannot match pads with new footprint in component :Q5 Footprint:ONSC-DPAK-3-369C-01_V
Change Component Comment : Designator=U2 Old Comment=NCV1124DG New Comment=MAX9926UAEE+
Change Managed Component Library Link : Designator=U2 Old VaultGUID=B7D15EC3-160A-466F-A46C-7801FE6295A7 New VaultGUID=B7D15EC3-160A-466F-A46C-7801FE6295A7 Old ItemGUID=4447D2F8-6BC0-43E6-B944-6C790C271E30 New ItemGUID=F4CA6ECA-081A-42E2-82D5-AD6851D00B05 Old RevisionGUID=8C73B260-7C9E-4390-85DA-8D6F4570D1E8 New RevisionGUID=5E5F87B7-71C5-4DD1-AC56-E968FE066714
Change component parameters: Designator = "R3" ("R3"); Footprint = "0402_fp"; UniqueID = "\HQIOIJOT" ("\HQIOIJOT")
Change component parameters (AddParameter): Name = "Format"; Value = "0402"; VariantName = "[No Variations]"
Change component parameters (AddParameter): Name = "Package"; Value = "0402"; VariantName = "[No Variations]"
Change component parameters (AddParameter): Name = "Value"; Value = "10 kO"; VariantName = "[No Variations]"
Change component parameters: Designator = "R5" ("R5"); Footprint = "0402_fp"; UniqueID = "\PJSWOYZW" ("\PJSWOYZW")
Change component parameters (AddParameter): Name = "Format"; Value = "0402"; VariantName = "[No Variations]"
Change component parameters (AddParameter): Name = "Package"; Value = "0402"; VariantName = "[No Variations]"
Change component parameters (AddParameter): Name = "Value"; Value = "10 kO"; VariantName = "[No Variations]"
Change component parameters: Designator = "U2" ("U2"); Footprint = "ONSC-SOIC-8NB-8-751-07_V"; UniqueID = "\CHPOPPWH" ("\CHPOPPWH")
Change component parameters (AddParameter): Name = "Case/Package"; Value = "QSOP"; VariantName = "[No Variations]"
Change component parameters (AddParameter): Name = "Contact Plating"; Value = "Tin"; VariantName = "[No Variations]"
Change component parameters (AddParameter): Name = "Height"; Value = "0.95mm"; VariantName = "[No Variations]"
Change component parameters (AddParameter): Name = "Length"; Value = "3.05mm"; VariantName = "[No Variations]"
Change component parameters (AddParameter): Name = "Max Operating Temperature"; Value = "125°C"; VariantName = "[No Variations]"
Change component parameters (AddParameter): Name = "Max Power Dissipation"; Value = "771.5mW"; VariantName = "[No Variations]"
Change component parameters (AddParameter): Name = "Max Supply Voltage"; Value = "5.5V"; VariantName = "[No Variations]"
Change component parameters (AddParameter): Name = "Min Operating Temperature"; Value = "-40°C"; VariantName = "[No Variations]"
Change component parameters (AddParameter): Name = "Min Supply Voltage"; Value = "4.5V"; VariantName = "[No Variations]"
Change component parameters (AddParameter): Name = "Number of Channels"; Value = "2"; VariantName = "[No Variations]"
Change component parameters (AddParameter): Name = "Number of Pins"; Value = "16"; VariantName = "[No Variations]"
Change component parameters (AddParameter): Name = "Operating Supply Current"; Value = "10mA"; VariantName = "[No Variations]"
Change component parameters (AddParameter): Name = "Operating Supply Voltage"; Value = "5V"; VariantName = "[No Variations]"
Change component parameters (AddParameter): Name = "Output Type"; Value = "Analog"; VariantName = "[No Variations]"
Change component parameters (AddParameter): Name = "Package Quantity"; Value = "100"; VariantName = "[No Variations]"
Change component parameters (AddParameter): Name = "Packaging"; Value = "Rail/Tube"; VariantName = "[No Variations]"
Change component parameters (AddParameter): Name = "Power Dissipation"; Value = "771mW"; VariantName = "[No Variations]"
Change component parameters (AddParameter): Name = "Radiation Hardening"; Value = "No"; VariantName = "[No Variations]"
Change component parameters (AddParameter): Name = "Weight"; Value = "0.010159oz"; VariantName = "[No Variations]"
Change component parameters (AddParameter): Name = "Width"; Value = "3.05mm"; VariantName = "[No Variations]"
Added Pin To Net: NetName=3V3 Pin=R3-1
Added Pin To Net: NetName=3V3 Pin=R5-1
Added Pin To Net: NetName=NetR3_2 Pin=U2-4
Added Pin To Net: NetName=VR_SENSOR_IN1 Pin=U2-9
Added Pin To Net: NetName=GND Pin=U2-10
Added Pin To Net: NetName=DGND Pin=U2-11
Added Pin To Net: NetName=5V0 Pin=U2-14
Added Pin To Net: NetName=GND Pin=U2-15
Added Pin To Net: NetName=VR_SENSOR_IN1 Pin=U2-16
Added Pin To Net: NetName=NetR3_2 Pin=U8-20
Added Pin To Net: NetName=NetR5_2 Pin=R5-2
Added Pin To Net: NetName=NetR5_2 Pin=U2-5
Added Pin To Net: NetName=NetR5_2 Pin=U8-18
Added Net: Name=NetR5_2
