Removed Member From Class: ClassName=input_output Member=J3
Change Footprint: Cannot match pads with new footprint in component :Q5 Footprint:ONSC-DPAK-3-369C-01_V
Added Component: Designator=J2(JAE_MX23A18NF1)
Add component (AddParameter): Name = "Check_prices"; Value = "https://www.snapeda.com/parts/MX23A18NF1/JAE+Electronics/view-part/?ref=eda"; VariantName = "[No Variations]"
Add component (AddParameter): Name = "MF"; Value = "JAE Electronics"; VariantName = "[No Variations]"
Add component (AddParameter): Name = "MP"; Value = "MX23A18NF1"; VariantName = "[No Variations]"
Add component (AddParameter): Name = "Package"; Value = "None"; VariantName = "[No Variations]"
Add component (AddParameter): Name = "SnapEDA_Link"; Value = "https://www.snapeda.com/parts/MX23A18NF1/JAE+Electronics/view-part/?ref=snap"; VariantName = "[No Variations]"
Add component (AddParameter): Name = "Value"; Value = ""; VariantName = "[No Variations]"
Added Pin To Net: NetName=VBAT_0 Pin=F1-1_1
Added Pin To Net: NetName=VBAT_0 Pin=F1-1_2
Added Pin To Net: NetName=R_COIL Pin=J2-1
Added Pin To Net: NetName=L_COIL Pin=J2-3
Added Pin To Net: NetName=EXT_SENSOR1_I2C_SCL Pin=J2-5
Added Pin To Net: NetName=EXT_SENSOR1_I2C_SDA Pin=J2-6
Added Pin To Net: NetName=5V0 Pin=J2-14
Added Pin To Net: NetName=GND Pin=J2-15
Added Pin To Net: NetName=GND Pin=J2-16
Added Pin To Net: NetName=GND Pin=J2-17
Added Pin To Net: NetName=NetF1_2_1 Pin=J2-18
Added Pin To Net: NetName=NetJ2_7 Pin=J2-7
Added Pin To Net: NetName=NetJ2_7 Pin=R10-2
Added Net: Name=NetJ2_7
Added Pin To Net: NetName=NetJ2_8 Pin=J2-8
Added Pin To Net: NetName=NetJ2_8 Pin=R6-2
Added Net: Name=NetJ2_8
Added Pin To Net: NetName=NetJ2_9 Pin=J2-9
Added Pin To Net: NetName=NetJ2_9 Pin=Q5-1
Added Pin To Net: NetName=NetJ2_9 Pin=R14-2
Added Net: Name=NetJ2_9
Added Pin To Net: NetName=NetJ2_11 Pin=J2-11
Added Pin To Net: NetName=NetJ2_11 Pin=R15-1
Added Net: Name=NetJ2_11
Added Pin To Net: NetName=NetJ2_13 Pin=J2-13
Added Pin To Net: NetName=NetJ2_13 Pin=R21-1
Added Pin To Net: NetName=NetJ2_13 Pin=U3-28
Added Net: Name=NetJ2_13
Added Member To Class: ClassName=input_output Member=Component J2 MX23A18NF1
