Removed Pin From Net: NetName=VBAT_0 Pin=F1-2_1
Removed Pin From Net: NetName=VBAT_0 Pin=F1-2_2
Removed Pin From Net: NetName=GND Pin=J2-2
Removed Pin From Net: NetName=L_COIL Pin=J6-1
Removed Pin From Net: NetName=R_COIL Pin=J6-3
Removed Pin From Net: NetName=5V0 Pin=P1-1
Removed Pin From Net: NetName=EXT_SENSOR1_I2C_SCL Pin=P1-2
Removed Pin From Net: NetName=EXT_SENSOR1_I2C_SDA Pin=P1-5
Removed Pin From Net: NetName=GND Pin=P1-7
Removed Pin From Net: NetName=GND Pin=R45-1
Removed Member From Class: ClassName=input_output Member=J6
Removed Member From Class: ClassName=input_output Member=P1
Removed Member From Class: ClassName=cd_switching Member=R56
Removed Member From Class: ClassName=HV_power Member=R57
Change Component Footprint: Designator=J2 Old Footprint=PHOE-1755736-2_V New Footprint=JAE_MX23A18NF1
Change Footprint: Cannot match pads with new footprint in component :Q5 Footprint:ONSC-DPAK-3-369C-01_V
Change Component Comment : Designator=J2 Old Comment=1755736 New Comment=MX23A18NF1
Change Component Designator: OldDesignator=C10 NewDesignator=C15
Change Component Designator: OldDesignator=C11 NewDesignator=C16
Change Component Designator: OldDesignator=C12 NewDesignator=C27
Change Component Designator: OldDesignator=C13 NewDesignator=C25
Change Component Designator: OldDesignator=C16 NewDesignator=C28
Change Component Designator: OldDesignator=C17 NewDesignator=C32
Change Component Designator: OldDesignator=C18 NewDesignator=C31
Change Component Designator: OldDesignator=C19 NewDesignator=C29
Change Component Designator: OldDesignator=C20 NewDesignator=C30
Change Component Designator: OldDesignator=C21 NewDesignator=C34
Change Component Designator: OldDesignator=C22 NewDesignator=C37
Change Component Designator: OldDesignator=C23 NewDesignator=C38
Change Component Designator: OldDesignator=C24 NewDesignator=C17
Change Component Designator: OldDesignator=C25 NewDesignator=C39
Change Component Designator: OldDesignator=C26 NewDesignator=C40
Change Component Designator: OldDesignator=C27 NewDesignator=C41
Change Component Designator: OldDesignator=C28 NewDesignator=C18
Change Component Designator: OldDesignator=C29 NewDesignator=C19
Change Component Designator: OldDesignator=C30 NewDesignator=C20
Change Component Designator: OldDesignator=C31 NewDesignator=C42
Change Component Designator: OldDesignator=C32 NewDesignator=C43
Change Component Designator: OldDesignator=C33 NewDesignator=C44
Change Component Designator: OldDesignator=C34 NewDesignator=C45
Change Component Designator: OldDesignator=C37 NewDesignator=C13
Change Component Designator: OldDesignator=C38 NewDesignator=C21
Change Component Designator: OldDesignator=C39 NewDesignator=C22
Change Component Designator: OldDesignator=C40 NewDesignator=C24
Change Component Designator: OldDesignator=C41 NewDesignator=C23
Change Component Designator: OldDesignator=C44 NewDesignator=C14
Change Component Designator: OldDesignator=C45 NewDesignator=C26
Change Component Designator: OldDesignator=C46 NewDesignator=C7
Change Component Designator: OldDesignator=C47 NewDesignator=C8
Change Component Designator: OldDesignator=C48 NewDesignator=C9
Change Component Designator: OldDesignator=C49 NewDesignator=C10
Change Component Designator: OldDesignator=C50 NewDesignator=C11
Change Component Designator: OldDesignator=C51 NewDesignator=C33
Change Component Designator: OldDesignator=C52 NewDesignator=C12
Change Component Designator: OldDesignator=D3 NewDesignator=D4
Change Component Designator: OldDesignator=D4 NewDesignator=D6
Change Component Designator: OldDesignator=D5 NewDesignator=D2
Change Component Designator: OldDesignator=D6 NewDesignator=D3
Change Component Designator: OldDesignator=D7 NewDesignator=D1
Change Component Designator: OldDesignator=D8 NewDesignator=D5
Change Component Designator: OldDesignator=D9 NewDesignator=D7
Change Component Designator: OldDesignator=Q3 NewDesignator=Q6
Change Component Designator: OldDesignator=Q4 NewDesignator=Q7
Change Component Designator: OldDesignator=Q6 NewDesignator=Q3
Change Component Designator: OldDesignator=Q7 NewDesignator=Q4
Change Component Designator: OldDesignator=R1 NewDesignator=R2
Change Component Designator: OldDesignator=R2 NewDesignator=R3
Change Component Designator: OldDesignator=R3 NewDesignator=R7
Change Component Designator: OldDesignator=R4 NewDesignator=R6
Change Component Designator: OldDesignator=R5 NewDesignator=R9
Change Component Designator: OldDesignator=R7 NewDesignator=R10
Change Component Designator: OldDesignator=R16 NewDesignator=R23
Change Component Designator: OldDesignator=R17 NewDesignator=R24
Change Component Designator: OldDesignator=R18 NewDesignator=R26
Change Component Designator: OldDesignator=R19 NewDesignator=R27
Change Component Designator: OldDesignator=R20 NewDesignator=R28
Change Component Designator: OldDesignator=R21 NewDesignator=R32
Change Component Designator: OldDesignator=R22 NewDesignator=R4
Change Component Designator: OldDesignator=R23 NewDesignator=R29
Change Component Designator: OldDesignator=R24 NewDesignator=R30
Change Component Designator: OldDesignator=R25 NewDesignator=R31
Change Component Designator: OldDesignator=R26 NewDesignator=R33
Change Component Designator: OldDesignator=R27 NewDesignator=R34
Change Component Designator: OldDesignator=R28 NewDesignator=R44
Change Component Designator: OldDesignator=R29 NewDesignator=R35
Change Component Designator: OldDesignator=R30 NewDesignator=R36
Change Component Designator: OldDesignator=R31 NewDesignator=R37
Change Component Designator: OldDesignator=R32 NewDesignator=R13
Change Component Designator: OldDesignator=R33 NewDesignator=R21
Change Component Designator: OldDesignator=R34 NewDesignator=R22
Change Component Designator: OldDesignator=R35 NewDesignator=R19
Change Component Designator: OldDesignator=R36 NewDesignator=R20
Change Component Designator: OldDesignator=R37 NewDesignator=R18
Change Component Designator: OldDesignator=R38 NewDesignator=R16
Change Component Designator: OldDesignator=R41 NewDesignator=R40
Change Component Designator: OldDesignator=R42 NewDesignator=R41
Change Component Designator: OldDesignator=R43 NewDesignator=R5
Change Component Designator: OldDesignator=R44 NewDesignator=R42
Change Component Designator: OldDesignator=R45 NewDesignator=R14
Change Component Designator: OldDesignator=R46 NewDesignator=R43
Change Component Designator: OldDesignator=R48 NewDesignator=R45
Change Component Designator: OldDesignator=R49 NewDesignator=R46
Change Component Designator: OldDesignator=R50 NewDesignator=R47
Change Component Designator: OldDesignator=R51 NewDesignator=R48
Change Component Designator: OldDesignator=R54 NewDesignator=R15
Change Component Designator: OldDesignator=R55 NewDesignator=R17
Change Component Designator: OldDesignator=R56 NewDesignator=R1
Change Component Designator: OldDesignator=R57 NewDesignator=R25
Change Component Designator: OldDesignator=R58 NewDesignator=R38
Change Component Designator: OldDesignator=RJ2 NewDesignator=RJ1
Change Component Designator: OldDesignator=U8 NewDesignator=U3
Change Managed Component Library Link : Designator=J2 Old VaultGUID=B7D15EC3-160A-466F-A46C-7801FE6295A7 New VaultGUID= Old ItemGUID=3203D238-B372-4A6E-BB4E-E8947E942413 New ItemGUID= Old RevisionGUID=4F8FB512-4369-4CA6-B835-12965AC86D75 New RevisionGUID=
Change component parameters: Designator = "J2" ("J2"); Footprint = "PHOE-1755736-2_V"; UniqueID = "\EPIBUOVB" ("\EPIBUOVB")
Change component parameters (AddParameter): Name = "Check_prices"; Value = "https://www.snapeda.com/parts/MX23A18NF1/JAE+Electronics/view-part/?ref=eda"; VariantName = "[No Variations]"
Change component parameters (AddParameter): Name = "MF"; Value = "JAE Electronics"; VariantName = "[No Variations]"
Change component parameters (AddParameter): Name = "MP"; Value = "MX23A18NF1"; VariantName = "[No Variations]"
Change component parameters (AddParameter): Name = "Package"; Value = "None"; VariantName = "[No Variations]"
Change component parameters (AddParameter): Name = "SnapEDA_Link"; Value = "https://www.snapeda.com/parts/MX23A18NF1/JAE+Electronics/view-part/?ref=snap"; VariantName = "[No Variations]"
Change component parameters (AddParameter): Name = "Value"; Value = ""; VariantName = "[No Variations]"
Change component parameters: Designator = "R54" ("R15"); Footprint = "0402_fp"; UniqueID = "\ENVNLTUA" ("\ENVNLTUA")
Change component parameters (AddParameter): Name = "Package"; Value = "0402"; VariantName = "[No Variations]"
Change component parameters (AddParameter): Name = "Value"; Value = "12 kO"; VariantName = "[No Variations]"
Change component parameters: Designator = "R55" ("R17"); Footprint = "0402_fp"; UniqueID = "\DJHZVGDY" ("\DJHZVGDY")
Change component parameters (AddParameter): Name = "Package"; Value = "0402"; VariantName = "[No Variations]"
Change component parameters (AddParameter): Name = "Value"; Value = "22 kO"; VariantName = "[No Variations]"
Added Component: Designator=R8(0402_fp)
Add component (AddParameter): Name = "Format"; Value = "0402"; VariantName = "[No Variations]"
Add component (AddParameter): Name = "Package"; Value = "0402"; VariantName = "[No Variations]"
Add component (AddParameter): Name = "Value"; Value = "100 O"; VariantName = "[No Variations]"
Added Component: Designator=R11(0402_fp)
Add component (AddParameter): Name = "Format"; Value = "0402"; VariantName = "[No Variations]"
Add component (AddParameter): Name = "Package"; Value = "0402"; VariantName = "[No Variations]"
Add component (AddParameter): Name = "Value"; Value = "100 O"; VariantName = "[No Variations]"
Added Component: Designator=R12(0402_fp)
Add component (AddParameter): Name = "Format"; Value = "0402"; VariantName = "[No Variations]"
Add component (AddParameter): Name = "Package"; Value = "0402"; VariantName = "[No Variations]"
Add component (AddParameter): Name = "Value"; Value = "100 O"; VariantName = "[No Variations]"
Added Pin To Net: NetName=VBAT_0 Pin=F1-1_1
Added Pin To Net: NetName=VBAT_0 Pin=F1-1_2
Added Pin To Net: NetName=L_COIL Pin=J2-1
Added Pin To Net: NetName=EXT_SENSOR1_I2C_SCL Pin=J2-5
Added Pin To Net: NetName=EXT_SENSOR1_I2C_SDA Pin=J2-6
Added Pin To Net: NetName=R_COIL Pin=J2-9
Added Pin To Net: NetName=GND Pin=J2-13
Added Pin To Net: NetName=GND Pin=J2-14
Added Pin To Net: NetName=GND Pin=J2-15
Added Pin To Net: NetName=5V0 Pin=J2-16
Added Pin To Net: NetName=GND Pin=R8-2
Added Pin To Net: NetName=GND Pin=R11-2
Added Pin To Net: NetName=GND Pin=R12-2
Added Pin To Net: NetName=VBAT_0 Pin=R14-1
Change Net Name : Old Net Name=NetC13_2 New Net Name=NetC25_2
Change Net Name : Old Net Name=NetC16_2 New Net Name=NetC28_2
Change Net Name : Old Net Name=NetC18_2 New Net Name=NetC31_2
Change Net Name : Old Net Name=NetC19_2 New Net Name=NetC29_2
Change Net Name : Old Net Name=NetC20_2 New Net Name=NetC30_2
Change Net Name : Old Net Name=NetC21_1 New Net Name=NetC34_1
Change Net Name : Old Net Name=NetC37_1 New Net Name=NetC13_1
Change Net Name : Old Net Name=NetD3_2 New Net Name=NetD4_2
Change Net Name : Old Net Name=NetD4_2 New Net Name=NetD6_2
Change Net Name : Old Net Name=NetD5_2 New Net Name=NetD2_2
Change Net Name : Old Net Name=NetD6_2 New Net Name=NetD3_2
Change Net Name : Old Net Name=NetD7_1 New Net Name=NetD1_1
Change Net Name : Old Net Name=NetD8_1 New Net Name=NetD5_1
Change Net Name : Old Net Name=NetD9_1 New Net Name=NetD7_1
Change Net Name : Old Net Name=NetQ3_1 New Net Name=NetQ6_1
Change Net Name : Old Net Name=NetQ3_3 New Net Name=NetQ6_3
Change Net Name : Old Net Name=NetQ3_4 New Net Name=NetQ6_4
Change Net Name : Old Net Name=NetQ4_1 New Net Name=NetQ7_1
Change Net Name : Old Net Name=NetQ4_3 New Net Name=NetQ7_3
Change Net Name : Old Net Name=NetQ4_4 New Net Name=NetQ7_4
Change Net Name : Old Net Name=NetR3_2 New Net Name=NetR7_2
Change Net Name : Old Net Name=NetR5_2 New Net Name=NetR9_2
Change Net Name : Old Net Name=NetR16_1 New Net Name=NetR23_1
Change Net Name : Old Net Name=NetR17_1 New Net Name=NetR24_1
Change Net Name : Old Net Name=NetR19_1 New Net Name=NetR27_1
Change Net Name : Old Net Name=NetR20_1 New Net Name=NetR28_1
Change Net Name : Old Net Name=NetR25_2 New Net Name=NetR31_2
Change Net Name : Old Net Name=NetR30_1 New Net Name=NetR36_1
Change Net Name : Old Net Name=NetR31_1 New Net Name=NetR37_1
Change Net Name : Old Net Name=NetR34_1 New Net Name=NetR22_1
Change Net Name : Old Net Name=NetR41_1 New Net Name=NetR40_1
Change Net Name : Old Net Name=NetR42_1 New Net Name=NetR41_1
Change Net Name : Old Net Name=NetR48_1 New Net Name=NetR45_1
Change Net Name : Old Net Name=NetR57_1 New Net Name=NetR25_1
Change Net Name : Old Net Name=NetR58_1 New Net Name=NetR38_1
Added Pin To Net: NetName=NetF1_2_1 Pin=F1-2_1
Added Pin To Net: NetName=NetF1_2_1 Pin=F1-2_2
Added Pin To Net: NetName=NetF1_2_1 Pin=J2-11
Added Pin To Net: NetName=NetF1_2_1 Pin=J2-12
Added Net: Name=NetF1_2_1
Added Pin To Net: NetName=NetJ2_3 Pin=J2-3
Added Pin To Net: NetName=NetJ2_3 Pin=R10-2
Added Net: Name=NetJ2_3
Added Pin To Net: NetName=NetJ2_4 Pin=J2-4
Added Pin To Net: NetName=NetJ2_4 Pin=R6-2
Added Net: Name=NetJ2_4
Added Pin To Net: NetName=NetJ2_7 Pin=J2-7
Added Pin To Net: NetName=NetJ2_7 Pin=R15-1
Added Net: Name=NetJ2_7
Added Pin To Net: NetName=NetJ2_17 Pin=J2-17
Added Pin To Net: NetName=NetJ2_17 Pin=Q5-1
Added Pin To Net: NetName=NetJ2_17 Pin=R14-2
Added Pin To Net: NetName=NetJ2_17 Pin=R21-1
Added Pin To Net: NetName=NetJ2_17 Pin=U3-28
Added Net: Name=NetJ2_17
Added Pin To Net: NetName=NetR8_1 Pin=R8-1
Added Pin To Net: NetName=NetR8_1 Pin=U2-8
Added Net: Name=NetR8_1
Added Pin To Net: NetName=NetR11_1 Pin=R11-1
Added Pin To Net: NetName=NetR11_1 Pin=U2-1
Added Net: Name=NetR11_1
Added Pin To Net: NetName=NetR12_1 Pin=R12-1
Added Pin To Net: NetName=NetR12_1 Pin=U2-13
Added Net: Name=NetR12_1
Added Member To Class: ClassName=cd_switching Member=Component R3 Resistor_0603
Added Member To Class: ClassName=input_signal_conditioning Member=Component R8 Resistor_0402
Added Member To Class: ClassName=input_signal_conditioning Member=Component R11 Resistor_0402
Added Member To Class: ClassName=input_signal_conditioning Member=Component R12 Resistor_0402
Added Member To Class: ClassName=HV_power Member=Component R37 Resistor_0603
