Removed Member From Class: ClassName=LV_power Member=C13
Removed Member From Class: ClassName=input_output Member=C15
Removed Member From Class: ClassName=HV_power Member=C19
Removed Member From Class: ClassName=LV_power Member=C22
Removed Member From Class: ClassName=LV_power Member=C24
Removed Member From Class: ClassName=LV_power Member=C26
Removed Member From Class: ClassName=logic Member=C28
Removed Member From Class: ClassName=logic Member=C30
Removed Member From Class: ClassName=HV_power Member=C38
Removed Member From Class: ClassName=logic Member=C38
Removed Member From Class: ClassName=HV_power Member=C42
Removed Member From Class: ClassName=logic Member=C42
Removed Member From Class: ClassName=HV_power Member=C43
Removed Member From Class: ClassName=HV_power Member=C44
Removed Member From Class: ClassName=HV_power Member=D3
Removed Member From Class: ClassName=HV_power Member=Q3
Removed Member From Class: ClassName=HV_power Member=Q4
Removed Member From Class: ClassName=HV_power Member=R5
Removed Member From Class: ClassName=cd_switching Member=R6
Removed Member From Class: ClassName=cd_switching Member=R10
Removed Member From Class: ClassName=HV_power Member=R13
Removed Member From Class: ClassName=logic Member=R13
Removed Member From Class: ClassName=HV_power Member=R14
Removed Member From Class: ClassName=HV_power Member=R16
Removed Member From Class: ClassName=HV_power Member=R20
Removed Member From Class: ClassName=HV_power Member=R22
Removed Member From Class: ClassName=logic Member=R33
Change Footprint: Cannot match pads with new footprint in component :Q5 Footprint:ONSC-DPAK-3-369C-01_V
Added Component: Designator=J4(TE_776266-1)
Add component (AddParameter): Name = "Check_prices"; Value = "https://www.snapeda.com/parts/776266-1/TE+Connectivity+AMP+Connectors/view-part/?ref=eda"; VariantName = "[No Variations]"
Add component (AddParameter): Name = "EU_RoHS_Compliance"; Value = "Compliant"; VariantName = "[No Variations]"
Add component (AddParameter): Name = "MF"; Value = "TE Connectivity"; VariantName = "[No Variations]"
Add component (AddParameter): Name = "MP"; Value = "776266-1"; VariantName = "[No Variations]"
Add component (AddParameter): Name = "Package"; Value = "None"; VariantName = "[No Variations]"
Add component (AddParameter): Name = "SnapEDA_Link"; Value = "https://www.snapeda.com/parts/776266-1/TE+Connectivity+AMP+Connectors/view-part/?ref=snap"; VariantName = "[No Variations]"
Add component (AddParameter): Name = "Value"; Value = ""; VariantName = "[No Variations]"
Added Member To Class: ClassName=input_output Member=Component C10 C1206X104J3GACTU
Added Member To Class: ClassName=logic Member=Component C16 Capacitor_0402
Added Member To Class: ClassName=logic Member=Component C18 Capacitor_0402
Added Member To Class: ClassName=logic Member=Component C20 Capacitor_0402
Added Member To Class: ClassName=logic Member=Component C23 Capacitor_0603
Added Member To Class: ClassName=HV_power Member=Component C27 890283323005CS
Added Member To Class: ClassName=HV_power Member=Component C29 Capacitor_0603
Added Member To Class: ClassName=HV_power Member=Component C31 Capacitor_0603
Added Member To Class: ClassName=HV_power Member=Component C32 890283323005CS
Added Member To Class: ClassName=HV_power Member=Component C33 GRM21BR61C475KA88L
Added Member To Class: ClassName=HV_power Member=Component C34 Capacitor_0603
Added Member To Class: ClassName=LV_power Member=Component C37 CC0805MKX5R8BB226
Added Member To Class: ClassName=LV_power Member=Component C39 0805ZG106ZAT2A
Added Member To Class: ClassName=LV_power Member=Component C40 Capacitor_0603
Added Member To Class: ClassName=LV_power Member=Component C41 Capacitor_0603
Added Member To Class: ClassName=LV_power Member=Component C45 GRM21BR61A476ME15K
Added Member To Class: ClassName=HV_power Member=Component D4 S3JB
Added Member To Class: ClassName=HV_power Member=Component D6 S3JB
Added Member To Class: ClassName=input_output Member=Component J4 776266-1
Added Member To Class: ClassName=HV_power Member=Component Q6 IPD50R280CE
Added Member To Class: ClassName=HV_power Member=Component Q7 IPD50R280CE
Added Member To Class: ClassName=cd_switching Member=Component R1 Resistor_0603
Added Member To Class: ClassName=cd_switching Member=Component R3 Resistor_0603
Added Member To Class: ClassName=cd_switching Member=Component R4 Resistor_0402
Added Member To Class: ClassName=input_signal_conditioning Member=Component R7 Resistor_0402
Added Member To Class: ClassName=logic Member=Component R18 Resistor_0402
Added Member To Class: ClassName=logic Member=Component R21 Resistor_0603
Added Member To Class: ClassName=HV_power Member=Component R23 Resistor_0603
Added Member To Class: ClassName=HV_power Member=Component R24 Resistor_0603
Added Member To Class: ClassName=HV_power Member=Component R25 Resistor_0603
Added Member To Class: ClassName=HV_power Member=Component R26 Resistor_0603
Added Member To Class: ClassName=HV_power Member=Component R27 Resistor_0603
Added Member To Class: ClassName=HV_power Member=Component R29 Resistor_0603
Added Member To Class: ClassName=HV_power Member=Component R31 Resistor_0603
Added Member To Class: ClassName=HV_power Member=Component R32 CSRN2010FK20L0
Added Member To Class: ClassName=HV_power Member=Component R34 Resistor_0603
Added Member To Class: ClassName=HV_power Member=Component R36 Resistor_0603
Added Member To Class: ClassName=HV_power Member=Component R38 Resistor_0603
Added Member To Class: ClassName=HV_power Member=Component R41 Resistor_0603
Added Member To Class: ClassName=HV_power Member=Component R43 Resistor_0603
Added Member To Class: ClassName=HV_power Member=Component R44 CSRN2010FK20L0
Added Member To Class: ClassName=HV_power Member=Component R45 Resistor_0603
