Removed Member From Class: ClassName=input_signal_conditioning Member=R61
Removed Member From Class: ClassName=input_signal_conditioning Member=R62
Change Component Designator: OldDesignator=C7 NewDesignator=C14
Change Component Designator: OldDesignator=C8 NewDesignator=C16
Change Component Designator: OldDesignator=C9 NewDesignator=C17
Change Component Designator: OldDesignator=C10 NewDesignator=C18
Change Component Designator: OldDesignator=C11 NewDesignator=C19
Change Component Designator: OldDesignator=C12 NewDesignator=C20
Change Component Designator: OldDesignator=C13 NewDesignator=C21
Change Component Designator: OldDesignator=C14 NewDesignator=C22
Change Component Designator: OldDesignator=C15 NewDesignator=C23
Change Component Designator: OldDesignator=C16 NewDesignator=C24
Change Component Designator: OldDesignator=C17 NewDesignator=C25
Change Component Designator: OldDesignator=C18 NewDesignator=C26
Change Component Designator: OldDesignator=C19 NewDesignator=C27
Change Component Designator: OldDesignator=C20 NewDesignator=C28
Change Component Designator: OldDesignator=C21 NewDesignator=C29
Change Component Designator: OldDesignator=C22 NewDesignator=C30
Change Component Designator: OldDesignator=C23 NewDesignator=C31
Change Component Designator: OldDesignator=C24 NewDesignator=C32
Change Component Designator: OldDesignator=C25 NewDesignator=C33
Change Component Designator: OldDesignator=C26 NewDesignator=C34
Change Component Designator: OldDesignator=C27 NewDesignator=C35
Change Component Designator: OldDesignator=C28 NewDesignator=C36
Change Component Designator: OldDesignator=C29 NewDesignator=C37
Change Component Designator: OldDesignator=C30 NewDesignator=C38
Change Component Designator: OldDesignator=C31 NewDesignator=C39
Change Component Designator: OldDesignator=C32 NewDesignator=C40
Change Component Designator: OldDesignator=C33 NewDesignator=C41
Change Component Designator: OldDesignator=C34 NewDesignator=C42
Change Component Designator: OldDesignator=C35 NewDesignator=C43
Change Component Designator: OldDesignator=C36 NewDesignator=C44
Change Component Designator: OldDesignator=C37 NewDesignator=C45
Change Component Designator: OldDesignator=C38 NewDesignator=C46
Change Component Designator: OldDesignator=C39 NewDesignator=C47
Change Component Designator: OldDesignator=C40 NewDesignator=C48
Change Component Designator: OldDesignator=C41 NewDesignator=C49
Change Component Designator: OldDesignator=C42 NewDesignator=C50
Change Component Designator: OldDesignator=C43 NewDesignator=C51
Change Component Designator: OldDesignator=C44 NewDesignator=C15
Change Component Designator: OldDesignator=C45 NewDesignator=C7
Change Component Designator: OldDesignator=C46 NewDesignator=C8
Change Component Designator: OldDesignator=C47 NewDesignator=C9
Change Component Designator: OldDesignator=C48 NewDesignator=C10
Change Component Designator: OldDesignator=C49 NewDesignator=C11
Change Component Designator: OldDesignator=C50 NewDesignator=C12
Change Component Designator: OldDesignator=C51 NewDesignator=C13
Change Component Designator: OldDesignator=Q6 NewDesignator=Q7
Change Component Designator: OldDesignator=Q7 NewDesignator=Q8
Change Component Designator: OldDesignator=R10 NewDesignator=R13
Change Component Designator: OldDesignator=R11 NewDesignator=R12
Change Component Designator: OldDesignator=R12 NewDesignator=R14
Change Component Designator: OldDesignator=R13 NewDesignator=R26
Change Component Designator: OldDesignator=R14 NewDesignator=R27
Change Component Designator: OldDesignator=R15 NewDesignator=R30
Change Component Designator: OldDesignator=R16 NewDesignator=R31
Change Component Designator: OldDesignator=R17 NewDesignator=R32
Change Component Designator: OldDesignator=R18 NewDesignator=R33
Change Component Designator: OldDesignator=R19 NewDesignator=R34
Change Component Designator: OldDesignator=R20 NewDesignator=R35
Change Component Designator: OldDesignator=R21 NewDesignator=R15
Change Component Designator: OldDesignator=R22 NewDesignator=R36
Change Component Designator: OldDesignator=R23 NewDesignator=R37
Change Component Designator: OldDesignator=R24 NewDesignator=R38
Change Component Designator: OldDesignator=R25 NewDesignator=R39
Change Component Designator: OldDesignator=R26 NewDesignator=R40
Change Component Designator: OldDesignator=R27 NewDesignator=R41
Change Component Designator: OldDesignator=R28 NewDesignator=R42
Change Component Designator: OldDesignator=R29 NewDesignator=R43
Change Component Designator: OldDesignator=R30 NewDesignator=R44
Change Component Designator: OldDesignator=R31 NewDesignator=R45
Change Component Designator: OldDesignator=R32 NewDesignator=R46
Change Component Designator: OldDesignator=R33 NewDesignator=R47
Change Component Designator: OldDesignator=R34 NewDesignator=R48
Change Component Designator: OldDesignator=R35 NewDesignator=R49
Change Component Designator: OldDesignator=R36 NewDesignator=R50
Change Component Designator: OldDesignator=R37 NewDesignator=R51
Change Component Designator: OldDesignator=R38 NewDesignator=R52
Change Component Designator: OldDesignator=R39 NewDesignator=R53
Change Component Designator: OldDesignator=R40 NewDesignator=R54
Change Component Designator: OldDesignator=R41 NewDesignator=R55
Change Component Designator: OldDesignator=R42 NewDesignator=R56
Change Component Designator: OldDesignator=R43 NewDesignator=R57
Change Component Designator: OldDesignator=R44 NewDesignator=R58
Change Component Designator: OldDesignator=R45 NewDesignator=R59
Change Component Designator: OldDesignator=R46 NewDesignator=R60
Change Component Designator: OldDesignator=R47 NewDesignator=R61
Change Component Designator: OldDesignator=R48 NewDesignator=R62
Change Component Designator: OldDesignator=R49 NewDesignator=R16
Change Component Designator: OldDesignator=R50 NewDesignator=R17
Change Component Designator: OldDesignator=R51 NewDesignator=R18
Change Component Designator: OldDesignator=R52 NewDesignator=R19
Change Component Designator: OldDesignator=R53 NewDesignator=R20
Change Component Designator: OldDesignator=R54 NewDesignator=R21
Change Component Designator: OldDesignator=R55 NewDesignator=R22
Change Component Designator: OldDesignator=R56 NewDesignator=R23
Change Component Designator: OldDesignator=R57 NewDesignator=R24
Change Component Designator: OldDesignator=R58 NewDesignator=R25
Change Component Designator: OldDesignator=R59 NewDesignator=R29
Change Component Designator: OldDesignator=R60 NewDesignator=R28
Change Component Designator: OldDesignator=R61 NewDesignator=R10
Change Component Designator: OldDesignator=R62 NewDesignator=R11
Add Pin To Net: Unknown Pin: Pin Q6-1
Add Pin To Net: Unknown Pin: Pin Q6-2
Change Net Name : Old Net Name=NetC13_1 New Net Name=NetC21_1
Change Net Name : Old Net Name=NetC25_2 New Net Name=NetC33_2
Change Net Name : Old Net Name=NetC28_2 New Net Name=NetC36_2
Change Net Name : Old Net Name=NetC29_2 New Net Name=NetC37_2
Change Net Name : Old Net Name=NetC30_2 New Net Name=NetC38_2
Change Net Name : Old Net Name=NetC31_2 New Net Name=NetC39_2
Change Net Name : Old Net Name=NetC34_1 New Net Name=NetC42_1
Change Net Name : Old Net Name=NetC35_1 New Net Name=NetC43_1
Change Net Name : Old Net Name=NetC36_1 New Net Name=NetC44_1
Change Net Name : Old Net Name=NetQ6_1 New Net Name=NetQ7_1
Change Net Name : Old Net Name=NetQ6_3 New Net Name=NetQ7_3
Change Net Name : Old Net Name=NetQ6_4 New Net Name=NetQ7_4
Change Net Name : Old Net Name=NetQ7_1 New Net Name=NetQ8_1
Change Net Name : Old Net Name=NetQ7_3 New Net Name=NetQ8_3
Change Net Name : Old Net Name=NetQ7_4 New Net Name=NetQ8_4
Change Net Name : Old Net Name=NetR22_1 New Net Name=NetR36_1
Change Net Name : Old Net Name=NetR23_1 New Net Name=NetR37_1
Change Net Name : Old Net Name=NetR24_1 New Net Name=NetR38_1
Change Net Name : Old Net Name=NetR25_1 New Net Name=NetR39_1
Change Net Name : Old Net Name=NetR27_1 New Net Name=NetR41_1
Change Net Name : Old Net Name=NetR28_1 New Net Name=NetR42_1
Change Net Name : Old Net Name=NetR31_2 New Net Name=NetR45_2
Change Net Name : Old Net Name=NetR36_1 New Net Name=NetR50_1
Change Net Name : Old Net Name=NetR37_1 New Net Name=NetR51_1
Change Net Name : Old Net Name=NetR38_1 New Net Name=NetR52_1
Change Net Name : Old Net Name=NetR40_1 New Net Name=NetR54_1
Change Net Name : Old Net Name=NetR41_1 New Net Name=NetR55_1
Change Net Name : Old Net Name=NetR45_1 New Net Name=NetR59_1
Added Pin To Net: NetName=NetQ6_3 Pin=R28-1
Added Net: Name=NetQ6_3
Add Class Member: Failed to add class member : Component Q6 BSS316N
Added Member To Class: ClassName=input_signal_conditioning Member=Component R13 Resistor_0402
Added Member To Class: ClassName=input_signal_conditioning Member=Component R14 Resistor_0402
