Change Component Footprint: Designator=R37 Old Footprint=0603_FP New Footprint=0805_FP
Change Component Footprint: Designator=R38 Old Footprint=0603_FP New Footprint=0805_FP
Change Component Footprint: Designator=R41 Old Footprint=0603_FP New Footprint=0805_FP
Change Component Footprint: Designator=R42 Old Footprint=0603_FP New Footprint=0805_FP
Change Component Footprint: Designator=R43 Old Footprint=0603_FP New Footprint=0805_FP
Change Component Footprint: Designator=R44 Old Footprint=0603_FP New Footprint=0805_FP
Change Component Footprint: Designator=R47 Old Footprint=0603_FP New Footprint=0805_FP
Change Component Footprint: Designator=R48 Old Footprint=0603_FP New Footprint=0805_FP
Change Component Footprint: Designator=R50 Old Footprint=0603_FP New Footprint=0805_FP
Change Component Footprint: Designator=R51 Old Footprint=0603_FP New Footprint=0805_FP
Change Component Footprint: Designator=R54 Old Footprint=0603_FP New Footprint=0805_FP
Change Component Footprint: Designator=R55 Old Footprint=0603_FP New Footprint=0805_FP
Change Component Footprint: Designator=R56 Old Footprint=0603_FP New Footprint=0805_FP
Change Component Footprint: Designator=R57 Old Footprint=0603_FP New Footprint=0805_FP
Change Component Footprint: Designator=R60 Old Footprint=0603_FP New Footprint=0805_FP
Change Component Footprint: Designator=R61 Old Footprint=0603_FP New Footprint=0805_FP
Change Component Comment : Designator=R37 Old Comment=Resistor_0603 New Comment=R_0805
Change Component Comment : Designator=R38 Old Comment=Resistor_0603 New Comment=R_0805
Change Component Comment : Designator=R41 Old Comment=Resistor_0603 New Comment=R_0805
Change Component Comment : Designator=R42 Old Comment=Resistor_0603 New Comment=R_0805
Change Component Comment : Designator=R43 Old Comment=Resistor_0603 New Comment=R_0805
Change Component Comment : Designator=R44 Old Comment=Resistor_0603 New Comment=R_0805
Change Component Comment : Designator=R47 Old Comment=Resistor_0603 New Comment=R_0805
Change Component Comment : Designator=R48 Old Comment=Resistor_0603 New Comment=R_0805
Change Component Comment : Designator=R50 Old Comment=Resistor_0603 New Comment=R_0805
Change Component Comment : Designator=R51 Old Comment=Resistor_0603 New Comment=R_0805
Change Component Comment : Designator=R54 Old Comment=Resistor_0603 New Comment=R_0805
Change Component Comment : Designator=R55 Old Comment=Resistor_0603 New Comment=R_0805
Change Component Comment : Designator=R56 Old Comment=Resistor_0603 New Comment=R_0805
Change Component Comment : Designator=R57 Old Comment=Resistor_0603 New Comment=R_0805
Change Component Comment : Designator=R60 Old Comment=Resistor_0603 New Comment=R_0805
Change Component Comment : Designator=R61 Old Comment=Resistor_0603 New Comment=R_0805
Change component parameters: Designator = "R37" ("R37"); Footprint = "0603_FP"; UniqueID = "\NGVIWHSF" ("\NGVIWHSF")
Change component parameters (AddParameter): Name = "Value"; Value = "1 MO"; VariantName = "[No Variations]"
Change component parameters: Designator = "R38" ("R38"); Footprint = "0603_FP"; UniqueID = "\MURATBWI" ("\MURATBWI")
Change component parameters (AddParameter): Name = "Value"; Value = "1 MO"; VariantName = "[No Variations]"
Change component parameters: Designator = "R41" ("R41"); Footprint = "0603_FP"; UniqueID = "\AKMCVBVQ" ("\AKMCVBVQ")
Change component parameters (AddParameter): Name = "Value"; Value = "1 MO"; VariantName = "[No Variations]"
Change component parameters: Designator = "R42" ("R42"); Footprint = "0603_FP"; UniqueID = "\CJZPARMS" ("\CJZPARMS")
Change component parameters (AddParameter): Name = "Value"; Value = "1 MO"; VariantName = "[No Variations]"
Change component parameters: Designator = "R43" ("R43"); Footprint = "0603_FP"; UniqueID = "\JVWYYENV" ("\JVWYYENV")
Change component parameters (AddParameter): Name = "Value"; Value = "1 MO"; VariantName = "[No Variations]"
Change component parameters: Designator = "R44" ("R44"); Footprint = "0603_FP"; UniqueID = "\HTGMZHVT" ("\HTGMZHVT")
Change component parameters (AddParameter): Name = "Value"; Value = "1 MO"; VariantName = "[No Variations]"
Change component parameters: Designator = "R47" ("R47"); Footprint = "0603_FP"; UniqueID = "\BUVPKBQQ" ("\BUVPKBQQ")
Change component parameters (AddParameter): Name = "Value"; Value = "13.7 kO"; VariantName = "[No Variations]"
Change component parameters: Designator = "R48" ("R48"); Footprint = "0603_FP"; UniqueID = "\NMNDENYM" ("\NMNDENYM")
Change component parameters (AddParameter): Name = "Value"; Value = "13.7 kO"; VariantName = "[No Variations]"
Change component parameters: Designator = "R50" ("R50"); Footprint = "0603_FP"; UniqueID = "\FYWMVDBP" ("\FYWMVDBP")
Change component parameters (AddParameter): Name = "Value"; Value = "1 MO"; VariantName = "[No Variations]"
Change component parameters: Designator = "R51" ("R51"); Footprint = "0603_FP"; UniqueID = "\YOLGLBGI" ("\YOLGLBGI")
Change component parameters (AddParameter): Name = "Value"; Value = "1 MO"; VariantName = "[No Variations]"
Change component parameters: Designator = "R54" ("R54"); Footprint = "0603_FP"; UniqueID = "\WUPXLHDC" ("\WUPXLHDC")
Change component parameters (AddParameter): Name = "Value"; Value = "1 MO"; VariantName = "[No Variations]"
Change component parameters: Designator = "R55" ("R55"); Footprint = "0603_FP"; UniqueID = "\DHLAZJBS" ("\DHLAZJBS")
Change component parameters (AddParameter): Name = "Value"; Value = "1 MO"; VariantName = "[No Variations]"
Change component parameters: Designator = "R56" ("R56"); Footprint = "0603_FP"; UniqueID = "\XBUNQRVK" ("\XBUNQRVK")
Change component parameters (AddParameter): Name = "Value"; Value = "1 MO"; VariantName = "[No Variations]"
Change component parameters: Designator = "R57" ("R57"); Footprint = "0603_FP"; UniqueID = "\TJYNHZOP" ("\TJYNHZOP")
Change component parameters (AddParameter): Name = "Value"; Value = "1 MO"; VariantName = "[No Variations]"
Change component parameters: Designator = "R60" ("R60"); Footprint = "0603_FP"; UniqueID = "\PYLULPSL" ("\PYLULPSL")
Change component parameters (AddParameter): Name = "Value"; Value = "13.7 kO"; VariantName = "[No Variations]"
Change component parameters: Designator = "R61" ("R61"); Footprint = "0603_FP"; UniqueID = "\OOAYAOGB" ("\OOAYAOGB")
Change component parameters (AddParameter): Name = "Value"; Value = "13.7 kO"; VariantName = "[No Variations]"
Add component: Footprint Not Found CAPC1608X90X35NL15T15
Add component: Footprint Not Found CAPC1608X90X35NL15T15
Add component: Footprint Not Found CAPC1608X90X35NL15T15
Add component: Footprint Not Found CAPC1608X90X35NL15T15
Add Pin To Net: Unknown Pin: Pin C2-1
Add Pin To Net: Unknown Pin: Pin C2-2
Add Pin To Net: Unknown Pin: Pin C3-1
Add Pin To Net: Unknown Pin: Pin C3-2
Add Pin To Net: Unknown Pin: Pin C52-1
Add Pin To Net: Unknown Pin: Pin C52-2
Add Pin To Net: Unknown Pin: Pin C53-1
Add Pin To Net: Unknown Pin: Pin C53-2
Add Class Member: Failed to add class member : Component C2 06035C104KAT4A
Add Class Member: Failed to add class member : Component C3 06035C104KAT4A
Add Class Member: Failed to add class member : Component C52 06035C104KAT4A
Add Class Member: Failed to add class member : Component C53 06035C104KAT4A
