Change Footprint: Footprint Not Found FP-0402-SOD-923F-MFG
Change Component Comment : Designator=D6 Old Comment=BZT52B15SH_RRG New Comment=CZRQR3V3B-HF
Change Managed Component Library Link : Designator=D6 Old VaultGUID= New VaultGUID=B7D15EC3-160A-466F-A46C-7801FE6295A7 Old ItemGUID= New ItemGUID=DAC040DC-4286-42D1-909F-83D14A63BB79 Old RevisionGUID= New RevisionGUID=CD39D196-4074-4A01-89CA-75F33555845D
Change component parameters: Designator = "D6" ("D6"); Footprint = "DIO_BZT52B15SH_RRG"; UniqueID = "\BCFYUCVB" ("\BCFYUCVB")
Change component parameters (AddParameter): Name = "Case Code (Imperial)"; Value = "0402"; VariantName = "[No Variations]"
Change component parameters (AddParameter): Name = "Case Code (Metric)"; Value = "1006"; VariantName = "[No Variations]"
Change component parameters (AddParameter): Name = "Case/Package"; Value = "0402"; VariantName = "[No Variations]"
Change component parameters (AddParameter): Name = "Element Configuration"; Value = "Single"; VariantName = "[No Variations]"
Change component parameters (AddParameter): Name = "Impedance"; Value = "95R"; VariantName = "[No Variations]"
Change component parameters (AddParameter): Name = "Max Operating Temperature"; Value = "125°C"; VariantName = "[No Variations]"
Change component parameters (AddParameter): Name = "Max Power Dissipation"; Value = "125mW"; VariantName = "[No Variations]"
Change component parameters (AddParameter): Name = "Max Reverse Leakage Current"; Value = "25uA"; VariantName = "[No Variations]"
Change component parameters (AddParameter): Name = "Min Operating Temperature"; Value = "-55°C"; VariantName = "[No Variations]"
Change component parameters (AddParameter): Name = "Mount"; Value = "Surface Mount"; VariantName = "[No Variations]"
Change component parameters (AddParameter): Name = "Package Quantity"; Value = "5000"; VariantName = "[No Variations]"
Change component parameters (AddParameter): Name = "Packaging"; Value = "Cut Tape"; VariantName = "[No Variations]"
Change component parameters (AddParameter): Name = "Power Dissipation"; Value = "125mW"; VariantName = "[No Variations]"
Change component parameters (AddParameter): Name = "Tolerance"; Value = "5%"; VariantName = "[No Variations]"
Change component parameters (AddParameter): Name = "Zener Current"; Value = "5mA"; VariantName = "[No Variations]"
Change component parameters (AddParameter): Name = "Zener Voltage"; Value = "3.3V"; VariantName = "[No Variations]"
Added Member To Class: ClassName=FB_NETS Member=Wire L_HV_FB
Added Member To Class: ClassName=FB_NETS Member=Wire NetD6_1
Added Member To Class: ClassName=FB_NETS Member=Wire NetD8_1
Added Member To Class: ClassName=HV_NETS Member=Wire NetQ7_3
Added Member To Class: ClassName=HV_NETS Member=Wire NetQ8_3
Added Member To Class: ClassName=HV_NETS Member=Wire R_HV
Added Member To Class: ClassName=FB_NETS Member=Wire R_HV_FB
