Add component: Footprint Not Found CAPC1608X90X35LL15T15
Add component: Footprint Not Found CAPC1608X87X35NL15T15
Add component: Footprint Not Found FP-SOD323-MFG
Add component: Footprint Not Found SOT95P280X145-6N-7
Add component: Footprint Not Found SOT95P280X145-6N-7
Add Pin To Net: Unknown Pin: Pin C52-1
Add Pin To Net: Unknown Pin: Pin C52-2
Add Pin To Net: Unknown Pin: Pin C53-1
Add Pin To Net: Unknown Pin: Pin C53-2
Add Pin To Net: Unknown Pin: Pin D8-1
Add Pin To Net: Unknown Pin: Pin D8-2
Add Pin To Net: Unknown Pin: Pin U1-1
Add Pin To Net: Unknown Pin: Pin U1-2
Add Pin To Net: Unknown Pin: Pin U1-3
Add Pin To Net: Unknown Pin: Pin U1-4
Add Pin To Net: Unknown Pin: Pin U1-5
Add Pin To Net: Unknown Pin: Pin U1-6
Add Pin To Net: Unknown Pin: Pin U8-1
Add Pin To Net: Unknown Pin: Pin U8-2
Add Pin To Net: Unknown Pin: Pin U8-3
Add Pin To Net: Unknown Pin: Pin U8-4
Add Pin To Net: Unknown Pin: Pin U8-5
Add Pin To Net: Unknown Pin: Pin U8-6
Add Class Member: Failed to add class member : Component C52 06035C104KAT4A
Add Class Member: Failed to add class member : Component C53 C0603C475K8PACTU
Add Class Member: Failed to add class member : Component D8 BZT52C15S-7-F
Add Class Member: Failed to add class member : Component U1 1EDN7511B
Add Class Member: Failed to add class member : Component U8 1EDN7511B
