LTspice 24.0.12 for Windows
Circuit: * C:\Users\Andrea\Documents\LTspice\DC_CDI_inputFilter.asc
Start Time: Sat Jan 25 12:34:55 2025
solver = Normal
Maximum thread count: 16
tnom = 27
temp = 27
method = modified trap
Direct Newton iteration failed to find .op point.  (Use ".option noopiter" to skip.)
Starting Gmin stepping
Gmin = 10
Gmin = 1.07374
Gmin = 0.115292
Gmin = 0.0123794
Gmin = 0.00132923
Gmin = 0.000142725
Gmin = 1.5325e-05
vernier = 0.5
vernier = 0.25
Gmin = 6.17815e-06
vernier = 0.125
vernier = 0.0625
vernier = 0.0833333
Gmin = 5.77035e-06
vernier = 0.0416667
vernier = 0.0555555
vernier = 0.0277778
Gmin = 5.47846e-06
vernier = 0.037037
Gmin = 5.0422e-06
vernier = 0.0493827
vernier = 0.0246913
vernier = 0.0329218
Gmin = 4.77065e-06
vernier = 0.0438957
vernier = 0.0219478
Gmin = 4.52914e-06
vernier = 0.0292638
vernier = 0.0390184
vernier = 0.0195092
Gmin = 4.29334e-06
vernier = 0.0260122
vernier = 0.034683
Gmin = 4.03475e-06
vernier = 0.0173415
vernier = 0.023122
Gmin = 3.89188e-06
vernier = 0.0308293
vernier = 0.0154146
vernier = 0.0205529
Gmin = 3.7547e-06
vernier = 0.0274038
vernier = 0.0137019
Gmin = 3.61003e-06
vernier = 0.0182692
vernier = 0.0243589
Gmin = 3.45577e-06
vernier = 0.0121795
Gmin = 3.33209e-06
vernier = 0.0162393
vernier = 0.0216524
Gmin = 3.1901e-06
vernier = 0.0288698
vernier = 0.0144349
Gmin = 3.08283e-06
vernier = 0.0192465
vernier = 0.025662
vernier = 0.012831
Gmin = 2.97618e-06
vernier = 0.017108
vernier = 0.0228107
Gmin = 2.85691e-06
vernier = 0.0114053
vernier = 0.0152071
Gmin = 2.78991e-06
vernier = 0.0202762
vernier = 0.0101381
vernier = 0.0135174
Gmin = 2.72479e-06
vernier = 0.0180232
Gmin = 2.61966e-06
vernier = 0.00901162
vernier = 0.0120155
Gmin = 2.57099e-06
vernier = 0.0160207
vernier = 0.0213609
vernier = 0.0106804
Gmin = 2.49505e-06
vernier = 0.0142406
Gmin = 2.41864e-06
vernier = 0.0189874
vernier = 0.00949371
vernier = 0.0126583
Gmin = 2.36666e-06
vernier = 0.0168777
vernier = 0.00843885
Gmin = 2.31732e-06
vernier = 0.0112518
vernier = 0.0150024
Gmin = 2.2484e-06
vernier = 0.0075012
vernier = 0.0100016
Gmin = 2.20531e-06
vernier = 0.0133355
Gmin = 2.142e-06
vernier = 0.0177806
vernier = 0.0088903
vernier = 0.0118537
Gmin = 2.09886e-06
vernier = 0.015805
vernier = 0.00790249
Gmin = 2.05785e-06
vernier = 0.0105366
vernier = 0.0140489
vernier = 0.00702443
Gmin = 2.01809e-06
vernier = 0.0093659
Gmin = 1.97605e-06
vernier = 0.0124879
vernier = 0.0166505
vernier = 0.00832524
Gmin = 1.93139e-06
vernier = 0.0111003
vernier = 0.0148004
Gmin = 1.88077e-06
vernier = 0.00740021
vernier = 0.00986695
Gmin = 1.85202e-06
vernier = 0.0131559
vernier = 0.00657796
vernier = 0.00877062
Gmin = 1.82384e-06
vernier = 0.0116942
Gmin = 1.77784e-06
vernier = 0.0155922
vernier = 0.0077961
vernier = 0.0103948
Gmin = 1.74639e-06
vernier = 0.0138597
vernier = 0.00692986
Gmin = 1.71643e-06
vernier = 0.00923982
vernier = 0.0123198
vernier = 0.00615988
Gmin = 1.6873e-06
vernier = 0.00821317
Gmin = 1.65644e-06
vernier = 0.0109509
vernier = 0.00547544
vernier = 0.00730059
Gmin = 1.63617e-06
vernier = 0.00973411
vernier = 0.0129788
Gmin = 1.5985e-06
vernier = 0.00648941
vernier = 0.00865254
Gmin = 1.57705e-06
vernier = 0.0115367
vernier = 0.00576836
vernier = 0.00769114
Gmin = 1.55599e-06
vernier = 0.0102549
vernier = 0.00512743
Gmin = 1.5352e-06
vernier = 0.00683657
vernier = 0.00911542
Gmin = 1.50878e-06
vernier = 0.0121539
vernier = 0.00607695
Gmin = 1.48605e-06
vernier = 0.00810259
vernier = 0.0108035
vernier = 0.00540173
Gmin = 1.46392e-06
vernier = 0.0072023
Gmin = 1.4404e-06
vernier = 0.00960307
vernier = 0.00480153
vernier = 0.00640204
Gmin = 1.4238e-06
vernier = 0.00853606
Gmin = 1.39674e-06
vernier = 0.0113814
vernier = 0.0056907
vernier = 0.0075876
Gmin = 1.37898e-06
vernier = 0.0101168
vernier = 0.0050584
Gmin = 1.36253e-06
vernier = 0.00674453
vernier = 0.00899271
vernier = 0.00449635
Gmin = 1.34429e-06
vernier = 0.00599514
Gmin = 1.32629e-06
vernier = 0.00799351
vernier = 0.010658
vernier = 0.00532901
Gmin = 1.30701e-06
vernier = 0.00710534
vernier = 0.00947379
Gmin = 1.28497e-06
vernier = 0.00473689
vernier = 0.00631586
Gmin = 1.27236e-06
vernier = 0.00842114
vernier = 0.00421057
Gmin = 1.25905e-06
vernier = 0.00561409
vernier = 0.00748545
Gmin = 1.23919e-06
vernier = 0.0099806
vernier = 0.0049903
vernier = 0.00665373
Gmin = 1.22486e-06
vernier = 0.00887164
vernier = 0.00443582
Gmin = 1.21069e-06
vernier = 0.00591443
vernier = 0.0078859
Gmin = 1.19264e-06
vernier = 0.00394295
vernier = 0.00525726
Gmin = 1.18289e-06
vernier = 0.00700968
vernier = 0.00934624
vernier = 0.00467312
Gmin = 1.16746e-06
vernier = 0.00623083
Gmin = 1.15166e-06
vernier = 0.00830777
vernier = 0.00415388
vernier = 0.00553851
Gmin = 1.14076e-06
vernier = 0.00738468
vernier = 0.00369234
Gmin = 1.12924e-06
vernier = 0.00492312
vernier = 0.00656416
Gmin = 1.11521e-06
vernier = 0.00875221
vernier = 0.0043761
Gmin = 1.10308e-06
vernier = 0.0058348
vernier = 0.00777973
vernier = 0.00388987
Gmin = 1.09122e-06
vernier = 0.00518649
Gmin = 1.07857e-06
vernier = 0.00691532
vernier = 0.00922042
vernier = 0.00461021
Gmin = 1.06499e-06
vernier = 0.00614694
vernier = 0.00819592
Gmin = 1.04943e-06
vernier = 0.00409796
vernier = 0.00546395
Gmin = 1.04052e-06
vernier = 0.00728526
vernier = 0.00364263
vernier = 0.00485684
Gmin = 1.03172e-06
vernier = 0.00647579
Gmin = 1.01721e-06
vernier = 0.00863438
vernier = 0.00431719
vernier = 0.00575625
Gmin = 1.00721e-06
vernier = 0.007675
vernier = 0.0038375
Gmin = 9.97595e-07
vernier = 0.00511666
vernier = 0.00682222
vernier = 0.00341111
Gmin = 9.88181e-07
vernier = 0.00454814
Gmin = 9.78125e-07
vernier = 0.00606419
vernier = 0.00808559
vernier = 0.00404279
Gmin = 9.67319e-07
vernier = 0.00539039
vernier = 0.00718718
Gmin = 9.54915e-07
vernier = 0.00359359
vernier = 0.00479145
Gmin = 9.47796e-07
vernier = 0.0063886
vernier = 0.0031943
vernier = 0.00425907
Gmin = 9.40761e-07
vernier = 0.00567876
Gmin = 9.29154e-07
vernier = 0.00757167
vernier = 0.00378584
vernier = 0.00504778
Gmin = 9.21132e-07
vernier = 0.00673037
vernier = 0.00336519
Gmin = 9.1342e-07
vernier = 0.00448691
vernier = 0.00598255
Gmin = 9.02478e-07
vernier = 0.00299128
vernier = 0.00398837
Gmin = 8.96873e-07
vernier = 0.00531782
vernier = 0.00709043
vernier = 0.00354521
Gmin = 8.87981e-07
vernier = 0.00472695
Gmin = 8.78851e-07
vernier = 0.0063026
vernier = 0.0031513
vernier = 0.00420173
Gmin = 8.7253e-07
vernier = 0.00560231
vernier = 0.00280115
Gmin = 8.64627e-07
vernier = 0.00373487
Gmin = 8.57395e-07
vernier = 0.00497983
vernier = 0.00663977
vernier = 0.00331988
Gmin = 8.49607e-07
vernier = 0.00442651
vernier = 0.00590201
Gmin = 8.4065e-07
vernier = 0.00295101
vernier = 0.00393467
Gmin = 8.35499e-07
vernier = 0.00524623
vernier = 0.00699497
vernier = 0.00349749
Gmin = 8.27326e-07
vernier = 0.00466331
Gmin = 8.18934e-07
vernier = 0.00621775
vernier = 0.00310887
vernier = 0.00414516
Gmin = 8.13122e-07
vernier = 0.00552688
vernier = 0.00276344
Gmin = 8.07527e-07
vernier = 0.00368459
vernier = 0.00491278
Gmin = 7.99574e-07
vernier = 0.00655038
vernier = 0.00327519
Gmin = 7.93382e-07
vernier = 0.00436692
vernier = 0.00582255
vernier = 0.00291128
Gmin = 7.87058e-07
vernier = 0.0038817
vernier = 0.0051756
Gmin = 7.79776e-07
vernier = 0.0025878
vernier = 0.0034504
Gmin = 7.74917e-07
vernier = 0.00460053
Gmin = 7.66941e-07
vernier = 0.00613404
vernier = 0.00306702
vernier = 0.00408936
Gmin = 7.61669e-07
vernier = 0.00545248
vernier = 0.00272624
Gmin = 7.56755e-07
vernier = 0.00363498
vernier = 0.00484665
Gmin = 7.49006e-07
vernier = 0.00242332
vernier = 0.0032311
Gmin = 7.44634e-07
vernier = 0.00430813
Gmin = 7.37454e-07
vernier = 0.00574417
vernier = 0.00287208
vernier = 0.00382944
Gmin = 7.32706e-07
vernier = 0.00510592
vernier = 0.00255296
Gmin = 7.28278e-07
vernier = 0.00340395
vernier = 0.0045386
Gmin = 7.21292e-07
vernier = 0.00605146
vernier = 0.00302573
vernier = 0.00403431
Gmin = 7.1622e-07
vernier = 0.00537907
vernier = 0.00268954
Gmin = 7.11183e-07
vernier = 0.00358605
vernier = 0.0047814
vernier = 0.0023907
Gmin = 7.06419e-07
vernier = 0.0031876
Gmin = 7.01512e-07
vernier = 0.00425013
vernier = 0.00566684
vernier = 0.00283342
Gmin = 6.96009e-07
vernier = 0.00377789
Gmin = 6.9012e-07
vernier = 0.00503719
vernier = 0.00251859
vernier = 0.00335812
Gmin = 6.86222e-07
vernier = 0.0044775
vernier = 0.00223875
Gmin = 6.81821e-07
vernier = 0.002985
vernier = 0.00397999
Gmin = 6.7667e-07
vernier = 0.00530666
vernier = 0.00265333
Gmin = 6.72198e-07
vernier = 0.00353777
vernier = 0.00471703
vernier = 0.00235851
Gmin = 6.67805e-07
vernier = 0.00314468
Gmin = 6.63098e-07
vernier = 0.00419291
vernier = 0.00559055
vernier = 0.00279527
Gmin = 6.58023e-07
vernier = 0.00372703
vernier = 0.00496937
Gmin = 6.52176e-07
vernier = 0.00248469
vernier = 0.00331291
Gmin = 6.4881e-07
vernier = 0.00441722
vernier = 0.00220861
vernier = 0.00294481
Gmin = 6.45476e-07
vernier = 0.00392641
Gmin = 6.39958e-07
vernier = 0.00523522
vernier = 0.00261761
vernier = 0.00349014
Gmin = 6.36132e-07
vernier = 0.00465352
vernier = 0.00232676
Gmin = 6.32444e-07
vernier = 0.00310235
vernier = 0.00413646
vernier = 0.00206823
Gmin = 6.28493e-07
vernier = 0.00275764
Gmin = 6.24714e-07
vernier = 0.00367685
vernier = 0.00490247
vernier = 0.00245124
Gmin = 6.20472e-07
vernier = 0.00326831
Gmin = 6.15927e-07
vernier = 0.00435775
vernier = 0.00217887
vernier = 0.00290517
Gmin = 6.12916e-07
vernier = 0.00387355
vernier = 0.00516474
Gmin = 6.07257e-07
vernier = 0.00258237
vernier = 0.00344316
Gmin = 6.04e-07
vernier = 0.00459087
vernier = 0.00229544
vernier = 0.00306058
Gmin = 6.00774e-07
vernier = 0.00408078
vernier = 0.00204039
Gmin = 5.97566e-07
vernier = 0.00272052
vernier = 0.00362735
Gmin = 5.9345e-07
vernier = 0.00483647
vernier = 0.00241824
Gmin = 5.89875e-07
vernier = 0.00322431
vernier = 0.00429908
vernier = 0.00214954
Gmin = 5.8636e-07
vernier = 0.00286605
Gmin = 5.82592e-07
vernier = 0.00382141
vernier = 0.0019107
vernier = 0.0025476
Gmin = 5.79909e-07
vernier = 0.0033968
Gmin = 5.75495e-07
vernier = 0.00452907
vernier = 0.00226453
vernier = 0.00301938
Gmin = 5.72572e-07
vernier = 0.00402584
vernier = 0.00201292
Gmin = 5.69842e-07
vernier = 0.00268389
vernier = 0.00357852
Gmin = 5.65527e-07
vernier = 0.00477136
vernier = 0.00238568
vernier = 0.00318091
Gmin = 5.62388e-07
vernier = 0.00424121
vernier = 0.0021206
Gmin = 5.59268e-07
vernier = 0.00282747
vernier = 0.00376996
vernier = 0.00188498
Gmin = 5.56311e-07
vernier = 0.00251331
Gmin = 5.53262e-07
vernier = 0.00335107
vernier = 0.0044681
vernier = 0.00223405
Gmin = 5.49837e-07
vernier = 0.00297873
Gmin = 5.46165e-07
vernier = 0.00397164
vernier = 0.00198582
vernier = 0.00264776
Gmin = 5.43731e-07
vernier = 0.00353034
vernier = 0.00176517
Gmin = 5.41218e-07
vernier = 0.00235356
vernier = 0.00313808
Gmin = 5.37807e-07
vernier = 0.00418411
vernier = 0.00209205
Gmin = 5.35142e-07
vernier = 0.00278941
vernier = 0.00371921
vernier = 0.0018596
Gmin = 5.32413e-07
vernier = 0.00247947
vernier = 0.00330596
Gmin = 5.29261e-07
vernier = 0.00440794
vernier = 0.00220397
Gmin = 5.26209e-07
vernier = 0.00293863
vernier = 0.00391817
vernier = 0.00195909
Gmin = 5.23318e-07
vernier = 0.00261211
Gmin = 5.20337e-07
vernier = 0.00348282
vernier = 0.00174141
vernier = 0.00232188
Gmin = 5.18266e-07
vernier = 0.00309584
Gmin = 5.14669e-07
vernier = 0.00412778
vernier = 0.00206389
vernier = 0.00275185
Gmin = 5.12286e-07
vernier = 0.00366914
vernier = 0.00183457
Gmin = 5.10059e-07
vernier = 0.00244609
vernier = 0.00326145
Gmin = 5.06537e-07
vernier = 0.0043486
vernier = 0.0021743
vernier = 0.00289907
Gmin = 5.03975e-07
vernier = 0.00386542
vernier = 0.00193271
Gmin = 5.01425e-07
vernier = 0.00257695
vernier = 0.00343593
vernier = 0.00171796
Gmin = 4.99009e-07
vernier = 0.00229062
Gmin = 4.96516e-07
vernier = 0.00305416
vernier = 0.00407221
vernier = 0.0020361
Gmin = 4.93713e-07
vernier = 0.00271481
Gmin = 4.90707e-07
vernier = 0.00361974
vernier = 0.00180987
vernier = 0.00241316
Gmin = 4.88714e-07
vernier = 0.00321754
vernier = 0.00160877
Gmin = 4.86655e-07
vernier = 0.00214503
vernier = 0.00286004
Gmin = 4.83858e-07
vernier = 0.00381338
vernier = 0.00190669
Gmin = 4.81673e-07
vernier = 0.00254226
vernier = 0.00338967
vernier = 0.00169484
Gmin = 4.79434e-07
vernier = 0.00225978
vernier = 0.00301304
Gmin = 4.76846e-07
vernier = 0.00401739
vernier = 0.00200869
Gmin = 4.74339e-07
vernier = 0.00267826
vernier = 0.00357101
vernier = 0.0017855
Gmin = 4.71964e-07
vernier = 0.00238067
Gmin = 4.69513e-07
vernier = 0.00317423
vernier = 0.00158711
vernier = 0.00211615
Gmin = 4.67809e-07
vernier = 0.00282153
Gmin = 4.64849e-07
vernier = 0.00376205
vernier = 0.00188102
vernier = 0.00250803
Gmin = 4.62886e-07
vernier = 0.00334404
vernier = 0.00167202
Gmin = 4.61052e-07
vernier = 0.00222936
vernier = 0.00297248
vernier = 0.00148624
Gmin = 4.59002e-07
vernier = 0.00198165
Gmin = 4.5696e-07
vernier = 0.0026422
vernier = 0.00352293
vernier = 0.00176147
Gmin = 4.54753e-07
vernier = 0.00234862
vernier = 0.0031315
Gmin = 4.52202e-07
vernier = 0.00156575
vernier = 0.00208766
Gmin = 4.50729e-07
vernier = 0.00278355
vernier = 0.0037114
vernier = 0.0018557
Gmin = 4.48384e-07
vernier = 0.00247427
Gmin = 4.45964e-07
vernier = 0.00329902
vernier = 0.00164951
vernier = 0.00219935
Gmin = 4.44282e-07
vernier = 0.00293246
vernier = 0.00146623
Gmin = 4.42495e-07
vernier = 0.00195497
vernier = 0.00260663
Gmin = 4.40302e-07
vernier = 0.00347551
vernier = 0.00173775
Gmin = 4.38394e-07
vernier = 0.002317
vernier = 0.00308934
vernier = 0.00154467
Gmin = 4.36515e-07
vernier = 0.00205956
Gmin = 4.34497e-07
vernier = 0.00274608
vernier = 0.00366143
vernier = 0.00183072
Gmin = 4.32316e-07
vernier = 0.00244096
vernier = 0.00325461
Gmin = 4.29796e-07
vernier = 0.0016273
vernier = 0.00216974
Gmin = 4.28342e-07
vernier = 0.00289298
vernier = 0.00144649
vernier = 0.00192865
Gmin = 4.26899e-07
vernier = 0.00257154
Gmin = 4.24505e-07
vernier = 0.00342872
vernier = 0.00171436
vernier = 0.00228581
Gmin = 4.22841e-07
vernier = 0.00304775
vernier = 0.00152387
Gmin = 4.21233e-07
vernier = 0.00203183
vernier = 0.00270911
Gmin = 4.1894e-07
vernier = 0.00135455
vernier = 0.00180607
Gmin = 4.1776e-07
vernier = 0.00240809
vernier = 0.00321079
vernier = 0.0016054
Gmin = 4.15878e-07
vernier = 0.00214053
Gmin = 4.13936e-07
vernier = 0.00285403
vernier = 0.00142702
vernier = 0.00190269
Gmin = 4.12585e-07
vernier = 0.00253692
Gmin = 4.10237e-07
vernier = 0.00338256
vernier = 0.00169128
vernier = 0.00225504
Gmin = 4.08679e-07
vernier = 0.00300672
vernier = 0.00150336
Gmin = 4.07223e-07
vernier = 0.00200448
vernier = 0.00267264
vernier = 0.00133632
Gmin = 4.05594e-07
vernier = 0.00178176
Gmin = 4.03972e-07
vernier = 0.00237567
vernier = 0.00316757
vernier = 0.00158378
Gmin = 4.02217e-07
vernier = 0.00211171
vernier = 0.00281561
Gmin = 4.00187e-07
vernier = 0.00140781
vernier = 0.00187707
Gmin = 3.99015e-07
vernier = 0.00250276
vernier = 0.00333702
vernier = 0.00166851
Gmin = 3.97148e-07
vernier = 0.00222468
Gmin = 3.9522e-07
vernier = 0.00296624
vernier = 0.00148312
vernier = 0.00197749
Gmin = 3.9388e-07
vernier = 0.00263665
vernier = 0.00131833
Gmin = 3.92584e-07
vernier = 0.00175777
vernier = 0.00234369
Gmin = 3.90734e-07
vernier = 0.00312492
vernier = 0.00156246
Gmin = 3.89287e-07
vernier = 0.00208328
vernier = 0.00277771
vernier = 0.00138885
Gmin = 3.87804e-07
vernier = 0.0018518
vernier = 0.00246907
Gmin = 3.86087e-07
vernier = 0.00329209
vernier = 0.00164605
Gmin = 3.84423e-07
vernier = 0.00219473
vernier = 0.0029263
vernier = 0.00146315
Gmin = 3.82845e-07
vernier = 0.00195087
Gmin = 3.81215e-07
vernier = 0.00260116
vernier = 0.00130058
vernier = 0.00173411
Gmin = 3.80081e-07
vernier = 0.00231214
Gmin = 3.78109e-07
vernier = 0.00308285
vernier = 0.00154143
vernier = 0.00205523
Gmin = 3.768e-07
vernier = 0.00274031
vernier = 0.00137016
Gmin = 3.75576e-07
vernier = 0.00182687
vernier = 0.00243583
vernier = 0.00121792
Gmin = 3.74207e-07
vernier = 0.00162389
Gmin = 3.72842e-07
vernier = 0.00216518
vernier = 0.00288691
vernier = 0.00144345
Gmin = 3.71366e-07
vernier = 0.00192461
vernier = 0.00256614
Gmin = 3.69658e-07
vernier = 0.00128307
vernier = 0.00171076
Gmin = 3.68671e-07
vernier = 0.00228101
vernier = 0.00304135
vernier = 0.00152067
Gmin = 3.67098e-07
vernier = 0.00202757
Gmin = 3.65474e-07
vernier = 0.00270342
vernier = 0.00135171
vernier = 0.00180228
Gmin = 3.64344e-07
vernier = 0.00240304
vernier = 0.00120152
Gmin = 3.63142e-07
vernier = 0.00160203
vernier = 0.00213603
Gmin = 3.61667e-07
vernier = 0.00284804
vernier = 0.00142402
Gmin = 3.60382e-07
vernier = 0.0018987
vernier = 0.00253159
vernier = 0.0012658
Gmin = 3.59116e-07
vernier = 0.00168773
Gmin = 3.57755e-07
vernier = 0.0022503
vernier = 0.0030004
vernier = 0.0015002
Gmin = 3.56282e-07
vernier = 0.00200027
vernier = 0.00266702
Gmin = 3.54579e-07
vernier = 0.00133351
vernier = 0.00177802
Gmin = 3.53596e-07
vernier = 0.00237069
vernier = 0.00118534
vernier = 0.00158046
Gmin = 3.52619e-07
vernier = 0.00210728
Gmin = 3.50998e-07
vernier = 0.0028097
vernier = 0.00140485
vernier = 0.00187313
Gmin = 3.4987e-07
vernier = 0.00249751
vernier = 0.00124876
Gmin = 3.4878e-07
vernier = 0.00166501
vernier = 0.00222001
Gmin = 3.47223e-07
vernier = 0.00296001
vernier = 0.00148001
Gmin = 3.46005e-07
vernier = 0.00197334
vernier = 0.00263112
vernier = 0.00131556
Gmin = 3.44755e-07
vernier = 0.00175408
vernier = 0.00233877
Gmin = 3.4331e-07
vernier = 0.00116939
vernier = 0.00155918
Gmin = 3.42475e-07
vernier = 0.00207891
vernier = 0.00277188
vernier = 0.00138594
Gmin = 3.41143e-07
vernier = 0.00184792
Gmin = 3.39767e-07
vernier = 0.00246389
vernier = 0.00123194
vernier = 0.00164259
Gmin = 3.38809e-07
vernier = 0.00219012
vernier = 0.00109506
Gmin = 3.37791e-07
vernier = 0.00146008
vernier = 0.00194677
Gmin = 3.3654e-07
vernier = 0.0025957
vernier = 0.00129785
Gmin = 3.3545e-07
vernier = 0.00173046
vernier = 0.00230729
vernier = 0.00115364
Gmin = 3.34375e-07
vernier = 0.00153819
Gmin = 3.3322e-07
vernier = 0.00205092
vernier = 0.00273456
vernier = 0.00136728
Gmin = 3.3197e-07
vernier = 0.00182304
vernier = 0.00243072
Gmin = 3.30523e-07
vernier = 0.00121536
vernier = 0.00162048
Gmin = 3.29688e-07
vernier = 0.00216064
vernier = 0.00108032
Gmin = 3.28799e-07
vernier = 0.00144042
vernier = 0.00192057
Gmin = 3.2746e-07
vernier = 0.00256075
vernier = 0.00128038
vernier = 0.00170717
Gmin = 3.26483e-07
vernier = 0.00227622
vernier = 0.00113811
Gmin = 3.25509e-07
vernier = 0.00151748
vernier = 0.00202331
Gmin = 3.24257e-07
vernier = 0.00269774
vernier = 0.00134887
Gmin = 3.23165e-07
vernier = 0.0017985
vernier = 0.00239799
vernier = 0.001199
Gmin = 3.2209e-07
vernier = 0.00159866
Gmin = 3.20933e-07
vernier = 0.00213155
vernier = 0.00106577
vernier = 0.00142103
Gmin = 3.20165e-07
vernier = 0.00189471
vernier = 0.00252628
Gmin = 3.18715e-07
vernier = 0.00126314
vernier = 0.00168419
Gmin = 3.17878e-07
vernier = 0.00224558
vernier = 0.00112279
vernier = 0.00149705
Gmin = 3.17046e-07
vernier = 0.00199607
Gmin = 3.15665e-07
vernier = 0.00266143
vernier = 0.00133071
vernier = 0.00177428
Gmin = 3.14704e-07
vernier = 0.00236571
vernier = 0.00118286
Gmin = 3.13775e-07
vernier = 0.00157714
vernier = 0.00210285
vernier = 0.00105143
Gmin = 3.12859e-07
vernier = 0.0014019
Gmin = 3.11874e-07
vernier = 0.0018692
vernier = 0.00249227
vernier = 0.00124613
Gmin = 3.10807e-07
vernier = 0.00166151
vernier = 0.00221535
Gmin = 3.09573e-07
vernier = 0.00110767
vernier = 0.0014769
Gmin = 3.08859e-07
vernier = 0.0019692
vernier = 0.0026256
vernier = 0.0013128
Gmin = 3.07721e-07
vernier = 0.0017504
Gmin = 3.06545e-07
vernier = 0.00233386
vernier = 0.00116693
vernier = 0.00155591
Gmin = 3.05727e-07
vernier = 0.00207454
vernier = 0.00103727
Gmin = 3.04935e-07
vernier = 0.00138303
vernier = 0.00184404
Gmin = 3.03804e-07
vernier = 0.00245872
vernier = 0.00122936
Gmin = 3.02918e-07
vernier = 0.00163914
vernier = 0.00218552
vernier = 0.00109276
Gmin = 3.0201e-07
vernier = 0.00145702
vernier = 0.00194269
Gmin = 3.00957e-07
vernier = 0.000971344
vernier = 0.00129512
Gmin = 3.00252e-07
vernier = 0.00172683
Gmin = 2.99088e-07
vernier = 0.00230244
vernier = 0.00115122
vernier = 0.00153496
Gmin = 2.98314e-07
vernier = 0.00204661
vernier = 0.00102331
Gmin = 2.9759e-07
vernier = 0.00136441
vernier = 0.00181921
Gmin = 2.96442e-07
vernier = 0.00242562
vernier = 0.00121281
vernier = 0.00161708
Gmin = 2.95605e-07
vernier = 0.0021561
vernier = 0.00107805
Gmin = 2.9477e-07
vernier = 0.0014374
vernier = 0.00191653
Gmin = 2.93695e-07
vernier = 0.000958267
vernier = 0.00127769
Gmin = 2.93109e-07
vernier = 0.00170358
vernier = 0.00227145
vernier = 0.00113572
Gmin = 2.92175e-07
vernier = 0.0015143
Gmin = 2.91208e-07
vernier = 0.00201906
vernier = 0.00100953
vernier = 0.00134604
Gmin = 2.90536e-07
vernier = 0.00179472
Gmin = 2.89365e-07
vernier = 0.00239296
vernier = 0.00119648
vernier = 0.00159531
Gmin = 2.88587e-07
vernier = 0.00212707
vernier = 0.00106354
Gmin = 2.87859e-07
vernier = 0.00141805
vernier = 0.00189073
vernier = 0.000945366
Gmin = 2.87044e-07
vernier = 0.00126049
Gmin = 2.86231e-07
vernier = 0.00168065
vernier = 0.00224087
vernier = 0.00112043
Gmin = 2.85351e-07
vernier = 0.00149391
vernier = 0.00199188
Gmin = 2.84332e-07
vernier = 0.00099594
vernier = 0.00132792
Gmin = 2.83742e-07
vernier = 0.00177056
vernier = 0.00236074
vernier = 0.00118037
Gmin = 2.82802e-07
vernier = 0.00157383
Gmin = 2.8183e-07
vernier = 0.00209844
vernier = 0.00104922
vernier = 0.00139896
Gmin = 2.81154e-07
vernier = 0.00186528
vernier = 0.000932639
Gmin = 2.80499e-07
vernier = 0.00124352
vernier = 0.00165802
Gmin = 2.79563e-07
vernier = 0.0022107
vernier = 0.00110535
Gmin = 2.78831e-07
vernier = 0.0014738
vernier = 0.00196506
vernier = 0.000982532
Gmin = 2.78078e-07
vernier = 0.00131004
vernier = 0.00174672
Gmin = 2.77207e-07
vernier = 0.00232896
vernier = 0.00116448
Gmin = 2.76361e-07
vernier = 0.00155264
vernier = 0.00207019
vernier = 0.00103509
Gmin = 2.75558e-07
vernier = 0.00138013
Gmin = 2.74727e-07
vernier = 0.00184017
vernier = 0.000920083
vernier = 0.00122678
Gmin = 2.74149e-07
vernier = 0.0016357
Gmin = 2.73142e-07
vernier = 0.00218094
vernier = 0.00109047
vernier = 0.00145396
Gmin = 2.72473e-07
vernier = 0.00193861
vernier = 0.000969305
Gmin = 2.71846e-07
vernier = 0.00129241
vernier = 0.00172321
Gmin = 2.70853e-07
vernier = 0.00229761
vernier = 0.0011488
vernier = 0.00153174
Gmin = 2.70128e-07
vernier = 0.00204232
vernier = 0.00102116
Gmin = 2.69405e-07
vernier = 0.00136155
vernier = 0.00181539
vernier = 0.000907697
Gmin = 2.68718e-07
vernier = 0.00121026
Gmin = 2.68008e-07
vernier = 0.00161368
vernier = 0.00215158
vernier = 0.00107579
Gmin = 2.67207e-07
vernier = 0.00143438
Gmin = 2.66346e-07
vernier = 0.00191251
vernier = 0.000956255
vernier = 0.00127501
Gmin = 2.65774e-07
vernier = 0.00170001
vernier = 0.00226668
Gmin = 2.64694e-07
vernier = 0.00113334
vernier = 0.00151112
Gmin = 2.6407e-07
vernier = 0.00201482
vernier = 0.00100741
vernier = 0.00134322
Gmin = 2.6345e-07
vernier = 0.00179095
vernier = 0.000895477
Gmin = 2.62831e-07
vernier = 0.00119397
vernier = 0.00159196
Gmin = 2.62035e-07
vernier = 0.00212261
vernier = 0.0010613
Gmin = 2.61341e-07
vernier = 0.00141507
vernier = 0.00188676
vernier = 0.000943382
Gmin = 2.60656e-07
vernier = 0.00125784
Gmin = 2.5992e-07
vernier = 0.00167712
vernier = 0.000838561
Gmin = 2.59321e-07
vernier = 0.00111808
vernier = 0.00149077
Gmin = 2.58501e-07
vernier = 0.0019877
vernier = 0.000993849
vernier = 0.00132513
Gmin = 2.57902e-07
vernier = 0.00176684
vernier = 0.000883421
Gmin = 2.57305e-07
vernier = 0.00117789
vernier = 0.00157053
Gmin = 2.56536e-07
vernier = 0.00209403
vernier = 0.00104702
Gmin = 2.55865e-07
vernier = 0.00139602
vernier = 0.00186136
vernier = 0.000930681
Gmin = 2.55204e-07
vernier = 0.00124091
Gmin = 2.54493e-07
vernier = 0.00165454
vernier = 0.000827272
vernier = 0.00110303
Gmin = 2.53984e-07
vernier = 0.0014707
Gmin = 2.53145e-07
vernier = 0.00196094
vernier = 0.00098047
vernier = 0.00130729
Gmin = 2.52588e-07
vernier = 0.00174306
vernier = 0.000871528
Gmin = 2.52066e-07
vernier = 0.00116204
vernier = 0.00154938
Gmin = 2.51237e-07
vernier = 0.00206584
vernier = 0.00103292
vernier = 0.00137723
Gmin = 2.50632e-07
vernier = 0.0018363
vernier = 0.000918152
Gmin = 2.50029e-07
vernier = 0.0012242
vernier = 0.00163227
Gmin = 2.49253e-07
vernier = 0.000816135
vernier = 0.00108818
Gmin = 2.48829e-07
vernier = 0.00145091
vernier = 0.00193454
vernier = 0.00096727
Gmin = 2.48153e-07
vernier = 0.00128969
Gmin = 2.47454e-07
vernier = 0.00171959
vernier = 0.000859795
vernier = 0.00114639
Gmin = 2.46967e-07
vernier = 0.00152852
Gmin = 2.46119e-07
vernier = 0.00203803
vernier = 0.00101902
vernier = 0.00135869
Gmin = 2.45556e-07
vernier = 0.00181158
vernier = 0.000905791
Gmin = 2.45028e-07
vernier = 0.00120772
vernier = 0.00161029
vernier = 0.000805147
Gmin = 2.44437e-07
vernier = 0.00107353
Gmin = 2.43848e-07
vernier = 0.00143137
vernier = 0.0019085
vernier = 0.000954248
Gmin = 2.43209e-07
vernier = 0.00127233
vernier = 0.00169644
Gmin = 2.42469e-07
vernier = 0.00084822
vernier = 0.00113096
Gmin = 2.4204e-07
vernier = 0.00150795
vernier = 0.00201059
vernier = 0.0010053
Gmin = 2.41357e-07
vernier = 0.0013404
Gmin = 2.40651e-07
vernier = 0.00178719
vernier = 0.000893597
vernier = 0.00119146
Gmin = 2.40158e-07
vernier = 0.00158862
vernier = 0.000794308
Gmin = 2.39682e-07
vernier = 0.00105908
vernier = 0.0014121
Gmin = 2.39001e-07
vernier = 0.0018828
vernier = 0.000941401
Gmin = 2.38467e-07
vernier = 0.0012552
vernier = 0.0016736
vernier = 0.000836801
Gmin = 2.37919e-07
vernier = 0.00111573
vernier = 0.00148765
Gmin = 2.37284e-07
vernier = 0.00198353
vernier = 0.000991763
Gmin = 2.36667e-07
vernier = 0.00132235
vernier = 0.00176313
vernier = 0.000881567
Gmin = 2.36081e-07
vernier = 0.00117542
Gmin = 2.35475e-07
vernier = 0.00156723
vernier = 0.000783615
vernier = 0.00104482
Gmin = 2.35053e-07
vernier = 0.00139309
Gmin = 2.34317e-07
vernier = 0.00185746
vernier = 0.000928728
vernier = 0.0012383
Gmin = 2.33828e-07
vernier = 0.00165107
vernier = 0.000825535
Gmin = 2.3337e-07
vernier = 0.00110071
vernier = 0.00146762
Gmin = 2.32644e-07
vernier = 0.00195682
vernier = 0.000978411
vernier = 0.00130455
Gmin = 2.32113e-07
vernier = 0.0017394
vernier = 0.000869699
Gmin = 2.31584e-07
vernier = 0.0011596
vernier = 0.00154613
vernier = 0.000773065
Gmin = 2.31081e-07
vernier = 0.00103075
Gmin = 2.30561e-07
vernier = 0.00137434
vernier = 0.00183245
vernier = 0.000916225
Gmin = 2.29974e-07
vernier = 0.00122163
Gmin = 2.29343e-07
vernier = 0.00162884
vernier = 0.000814421
vernier = 0.00108589
Gmin = 2.28923e-07
vernier = 0.00144786
vernier = 0.00193048
Gmin = 2.2813e-07
vernier = 0.000965239
vernier = 0.00128699
Gmin = 2.27672e-07
vernier = 0.00171598
vernier = 0.00085799
vernier = 0.00114399
Gmin = 2.27217e-07
vernier = 0.00152532
vernier = 0.000762658
Gmin = 2.26763e-07
vernier = 0.00101688
vernier = 0.00135583
Gmin = 2.26177e-07
vernier = 0.00180778
vernier = 0.00090389
Gmin = 2.25667e-07
vernier = 0.00120519
vernier = 0.00160691
vernier = 0.000803457
Gmin = 2.25163e-07
vernier = 0.00107128
Gmin = 2.24621e-07
vernier = 0.00142837
vernier = 0.00190449
vernier = 0.000952245
Gmin = 2.24034e-07
vernier = 0.00126966
vernier = 0.00169288
Gmin = 2.23354e-07
vernier = 0.000846439
vernier = 0.00112859
Gmin = 2.2296e-07
vernier = 0.00150478
vernier = 0.00075239
vernier = 0.00100319
Gmin = 2.22569e-07
vernier = 0.00133758
Gmin = 2.21919e-07
vernier = 0.00178344
vernier = 0.000891721
vernier = 0.00118896
Gmin = 2.21466e-07
vernier = 0.00158528
vernier = 0.000792641
Gmin = 2.21028e-07
vernier = 0.00105685
vernier = 0.00140914
Gmin = 2.20401e-07
vernier = 0.00187885
vernier = 0.000939425
Gmin = 2.1991e-07
vernier = 0.00125257
vernier = 0.00167009
vernier = 0.000835044
Gmin = 2.19405e-07
vernier = 0.00111339
vernier = 0.00148452
Gmin = 2.18821e-07
vernier = 0.000742261
vernier = 0.000989681
Gmin = 2.18483e-07
vernier = 0.00131957
vernier = 0.00175943
vernier = 0.000879716
Gmin = 2.17943e-07
vernier = 0.00117295
Gmin = 2.17385e-07
vernier = 0.00156394
vernier = 0.00078197
vernier = 0.00104263
Gmin = 2.16995e-07
vernier = 0.00139017
Gmin = 2.16318e-07
vernier = 0.00185356
vernier = 0.000926778
vernier = 0.0012357
Gmin = 2.15867e-07
vernier = 0.0016476
vernier = 0.000823802
Gmin = 2.15445e-07
vernier = 0.0010984
vernier = 0.00146454
vernier = 0.000732268
Gmin = 2.15012e-07
vernier = 0.000976358
vernier = 0.00130181
Gmin = 2.1451e-07
vernier = 0.00173575
vernier = 0.000867873
Gmin = 2.14022e-07
vernier = 0.00115716
vernier = 0.00154288
vernier = 0.000771442
Gmin = 2.13558e-07
vernier = 0.00102859
Gmin = 2.13078e-07
vernier = 0.00137145
vernier = 0.0018286
vernier = 0.000914301
Gmin = 2.12537e-07
vernier = 0.00121907
Gmin = 2.11955e-07
vernier = 0.00162542
vernier = 0.000812712
vernier = 0.00108362
Gmin = 2.11568e-07
vernier = 0.00144482
vernier = 0.00072241
Gmin = 2.11205e-07
vernier = 0.000963213
vernier = 0.00128428
Gmin = 2.10629e-07
vernier = 0.00171238
vernier = 0.000856189
vernier = 0.00114159
Gmin = 2.10209e-07
vernier = 0.00152211
vernier = 0.000761057
Gmin = 2.0979e-07
vernier = 0.00101474
vernier = 0.00135299
Gmin = 2.09249e-07
vernier = 0.000676494
vernier = 0.000901992
Gmin = 2.08931e-07
vernier = 0.00120266
vernier = 0.00160354
Gmin = 2.0833e-07
vernier = 0.000801771
vernier = 0.00106903
Gmin = 2.07982e-07
vernier = 0.00142537
vernier = 0.000712685
vernier = 0.000950246
Gmin = 2.07637e-07
vernier = 0.00126699
Gmin = 2.07062e-07
vernier = 0.00168933
vernier = 0.000844663
vernier = 0.00112622
Gmin = 2.06662e-07
vernier = 0.00150162
vernier = 0.000750811
Gmin = 2.06274e-07
vernier = 0.00100108
vernier = 0.00133477
vernier = 0.000667387
Gmin = 2.05858e-07
vernier = 0.000889849
Gmin = 2.05457e-07
vernier = 0.00118647
vernier = 0.00158195
vernier = 0.000790977
Gmin = 2.05006e-07
vernier = 0.00105464
Gmin = 2.0452e-07
vernier = 0.00140618
vernier = 0.00070309
vernier = 0.000937453
Gmin = 2.04197e-07
vernier = 0.00124994
vernier = 0.00166658
Gmin = 2.03586e-07
vernier = 0.000833291
vernier = 0.00111105
Gmin = 2.03233e-07
vernier = 0.00148141
vernier = 0.000740703
vernier = 0.000987604
Gmin = 2.02882e-07
vernier = 0.0013168
vernier = 0.000658402
Gmin = 2.02499e-07
vernier = 0.00087787
vernier = 0.00117049
Gmin = 2.02073e-07
vernier = 0.00156066
vernier = 0.000780328
Gmin = 2.0166e-07
vernier = 0.00104044
vernier = 0.00138725
vernier = 0.000693625
Gmin = 2.01267e-07
vernier = 0.000924833
Gmin = 2.0086e-07
vernier = 0.00123311
vernier = 0.00164415
vernier = 0.000822073
Gmin = 2.00401e-07
vernier = 0.000411036
Gmin = 0
Gmin stepping failed

Starting source stepping with srcstepmethod=0
Source Step = 3.0303%
Source Step = 33.3333%
Source Step = 56.0606%
Source Step = 57.1496%
Source Step = 57.6231%
Source Step = 58.0966%
Source Step = 58.5701%
Source Step = 59.0436%
vernier = 0.0234375
Source Step = 59.6591%
Source Step = 60.3693%
Source Step = 61.0795%
Source Step = 61.7898%
Source Step = 62.5%
vernier = 0.0351562
Source Step = 63.3878%
Source Step = 64.4531%
Source Step = 65.5185%
Source Step = 66.5838%
Source Step = 67.6491%
vernier = 0.0527344
Source Step = 68.9276%
Source Step = 70.5256%
Source Step = 72.1236%
Source Step = 72.3533%
Source Step = 72.4532%
Source Step = 72.553%
Source Step = 72.6529%
Source Step = 72.7528%
Source Step = 72.8527%
Source Step = 72.9525%
Source Step = 73.0524%
Source Step = 73.1523%
vernier = 0.00494385
Source Step = 73.2771%
Source Step = 73.427%
Source Step = 73.5768%
Source Step = 73.7266%
Source Step = 73.8764%
vernier = 0.00741577
Source Step = 74.0562%
Source Step = 74.2809%
Source Step = 74.5056%
Source Step = 74.7303%
Source Step = 74.9551%
vernier = 0.0111237
Source Step = 75.2135%
Source Step = 75.5506%
Source Step = 75.8876%
Source Step = 76.2247%
Source Step = 76.3006%
Source Step = 76.3848%
Source Step = 76.4691%
Source Step = 76.5534%
Source Step = 76.6376%
vernier = 0.00417137
Source Step = 76.7388%
Source Step = 76.8652%
Source Step = 76.9916%
Source Step = 77.118%
Source Step = 77.2444%
vernier = 0.00625706
Source Step = 77.3898%
Source Step = 77.5794%
Source Step = 77.769%
Source Step = 77.9586%
Source Step = 78.1482%
vernier = 0.00938559
Source Step = 78.3568%
Source Step = 78.6412%
Source Step = 78.9256%
Source Step = 79.21%
Source Step = 79.4944%
vernier = 0.0140784
Source Step = 79.793%
Source Step = 80.2197%
Source Step = 80.6463%
Source Step = 81.0729%
Source Step = 81.4995%
Source Step = 81.9261%
vernier = 0.0211176
Source Step = 82.5661%
Source Step = 83.206%
Source Step = 83.8459%
Source Step = 84.4858%
Source Step = 85.1258%
vernier = 0.0316764
Source Step = 86.0537%
Source Step = 87.0135%
Source Step = 87.9734%
Source Step = 88.9333%
Source Step = 89.8932%
vernier = 0.0475145
Source Step = 91.2371%
Source Step = 91.687%
Source Step = 91.777%
Source Step = 91.867%
Source Step = 91.957%
Source Step = 92.047%
Source Step = 92.137%
Source Step = 92.2269%
Source Step = 92.3169%
Source Step = 92.4069%
Source Step = 92.4969%
Source Step = 92.5869%
Source Step = 92.6769%
Source Step = 92.7669%
Source Step = 92.8569%
Source Step = 92.9469%
Source Step = 93.0368%
Source Step = 93.1268%
Source Step = 93.2168%
Source Step = 93.3068%
Source Step = 93.3968%
Source Step = 93.4868%
Source Step = 93.5768%
Source Step = 93.6668%
Source Step = 93.7568%
Source Step = 93.8468%
Source Step = 93.9367%
Source Step = 94.0267%
Source Step = 94.1167%
Source Step = 94.2067%
Source Step = 94.2967%
Source Step = 94.3867%
Source Step = 94.4767%
Source Step = 94.5667%
Source Step = 94.6567%
Source Step = 94.7467%
Source Step = 94.8366%
Source Step = 94.9266%
Source Step = 95.0166%
Source Step = 95.1066%
Source Step = 95.1966%
Source Step = 95.2866%
Source Step = 95.3766%
Source Step = 95.4666%
Source Step = 95.5566%
Source Step = 95.6465%
Source Step = 95.7365%
Source Step = 95.8265%
Source Step = 95.9165%
Source Step = 96.0065%
Source Step = 96.0965%
Source Step = 96.1865%
Source Step = 96.2765%
Source Step = 96.3665%
Source Step = 96.4565%
Source Step = 96.5464%
Source Step = 96.6364%
Source Step = 96.7264%
Source Step = 96.8164%
Source Step = 96.9064%
Source Step = 96.9964%
Source Step = 97.0864%
Source Step = 97.1764%
Source Step = 97.2664%
Source Step = 97.3563%
Source Step = 97.4463%
Source Step = 97.5363%
Source Step = 97.6263%
Source Step = 97.7163%
Source Step = 97.8063%
Source Step = 97.8963%
Source Step = 97.9863%
Source Step = 98.0763%
Source Step = 98.1663%
Source Step = 98.2562%
Source Step = 98.3462%
Source Step = 98.4362%
Source Step = 98.5262%
Source Step = 98.6162%
Source Step = 98.7062%
Source Step = 98.7962%
Source Step = 98.8862%
Source Step = 98.9762%
Source Step = 99.0662%
Source Step = 99.1561%
Source Step = 99.2461%
Source Step = 99.3361%
Source Step = 99.4261%
Source Step = 99.5161%
Source Step = 99.6061%
Source Step = 99.6961%
Source Step = 99.7861%
Source Step = 99.8761%
Source Step = 99.966%
Source Step = 100%
Source Step = 100%
Source Step = 100%
Source Step = 100%
Source Step = 100%
Source Step = 100%
Source Step = 100%
Source Step = 100%
Source Step = 100%
Source Step = 100%
Source Step = 100%
Source Step = 100%
Source Step = 100%
Source Step = 100%
Source Step = 100%
Source Step = 100%
Source Step = 100%
Source Step = 100%
Source Step = 100%
Source Step = 100%
Source Step = 100%
Source Step = 100%
Source Step = 100%
Source Step = 100%
Source Step = 100%
Source Step = 100%
Source Step = 100%
Source Step = 100%
Source Step = 100%
Source Step = 100%
Source Step = 100%
Source Step = 100%
Source Step = 100%
Source Step = 100%
Source Step = 100%
Source Step = 100%
Source Step = 100%
Source Step = 100%
Source Step = 100%
Source Step = 100%
Source Step = 100%
Source Step = 100%
Source Step = 100%
Source Step = 100%
Source Step = 100%
Source Step = 100%
Source Step = 100%
Source Step = 100%
Source Step = 100%
Source Step = 100%
Source Step = 100%
Source Step = 100%
Source Step = 100%
Source Step = 100%
Source Step = 100%
Source Step = 100%
Source Step = 100%
Source Step = 100%
Source Step = 100%
Source Step = 100%
Source Step = 100%
Source Step = 100%
Source Step = 100%
Source Step = 100%
Source Step = 100%
Source Step = 100%
Source Step = 100%
Source Step = 100%
Source Step = 100%
Source Step = 100%
Source Step = 100%
Source Step = 100%
Source Step = 100%
Source Step = 100%
Source Step = 100%
Source Step = 100%
Source Step = 100%
Source Step = 100%
Source Step = 100%
Source Step = 100%
Source Step = 100%
Source Step = 100%
Source Step = 100%
Source Step = 100%
Source Step = 100%
Source Step = 100%
Source Step = 100%
Source Step = 100%
Source Step = 100%
Source Step = 100%
Source Step = 100%
Source Step = 100%
Source Step = 100%
Source Step = 100%
Source Step = 100%
Source Step = 100%
Source Step = 100%
Source Step = 100%
Source Step = 100%
Source Step = 100%
Source Step = 100%
Source Step = 100%
Source Step = 100%
Source Step = 100%
Source Step = 100%
Source Step = 100%
Source Step = 100%
Source Step = 100%
Source Step = 100%
Source Step = 100%
Source Step = 100%
Source Step = 100%
Source Step = 100%
Source Step = 100%
Source Step = 100%
Source Step = 100%
Source Step = 100%
Source Step = 100%
Source Step = 100%
Source Step = 100%
Source Step = 100%
Source Step = 100%
Source Step = 100%
Source Step = 100%
Source Step = 100%
Source Step = 100%
Source Step = 100%
Source Step = 100%
Source Step = 100%
Source Step = 100%
Source Step = 100%
Source Step = 100%
Source Step = 100%
Source Step = 100%
Source Step = 100%
Source Step = 100%
Source Step = 100%
Source Step = 100%
Source Step = 100%
Source Step = 100%
Source Step = 100%
Source Step = 100%
Source Step = 100%
Source Step = 100%
Source Step = 100%
Source Step = 100%
Source Step = 100%
Source Step = 100%
Source Step = 100%
Source Step = 100%
Source Step = 100%
Source Step = 100%
Source Step = 100%
Source Step = 100%
Source Step = 100%
Source Step = 100%
Source Step = 100%
Source Step = 100%
Source Step = 100%
Source Step = 100%
Source Step = 100%
Source Step = 100%
Source Step = 100%
Source Step = 100%
Source Step = 100%
Source Step = 100%
Source Step = 100%
Source Step = 100%
Source Step = 100%
Source Step = 100%
Source Step = 100%
Source Step = 100%
Source Step = 100%
Source Step = 100%
Source Step = 100%
Source Step = 100%
Source Step = 100%
Source Step = 100%
Source Step = 100%
Source Step = 100%
Source Step = 100%
Source Step = 100%
Source Step = 100%
Source Step = 100%
Source Step = 100%
Source Step = 100%
Source Step = 100%
Source Step = 100%
Source Step = 100%
Source Step = 100%
Source Step = 100%
Source Step = 100%
Source Step = 100%
Source Step = 100%
Source Step = 100%
Source Step = 100%
Source Step = 100%
Source Step = 100%
Source Step = 100%
Source Step = 100%
Source Step = 100%
Source Step = 100%
Source Step = 100%
Source Step = 100%
Source Step = 100%
Source Step = 100%
Source Step = 100%
Source Step = 100%
Source Step = 100%
Source Step = 100%
Source Step = 100%
Source Step = 100%
Source Step = 100%
Source Step = 100%
Source Step = 100%
Source Step = 100%
Source Step = 100%
Source Step = 100%
Source Step = 100%
Source Step = 100%
Source Step = 100%
Source Step = 100%
Source Step = 100%
Source Step = 100%
Source Step = 100%
Source Step = 100%
Source Step = 100%
Source Step = 100%
Source Step = 100%
Source Step = 100%
Source Step = 100%
Source Step = 100%
Source Step = 100%
Source Step = 100%
Source Step = 100%
Source Step = 100%
Source Step = 100%
Source Step = 100%
Source Step = 100%
Source Step = 100%
Source Step = 100%
Source Step = 100%
Source Step = 100%
Source Step = 100%
Source Step = 100%
Source Step = 100%
Source Step = 100%
Source Step = 100%
Source Step = 100%
Source Step = 100%
Source Step = 100%
Source Step = 100%
Source Step = 100%
Source Step = 100%
Source Step = 100%
Source Step = 100%
Source Step = 100%
Source Step = 100%
Source Step = 100%
Source Step = 100%
Source Step = 100%
Source Step = 100%
Source Step = 100%
Source Step = 100%
Source Step = 100%
Source Step = 100%
Source Step = 100%
Source Step = 100%
Source Step = 100%
Source Step = 100%
Source Step = 100%
Source Step = 100%
Source Step = 100%
Source Step = 100%
Source Step = 100%
Source Step = 100%
Source Step = 100%
Source Step = 100%
Source Step = 100%
Source Step = 100%
Source Step = 100%
Source Step = 100%
Source Step = 100%
Source Step = 100%
Source Step = 100%
Source Step = 100%
Source Step = 100%
Source Step = 100%
Source Step = 100%
Source Step = 100%
Source Step = 100%
Source Step = 100%
Source Step = 100%
Source Step = 100%
Source Step = 100%
Source Step = 100%
Source Step = 100%
Source Step = 100%
Source Step = 100%
Source Step = 100%
Source Step = 100%
Source Step = 100%
Source Step = 100%
Source Step = 100%
Source Step = 100%
Source Step = 100%
Source Step = 100%
Source Step = 100%
Source Step = 100%
Source Step = 100%
Source Step = 100%
Source Step = 100%
Source Step = 100%
Source Step = 100%
Source Step = 100%
Source Step = 100%
Source Step = 100%
Source Step = 100%
Source Step = 100%
Source Step = 100%
Source Step = 100%
Source Step = 100%
Source Step = 100%
Source Step = 100%
Source Step = 100%
Source Step = 100%
Source Step = 100%
Source Step = 100%
Source Step = 100%
Source Step = 100%
Source Step = 100%
Source Step = 100%
Source Step = 100%
Source Step = 100%
Source Step = 100%
Source Step = 100%
Source Step = 100%
Source Step = 100%
Source Step = 100%
Source Step = 100%
Source Step = 100%
Source Step = 100%
Source Step = 100%
Source Step = 100%
Source Step = 100%
Source Step = 100%
Source Step = 100%
Source Step = 100%
Source Step = 100%
Source Step = 100%
Source Step = 100%
Source Step = 100%
Source Step = 100%
Source Step = 100%
Source Step = 100%
Source Step = 100%
Source Step = 100%
Source Step = 100%
Source Step = 100%
Source Step = 100%
Source Step = 100%
Source Step = 100%
Source Step = 100%
Source Step = 100%
Source Step = 100%
Source Step = 100%
Source Step = 100%
Source Step = 100%
Source Step = 100%
Source Step = 100%
Source Step = 100%
Source Step = 100%
Source Step = 100%
Source Step = 100%
Source Step = 100%
Source Step = 100%
Source Step = 100%
Source Step = 100%
Source Step = 100%
Source Step = 100%
Source Step = 100%
Source Step = 100%
Source Step = 100%
Source Step = 100%
Source Step = 100%
Source Step = 100%
Source Step = 100%
Source Step = 100%
Source Step = 100%
Source Step = 100%
Source Step = 100%
Source Step = 100%
Source Step = 100%
Source Step = 100%
Source Step = 100%
Source Step = 100%
Source Step = 100%
Source Step = 100%
Source Step = 100%
Source Step = 100%
Source Step = 100%
Source Step = 100%
Source Step = 100%
Source Step = 100%
Source Step = 100%
Source Step = 100%
Source Step = 100%
Source Step = 100%
Source Step = 100%
Source Step = 100%
Source Step = 100%
Source Step = 100%
Source Step = 100%
Source Step = 100%
Source Step = 100%
Source Step = 100%
Source Step = 100%
Source Step = 100%
Source Step = 100%
Source Step = 100%
Source Step = 100%
Source Step = 100%
Source Step = 100%
Source Step = 100%
Source Step = 100%
Source Step = 100%
Source Step = 100%
Source Step = 100%
Source Step = 100%
Source Step = 100%
Source Step = 100%
Source Step = 100%
Source Step = 100%
Source Step = 100%
Source Step = 100%
Source Step = 100%
Source Step = 100%
Source Step = 100%
Source Step = 100%
Source Step = 100%
Source Step = 100%
Source Step = 100%
Source Step = 100%
Source Step = 100%
Source Step = 100%
Source Step = 100%
Source Step = 100%
Source Step = 100%
Source Step = 100%
Source Step = 100%
Source Step = 100%
Source Step = 100%
Source Step = 100%
Source Step = 100%
Source Step = 100%
Source Step = 100%
Source Step = 100%
Source Step = 100%
Source Step = 100%
Source Step = 100%
Source Step = 100%
Source Step = 100%
Source Step = 100%
Source Step = 100%
Source Step = 100%
Source Step = 100%
Source Step = 100%
Source Step = 100%
Source Step = 100%
Source Step = 100%
Source Step = 100%
Source Step = 100%
Source Step = 100%
Source Step = 100%
Source Step = 100%
Source Step = 100%
Source Step = 100%
Source Step = 100%
Source Step = 100%
Source Step = 100%
Source Step = 100%
Source Step = 100%
Source Step = 100%
Source Step = 100%
Source Step = 100%
Source Step = 100%
Source Step = 100%
Source Step = 100%
Source Step = 100%
Source Step = 100%
Source Step = 100%
Source Step = 100%
Source Step = 100%
Source Step = 100%
Source Step = 100%
Source Step = 100%
Source Step = 100%
Source Step = 100%
Source Step = 100%
Source Step = 100%
Source Step = 100%
Source Step = 100%
Source Step = 100%
Source Step = 100%
Source Step = 100%
Source Step = 100%
Source Step = 100%
Source Step = 100%
Source Step = 100%
Source Step = 100%
Source Step = 100%
Source Step = 100%
Source Step = 100%
Source Step = 100%
Source Step = 100%
Source Step = 100%
Source Step = 100%
Source Step = 100%
Source Step = 100%
Source Step = 100%
Source Step = 100%
Source Step = 100%
Source Step = 100%
Source Step = 100%
Source Step = 100%
Source Step = 100%
Source Step = 100%
Source Step = 100%
Source Step = 100%
Source Step = 100%
Source Step = 100%
Source Step = 100%
Source Step = 100%
Source Step = 100%
Source Step = 100%
Source Step = 100%
Source Step = 100%
Source Step = 100%
Source Step = 100%
Source Step = 100%
Source Step = 100%
Source Step = 100%
Source Step = 100%
Source Step = 100%
Source Step = 100%
Source Step = 100%
Source Step = 100%
Source Step = 100%
Source Step = 100%
Source Step = 100%
Source Step = 100%
Source Step = 100%
Source Step = 100%
Source Step = 100%
Source Step = 100%
Source Step = 100%
Source Step = 100%
Source Step = 100%
Source Step = 100%
Source Step = 100%
Source Step = 100%
Source Step = 100%
Source Step = 100%
Source Step = 100%
Source Step = 100%
Source Step = 100%
Source Step = 100%
Source Step = 100%
Source Step = 100%
Source Step = 100%
Source Step = 100%
Source Step = 100%
Source Step = 100%
Source Step = 100%
Source Step = 100%
Source Step = 100%
Source Step = 100%
Source Step = 100%
Source Step = 100%
Source Step = 100%
Source Step = 100%
Source Step = 100%
Source Step = 100%
Source Step = 100%
Source Step = 100%
Source Step = 100%
Source Step = 100%
Source Step = 100%
Source Step = 100%
Source Step = 100%
Source Step = 100%
Source Step = 100%
Source Step = 100%
Source Step = 100%
Source Step = 100%
Source Step = 100%
Source Step = 100%
Source Step = 100%
Source Step = 100%
Source Step = 100%
Source Step = 100%
Source Step = 100%
Source Step = 100%
Source Step = 100%
Source Step = 100%
Source Step = 100%
Source Step = 100%
Source Step = 100%
Source Step = 100%
Source Step = 100%
Source Step = 100%
Source Step = 100%
Source Step = 100%
Source Step = 100%
Source Step = 100%
Source Step = 100%
Source Step = 100%
Source Step = 100%
Source Step = 100%
Source Step = 100%
Source Step = 100%
Source Step = 100%
Source Step = 100%
Source Step = 100%
Source Step = 100%
Source Step = 100%
Source Step = 100%
Source Step = 100%
Source Step = 100%
Source Step = 100%
Source Step = 100%
Source Step = 100%
Source Step = 100%
Source Step = 100%
Source Step = 100%
Source Step = 100%
Source Step = 100%
Source Step = 100%
Source Step = 100%
Source Step = 100%
Source Step = 100%
Source Step = 100%
Source Step = 100%
Source Step = 100%
Source Step = 100%
Source Step = 100%
Source Step = 100%
Source Step = 100%
Source Step = 100%
Source Step = 100%
Source Step = 100%
Source Step = 100%
Source Step = 100%
Source Step = 100%
Source Step = 100%
Source Step = 100%
Source Step = 100%
Source Step = 100%
Source Step = 100%
Source Step = 100%
Source Step = 100%
Source Step = 100%
Source Step = 100%
Source Step = 100%
Source Step = 100%
Source Step = 100%
Source Step = 100%
Source Step = 100%
Source Step = 100%
Source Step = 100%
Source Step = 100%
Source Step = 100%
Source Step = 100%
Source Step = 100%
Source Step = 100%
Source Step = 100%
Source Step = 100%
Source Step = 100%
Source Step = 100%
Source Step = 100%
Source Step = 100%
Source Step = 100%
Source Step = 100%
Source Step = 100%
Source Step = 100%
Source Step = 100%
Source Step = 100%
Source Step = 100%
Source Step = 100%
Source Step = 100%
Source Step = 100%
Source Step = 100%
Source Step = 100%
Source Step = 100%
Source Step = 100%
Source Step = 100%
Source Step = 100%
Source Step = 100%
Source Step = 100%
Source Step = 100%
Source Step = 100%
Source Step = 100%
Source Step = 100%
Source Step = 100%
Source Step = 100%
Source Step = 100%
Source Step = 100%
Source Step = 100%
Source Step = 100%
Source Step = 100%
Source Step = 100%
Source Step = 100%
Source Step = 100%
Source Step = 100%
Source Step = 100%
Source Step = 100%
Source Step = 100%
Source Step = 100%
Source Step = 100%
Source Step = 100%
Source Step = 100%
Source Step = 100%
Source Step = 100%
Source Step = 100%
Source Step = 100%
Source Step = 100%
Source Step = 100%
Source Step = 100%
Source Step = 100%
Source Step = 100%
Source Step = 100%
Source Step = 100%
Source Step = 100%
Source Step = 100%
Source Step = 100%
Source Step = 100%
Source Step = 100%
Source Step = 100%
Source Step = 100%
Source Step = 100%
Source Step = 100%
Source Step = 100%
Source Step = 100%
Source Step = 100%
Source Step = 100%
Source Step = 100%
Source Step = 100%
Source Step = 100%
Source Step = 100%
Source Step = 100%
Source Step = 100%
Source Step = 100%
Source Step = 100%
Source Step = 100%
Source Step = 100%
Source Step = 100%
Source Step = 100%
Source Step = 100%
Source Step = 100%
Source Step = 100%
Source Step = 100%
Source Step = 100%
Source Step = 100%
Source Step = 100%
Source Step = 100%
Source Step = 100%
Source Step = 100%
Source Step = 100%
Source Step = 100%
Source Step = 100%
Source Step = 100%
Source Step = 100%
Source Step = 100%
Source Step = 100%
Source Step = 100%
Source Step = 100%
Source Step = 100%
Source Step = 100%
Source Step = 100%
Source Step = 100%
Source Step = 100%
Source Step = 100%
Source Step = 100%
Source Step = 100%
Source Step = 100%
Source Step = 100%
Source Step = 100%
Source Step = 100%
Source Step = 100%
Source Step = 100%
Source Step = 100%
Source Step = 100%
Source Step = 100%
Source Step = 100%
Source Step = 100%
Source Step = 100%
Source Step = 100%
Source Step = 100%
Source Step = 100%
Source Step = 100%
Source Step = 100%
Source Step = 100%
Source Step = 100%
Source Step = 100%
Source Step = 100%
Source Step = 100%
Source Step = 100%
Source Step = 100%
Source Step = 100%
Source Step = 100%
Source Step = 100%
Source Step = 100%
Source Step = 100%
Source Step = 100%
Source Step = 100%
Source Step = 100%
Source Step = 100%
Source Step = 100%
Source Step = 100%
Source Step = 100%
Source Step = 100%
Source Step = 100%
Source Step = 100%
Source Step = 100%
Source Step = 100%
Source Step = 100%
Source Step = 100%
Source Step = 100%
Source Step = 100%
Source Step = 100%
Source Step = 100%
Source Step = 100%
Source Step = 100%
Source Step = 100%
Source Step = 100%
Source Step = 100%
Source Step = 100%
Source Step = 100%
Source Step = 100%
Source Step = 100%
Source Step = 100%
Source Step = 100%
Source Step = 100%
Source Step = 100%
Source Step = 100%
Source Step = 100%
Source Step = 100%
Source Step = 100%
Source Step = 100%
Source Step = 100%
Source Step = 100%
Source Step = 100%
Source Step = 100%
Source Step = 100%
Source Step = 100%
Source Step = 100%
Source Step = 100%
Source Step = 100%
Source Step = 100%
Source Step = 100%
Source Step = 100%
Source Step = 100%
Source Step = 100%
Source Step = 100%
Source Step = 100%
Source Step = 100%
Source Step = 100%
Source Step = 100%
Source Step = 100%
Source Step = 100%
Source Step = 100%
Source Step = 100%
Source Step = 100%
Source Step = 100%
Source Step = 100%
Source Step = 100%
Source Step = 100%
Source Step = 100%
Source Step = 100%
Source Step = 100%
Source Step = 100%
Source Step = 100%
Source Step = 100%
Source Step = 100%
Source Step = 100%
Source Step = 100%
Source Step = 100%
Source Step = 100%
Source Step = 100%
Source Step = 100%
Source Step = 100%
Source Step = 100%
Source Step = 100%
Source Step = 100%
Source Step = 100%
Source Step = 100%
Source Step = 100%
Source Step = 100%
Source Step = 100%
Source Step = 100%
Source Step = 100%
Source Step = 100%
Source Step = 100%
Source Step = 100%
Source Step = 100%
Source Step = 100%
Source Step = 100%
Source Step = 100%
Source Step = 100%
Source Step = 100%
Source Step = 100%
Source Step = 100%
Source Step = 100%
Source Step = 100%
Source Step = 100%
Source Step = 100%
Source Step = 100%
Source Step = 100%
Source Step = 100%
Source Step = 100%
Source Step = 100%
Source Step = 100%
Source Step = 100%
Source Step = 100%
Source Step = 100%
Source Step = 100%
Source Step = 100%
Source Step = 100%
Source Step = 100%
Source Step = 100%
Source Step = 100%
Source Step = 100%
Source Step = 100%
Source Step = 100%
Source Step = 100%
Source Step = 100%
Source Step = 100%
Source Step = 100%
Source Step = 100%
Source Step = 100%
Source Step = 100%
Source Step = 100%
Source Step = 100%
Source Step = 100%
Source Step = 100%
Source Step = 100%
Source Step = 100%
Source Step = 100%
Source Step = 100%
Source Step = 100%
Source Step = 100%
Source Step = 100%
Source Step = 100%
Source Step = 100%
Source Step = 100%
Source Step = 100%
Source Step = 100%
Source Step = 100%
Source Step = 100%
Source Step = 100%
Source Step = 100%
Source Step = 100%
Source Step = 100%
Source Step = 100%
Source Step = 100%
Source Step = 100%
Source Step = 100%
Source Step = 100%
Source Step = 100%
Source Step = 100%
Source Step = 100%
Source Step = 100%
Source Step = 100%
Source Step = 100%
Source Step = 100%
Source Step = 100%
Source Step = 100%
Source Step = 100%
Source Step = 100%
Source Step = 100%
Source Step = 100%
Source Step = 100%
Source Step = 100%
Source Step = 100%
Source Step = 100%
Source Step = 100%
Source Step = 100%
Source Step = 100%
Source Step = 100%
Source Step = 100%
Source Step = 100%
Source Step = 100%
Source Step = 100%
Source Step = 100%
Source Step = 100%
Source Step = 100%
Source Step = 100%
Source Step = 100%
Source Step = 100%
Source Step = 100%
Source Step = 100%
Source Step = 100%
Source Step = 100%
Source Step = 100%
Source Step = 100%
Source Step = 100%
Source Step = 100%
Source Step = 100%
Source Step = 100%
Source Step = 100%
Source Step = 100%
Source Step = 100%
Source Step = 100%
Source Step = 100%
Source Step = 100%
Source Step = 100%
Source Step = 100%
Source Step = 100%
Source Step = 100%
Source Step = 100%
Source Step = 100%
Source Step = 100%
Source Step = 100%
Source Step = 100%
Source Step = 100%
Source Step = 100%
Source Step = 100%
Source Step = 100%
Source Step = 100%
Source Step = 100%
Source Step = 100%
Source Step = 100%
Source Step = 100%
Source Step = 100%
Source Step = 100%
Source Step = 100%
Source Step = 100%
Source Step = 100%
Source Step = 100%
Source Step = 100%
Source Step = 100%
Source Step = 100%
Source Step = 100%
Source Step = 100%
Source Step = 100%
Source Step = 100%
Source Step = 100%
Source Step = 100%
Source Step = 100%
Source Step = 100%
Source Step = 100%
Source Step = 100%
Source Step = 100%
Source Step = 100%
Source Step = 100%
Source Step = 100%
Source Step = 100%
Source Step = 100%
Source Step = 100%
Source Step = 100%
Source Step = 100%
Source Step = 100%
Source Step = 100%
Source Step = 100%
Source Step = 100%
Source Step = 100%
Source Step = 100%
Source Step = 100%
Source Step = 100%
Source Step = 100%
Source Step = 100%
Source Step = 100%
Source Step = 100%
Source Step = 100%
Source Step = 100%
Source Step = 100%
Source Step = 100%
Source Step = 100%
Source Step = 100%
Source Step = 100%
Source Step = 100%
Source Step = 100%
Source Step = 100%
Source Step = 100%
Source Step = 100%
Source Step = 100%
Source Step = 100%
Source Step = 100%
Source Step = 100%
Source Step = 100%
Source Step = 100%
Source Step = 100%
Source Step = 100%
Source Step = 100%
Source Step = 100%
Source Step = 100%
Source Step = 100%
Source Step = 100%
Source Step = 100%
Source Step = 100%
Source Step = 100%
Source Step = 100%
Source Step = 100%
Source Step = 100%
Source Step = 100%
Source Step = 100%
Source Step = 100%
Source Step = 100%
Source Step = 100%
Source Step = 100%
Source Step = 100%
Source Step = 100%
Source Step = 100%
Source Step = 100%
Source Step = 100%
Source Step = 100%
Source Step = 100%
Source Step = 100%
Source Step = 100%
Source Step = 100%
Source Step = 100%
Source Step = 100%
Source Step = 100%
Source Step = 100%
Source Step = 100%
Source Step = 100%
Source Step = 100%
Source Step = 100%
Source Step = 100%
Source Step = 100%
Source Step = 100%
Source Step = 100%
Source Step = 100%
Source Step = 100%
Source Step = 100%
Source Step = 100%
Source Step = 100%
Source Step = 100%
Source Step = 100%
Source Step = 100%
Source Step = 100%
Source Step = 100%
Source Step = 100%
Source Step = 100%
Source Step = 100%
Source Step = 100%
Source Step = 100%
Source Step = 100%
Source Step = 100%
Source Step = 100%
Source Step = 100%
Source Step = 100%
Source Step = 100%
Source Step = 100%
Source Step = 100%
Source Step = 100%
Source Step = 100%
Source Step = 100%
Source Step = 100%
Source Step = 100%
Source Step = 100%
Source Step = 100%
Source Step = 100%
Source Step = 100%
Source Step = 100%
Source Step = 100%
Source Step = 100%
Source Step = 100%
Source Step = 100%
Source Step = 100%
Source Step = 100%
Source Step = 100%
Source Step = 100%
Source Step = 100%
Source Step = 100%
Source Step = 100%
Source Step = 100%
Source Step = 100%
Source Step = 100%
Source Step = 100%
Source Step = 100%
Source Step = 100%
Source Step = 100%
Source Step = 100%
Source Step = 100%
Source Step = 100%
Source Step = 100%
Source Step = 100%
Source Step = 100%
Source Step = 100%
Source Step = 100%
Source Step = 100%
Source Step = 100%
Source Step = 100%
Source Step = 100%
Source Step = 100%
Source Step = 100%
Source Step = 100%
Source Step = 100%
Source Step = 100%
Source Step = 100%
Source Step = 100%
Source Step = 100%
Source Step = 100%
Source Step = 100%
Source Step = 100%
Source Step = 100%
Source Step = 100%
Source Step = 100%
Source Step = 100%
Source Step = 100%
Source Step = 100%
Source Step = 100%
Source Step = 100%
Source Step = 100%
Source Step = 100%
Source Step = 100%
Source Step = 100%
Source Step = 100%
Source Step = 100%
Source Step = 100%
Source Step = 100%
Source Step = 100%
Source Step = 100%
Source Step = 100%
Source Step = 100%
Source Step = 100%
Source Step = 100%
Source Step = 100%
Source Step = 100%
Source Step = 100%
Source Step = 100%
Source Step = 100%
Source Step = 100%
Source Step = 100%
Source Step = 100%
Source Step = 100%
Source Step = 100%
Source Step = 100%
Source Step = 100%
Source Step = 100%
Source Step = 100%
Source Step = 100%
Source Step = 100%
Source Step = 100%
Source Step = 100%
Source Step = 100%
Source Step = 100%
Source Step = 100%
Source Step = 100%
Source Step = 100%
Source Step = 100%
Source Step = 100%
Source Step = 100%
Source Step = 100%
Source Step = 100%
Source Step = 100%
Source Step = 100%
Source Step = 100%
Source Step = 100%
Source Step = 100%
Source Step = 100%
Source Step = 100%
Source Step = 100%
Source Step = 100%
Source Step = 100%
Source Step = 100%
Source Step = 100%
Source Step = 100%
Source Step = 100%
Source Step = 100%
Source Step = 100%
Source Step = 100%
Source Step = 100%
Source Step = 100%
Source Step = 100%
Source Step = 100%
Source Step = 100%
Source Step = 100%
Source Step = 100%
Source Step = 100%
Source Step = 100%
Source Step = 100%
Source Step = 100%
Source Step = 100%
Source Step = 100%
Source Step = 100%
Source Step = 100%
Source Step = 100%
Source Step = 100%
Source Step = 100%
Source Step = 100%
Source Step = 100%
Source Step = 100%
Source Step = 100%
Source Step = 100%
Source Step = 100%
Source Step = 100%
Source Step = 100%
Source Step = 100%
Source Step = 100%
Source Step = 100%
Source Step = 100%
Source Step = 100%
Source Step = 100%
Source Step = 100%
Source Step = 100%
Source Step = 100%
Source Step = 100%
Source Step = 100%
Source Step = 100%
Source Step = 100%
Source Step = 100%
Source Step = 100%
Source Step = 100%
Source Step = 100%
Source Step = 100%
Source Step = 100%
Source Step = 100%
Source Step = 100%
Source Step = 100%
Source Step = 100%
Source Step = 100%
Source Step = 100%
Source Step = 100%
Source Step = 100%
Source Step = 100%
Source Step = 100%
Source Step = 100%
Source Step = 100%
Source Step = 100%
Source Step = 100%
Source Step = 100%
Source Step = 100%
Source Step = 100%
Source Step = 100%
Source Step = 100%
Source Step = 100%
Source Step = 100%
Source Step = 100%
Source Step = 100%
Source Step = 100%
Source Step = 100%
Source Step = 100%
Source Step = 100%
Source Step = 100%
Source Step = 100%
Source Step = 100%
Source Step = 100%
Source Step = 100%
Source Step = 100%
Source Step = 100%
Source Step = 100%
Source Step = 100%
Source Step = 100%
Source Step = 100%
Source Step = 100%
Source Step = 100%
Source Step = 100%
Source Step = 100%
Source Step = 100%
Source Step = 100%
Source Step = 100%
Source Step = 100%
Source Step = 100%
Source Step = 100%
Source Step = 100%
Source Step = 100%
Source Step = 100%
Source Step = 100%
Source Step = 100%
Source Step = 100%
Source Step = 100%
Source Step = 100%
Source Step = 100%
Source Step = 100%
Source Step = 100%
Source Step = 100%
Source Step = 100%
Source Step = 100%
Source Step = 100%
Source Step = 100%
Source Step = 100%
Source Step = 100%
Source Step = 100%
Source Step = 100%
Source Step = 100%
Source Step = 100%
Source Step = 100%
Source Step = 100%
Source Step = 100%
Source Step = 100%
Source Step = 100%
Source Step = 100%
Source Step = 100%
Source Step = 100%
Source Step = 100%
Source Step = 100%
Source Step = 100%
Source Step = 100%
Source Step = 100%
Source Step = 100%
Source Step = 100%
Source Step = 100%
Source Step = 100%
Source Step = 100%
Source Step = 100%
Source Step = 100%
Source Step = 100%
Source Step = 100%
Source Step = 100%
Source Step = 100%
Source Step = 100%
Source Step = 100%
Source Step = 100%
Source Step = 100%
Source Step = 100%
Source Step = 100%
Source Step = 100%
Source Step = 100%
Source Step = 100%
Source Step = 100%
Source Step = 100%
Source Step = 100%
Source Step = 100%
Source Step = 100%
Source Step = 100%
Source Step = 100%
Source Step = 100%
Source Step = 100%
Source Step = 100%
Source Step = 100%
Source Step = 100%
Source Step = 100%
Source Step = 100%
Source Step = 100%
Source Step = 100%
Source Step = 100%
Source Step = 100%
Source Step = 100%
Source Step = 100%
Source Step = 100%
Source Step = 100%
Source Step = 100%
Source Step = 100%
Source Step = 100%
Source Step = 100%
Source Step = 100%
Source Step = 100%
Source Step = 100%
Source Step = 100%
Source Step = 100%
Source Step = 100%
Source Step = 100%
Source Step = 100%
Source Step = 100%
Source Step = 100%
Source Step = 100%
Source Step = 100%
Source Step = 100%
Source Step = 100%
Source Step = 100%
Source Step = 100%
Source Step = 100%
Source Step = 100%
Source Step = 100%
Source Step = 100%
Source Step = 100%
Source Step = 100%
Source Step = 100%
Source Step = 100%
Source Step = 100%
Source Step = 100%
Source Step = 100%
Source Step = 100%
Source Step = 100%
Source Step = 100%
Source Step = 100%
Source Step = 100%
Source Step = 100%
Source Step = 100%
Source Step = 100%
Source Step = 100%
Source Step = 100%
Source Step = 100%
Source Step = 100%
Source Step = 100%
Source Step = 100%
Source Step = 100%
Source Step = 100%
Source Step = 100%
Source Step = 100%
Source Step = 100%
Source Step = 100%
Source Step = 100%
Source Step = 100%
Source Step = 100%
Source Step = 100%
Source Step = 100%
Source Step = 100%
Source Step = 100%
Source Step = 100%
Source Step = 100%
Source Step = 100%
Source Step = 100%
Source Step = 100%
Source Step = 100%
Source Step = 100%
Source Step = 100%
Source Step = 100%
Source Step = 100%
Source Step = 100%
Source Step = 100%
Source Step = 100%
Source Step = 100%
Source Step = 100%
Source Step = 100%
Source Step = 100%
Source Step = 100%
Source Step = 100%
Source Step = 100%
Source Step = 100%
Source Step = 100%
Source Step = 100%
Source Step = 100%
Source Step = 100%
Source Step = 100%
Source Step = 100%
Source Step = 100%
Source Step = 100%
Source Step = 100%
Source Step = 100%
Source Step = 100%
Source Step = 100%
Source Step = 100%
Source Step = 100%
Source Step = 100%
Source Step = 100%
Source Step = 100%
Source Step = 100%
Source Step = 100%
Source Step = 100%
Source Step = 100%
Source Step = 100%
Source Step = 100%
Source Step = 100%
Source Step = 100%
Source Step = 100%
Source Step = 100%
Source Step = 100%
Source Step = 100%
Source Step = 100%
Source Step = 100%
Source Step = 100%
Source Step = 100%
Source Step = 100%
Source Step = 100%
Source Step = 100%
Source Step = 100%
Source Step = 100%
Source Step = 100%
Source Step = 100%
Source Step = 100%
Source Step = 100%
Source Step = 100%
Source Step = 100%
Source Step = 100%
Source Step = 100%
Source Step = 100%
Source Step = 100%
Source Step = 100%
Source Step = 100%
Source Step = 100%
Source Step = 100%
Source Step = 100%
Source Step = 100%
Source Step = 100%
Source Step = 100%
Source Step = 100%
Source Step = 100%
Source Step = 100%
Source Step = 100%
Source Step = 100%
Source Step = 100%
Source Step = 100%
Source Step = 100%
Source Step = 100%
Source Step = 100%
Source Step = 100%
Source Step = 100%
Source Step = 100%
Source Step = 100%
Source Step = 100%
Source Step = 100%
Source Step = 100%
Source Step = 100%
Source Step = 100%
Source Step = 100%
Source Step = 100%
Source Step = 100%
Source Step = 100%
Source Step = 100%
Source Step = 100%
Source Step = 100%
Source Step = 100%
Source Step = 100%
Source Step = 100%
Source Step = 100%
Source Step = 100%
Source Step = 100%
Source Step = 100%
Source Step = 100%
Source Step = 100%
Source Step = 100%
Source Step = 100%
Source Step = 100%
Source Step = 100%
Source Step = 100%
Source Step = 100%
Source Step = 100%
Source Step = 100%
Source Step = 100%
Source Step = 100%
Source Step = 100%
Source Step = 100%
Source Step = 100%
Source Step = 100%
Source Step = 100%
Source Step = 100%
Source Step = 100%
Source Step = 100%
Source Step = 100%
Source Step = 100%
Source Step = 100%
Source Step = 100%
Source Step = 100%
Source Step = 100%
Source Step = 100%
Source Step = 100%
Source Step = 100%
Source Step = 100%
Source Step = 100%
Source Step = 100%
Source Step = 100%
Source Step = 100%
Source Step = 100%
Source Step = 100%
Source Step = 100%
Source Step = 100%
Source Step = 100%
Source Step = 100%
Source Step = 100%
Source Step = 100%
Source Step = 100%
Source Step = 100%
Source Step = 100%
Source stepping succeeded in finding the operating point.

Total elapsed time: 282.345 seconds.

