LTspice 24.0.12 for Windows
Circuit: * C:\Users\Andrea\Documents\DC-CDI-Honda CX500\Progetto\simulazioni_LTspice\DC_CDI_hondaCX500_2.asc
Start Time: Tue Feb  4 20:29:13 2025
solver = Normal
Maximum thread count: 16
tnom = 27
temp = 27
method = modified trap
Direct Newton iteration failed to find .op point.  (Use ".option noopiter" to skip.)
Starting Gmin stepping
Gmin = 10
Gmin = 1.07374
Gmin = 0.115292
Gmin = 0.0123794
Gmin = 0.00132923
Gmin = 0.000142725
Gmin = 1.5325e-05
Gmin = 1.6455e-06
Gmin = 1.76685e-07
Gmin = 1.89714e-08
Gmin = 2.03704e-09
Gmin = 2.18725e-10
Gmin = 2.34854e-11
Gmin = 2.52173e-12
Gmin = 2.70769e-13
Gmin = 0
Gmin stepping succeeded in finding the operating point.

Ignoring empty pin current: Ix(u1:5)
Ignoring empty pin current: Ix(u1:5)
Heightened Def Con from 0.0574735 to 0.0574735
Heightened Def Con from 0.245521 to 0.245521
Heightened Def Con from 0.245737 to 0.245737
Heightened Def Con from 0.245764 to 0.245764
Heightened Def Con from 0.24663 to 0.24663
Heightened Def Con from 0.246711 to 0.246711
Heightened Def Con from 0.249107 to 0.249107
Heightened Def Con from 0.249134 to 0.249134
Heightened Def Con from 0.24959 to 0.24959
Heightened Def Con from 0.250313 to 0.250313
Heightened Def Con from 0.250795 to 0.250795
Heightened Def Con from 0.251329 to 0.251329
Heightened Def Con from 0.251596 to 0.251596
Heightened Def Con from 0.252102 to 0.252102
Heightened Def Con from 0.252342 to 0.252342
Heightened Def Con from 0.252528 to 0.252528
Heightened Def Con from 0.253803 to 0.253803
Heightened Def Con from 0.25383 to 0.25383
Heightened Def Con from 0.254095 to 0.254095
Heightened Def Con from 0.254545 to 0.254545
Heightened Def Con from 0.255048 to 0.255048
Heightened Def Con from 0.25518 to 0.25518
Heightened Def Con from 0.255233 to 0.255233
Heightened Def Con from 0.255656 to 0.255656
Heightened Def Con from 0.256737 to 0.256737
Heightened Def Con from 0.256974 to 0.256974
Heightened Def Con from 0.257026 to 0.257026
Heightened Def Con from 0.257289 to 0.257289
Heightened Def Con from 0.257552 to 0.257552
Heightened Def Con from 0.25771 to 0.25771
Heightened Def Con from 0.257762 to 0.257762
Heightened Def Con from 0.25813 to 0.25813
Heightened Def Con from 0.258576 to 0.258576
Heightened Def Con from 0.259544 to 0.259544
Heightened Def Con from 0.261032 to 0.261032
Heightened Def Con from 0.261475 to 0.261475
Heightened Def Con from 0.261501 to 0.261501
Heightened Def Con from 0.261865 to 0.261865
Heightened Def Con from 0.261995 to 0.261995
Heightened Def Con from 0.262748 to 0.262748
Heightened Def Con from 0.263266 to 0.263266
Heightened Def Con from 0.263836 to 0.263836
Heightened Def Con from 0.263914 to 0.263914
Heightened Def Con from 0.264276 to 0.264276
Heightened Def Con from 0.264741 to 0.264741
Heightened Def Con from 0.265102 to 0.265102
Heightened Def Con from 0.265514 to 0.265514
Heightened Def Con from 0.265875 to 0.265875
Heightened Def Con from 0.266081 to 0.266081
Heightened Def Con from 0.266184 to 0.266184
Heightened Def Con from 0.266441 to 0.266441
Heightened Def Con from 0.266518 to 0.266518
Heightened Def Con from 0.266981 to 0.266981
Heightened Def Con from 0.267083 to 0.267083
Heightened Def Con from 0.267699 to 0.267699
Heightened Def Con from 0.268186 to 0.268186
Heightened Def Con from 0.268825 to 0.268825
Heightened Def Con from 0.269157 to 0.269157
Heightened Def Con from 0.270178 to 0.270178
Heightened Def Con from 0.270305 to 0.270305
Heightened Def Con from 0.270331 to 0.270331
Heightened Def Con from 0.270534 to 0.270534
Heightened Def Con from 0.27056 to 0.27056
Heightened Def Con from 0.270789 to 0.270789
Heightened Def Con from 0.270967 to 0.270967
Heightened Def Con from 0.271501 to 0.271501
Heightened Def Con from 0.271831 to 0.271831
Heightened Def Con from 0.272085 to 0.272085
Heightened Def Con from 0.272161 to 0.272161
Heightened Def Con from 0.272414 to 0.272414
Heightened Def Con from 0.273604 to 0.273604
Heightened Def Con from 0.27373 to 0.27373
Heightened Def Con from 0.273755 to 0.273755
Heightened Def Con from 0.274033 to 0.274033
Heightened Def Con from 0.274185 to 0.274185
Heightened Def Con from 0.274286 to 0.274286
Heightened Def Con from 0.275168 to 0.275168
Heightened Def Con from 0.275545 to 0.275545
Heightened Def Con from 0.276098 to 0.276098
Heightened Def Con from 0.276475 to 0.276475
Heightened Def Con from 0.276977 to 0.276977
Heightened Def Con from 0.277002 to 0.277002
Heightened Def Con from 0.277878 to 0.277878
Heightened Def Con from 0.278004 to 0.278004
Heightened Def Con from 0.278079 to 0.278079
Heightened Def Con from 0.278229 to 0.278229
Heightened Def Con from 0.278803 to 0.278803
Heightened Def Con from 0.278953 to 0.278953
Heightened Def Con from 0.279053 to 0.279053
Heightened Def Con from 0.279576 to 0.279576
Heightened Def Con from 0.279676 to 0.279676
Heightened Def Con from 0.280995 to 0.280995
Heightened Def Con from 0.281193 to 0.281193
Heightened Def Con from 0.281292 to 0.281292
Heightened Def Con from 0.281417 to 0.281417
Heightened Def Con from 0.282086 to 0.282086
Heightened Def Con from 0.282185 to 0.282185
Heightened Def Con from 0.282878 to 0.282878
Heightened Def Con from 0.283323 to 0.283323
Heightened Def Con from 0.284236 to 0.284236
Heightened Def Con from 0.284631 to 0.284631
Heightened Def Con from 0.285221 to 0.285221
Heightened Def Con from 0.285492 to 0.285492
Heightened Def Con from 0.285762 to 0.285762
Heightened Def Con from 0.285934 to 0.285934
Heightened Def Con from 0.286106 to 0.286106
Heightened Def Con from 0.286793 to 0.286793
Heightened Def Con from 0.287013 to 0.287013
Heightened Def Con from 0.287552 to 0.287552
Heightened Def Con from 0.288236 to 0.288236
Heightened Def Con from 0.28848 to 0.28848
Heightened Def Con from 0.288603 to 0.288603
Heightened Def Con from 0.289748 to 0.289748
Heightened Def Con from 0.289943 to 0.289943
Heightened Def Con from 0.290259 to 0.290259
Heightened Def Con from 0.291012 to 0.291012
Heightened Def Con from 0.291206 to 0.291206
Heightened Def Con from 0.291716 to 0.291716
Heightened Def Con from 0.292684 to 0.292684
Heightened Def Con from 0.292853 to 0.292853
Heightened Def Con from 0.294133 to 0.294133
Heightened Def Con from 0.296729 to 0.296729
Heightened Def Con from 0.29771 to 0.29771
Heightened Def Con from 0.297997 to 0.297997
Heightened Def Con from 0.298093 to 0.298093
Heightened Def Con from 0.298451 to 0.298451
Heightened Def Con from 0.298523 to 0.298523
Heightened Def Con from 0.298714 to 0.298714
Heightened Def Con from 0.298976 to 0.298976
Heightened Def Con from 0.29931 to 0.29931
Heightened Def Con from 0.29981 to 0.29981
Heightened Def Con from 0.299953 to 0.299953
Heightened Def Con from 0.299976 to 0.299976
Heightened Def Con from 0.300785 to 0.300785
Heightened Def Con from 0.300927 to 0.300927
Heightened Def Con from 0.302065 to 0.302065
Heightened Def Con from 0.302941 to 0.302941
Heightened Def Con from 0.304004 to 0.304004
Heightened Def Con from 0.304121 to 0.304121
Heightened Def Con from 0.304875 to 0.304875
Heightened Def Con from 0.305111 to 0.305111
Heightened Def Con from 0.305487 to 0.305487
Heightened Def Con from 0.305675 to 0.305675
Heightened Def Con from 0.305863 to 0.305863
Heightened Def Con from 0.306286 to 0.306286
Heightened Def Con from 0.30638 to 0.30638
Heightened Def Con from 0.30652 to 0.30652
Heightened Def Con from 0.306989 to 0.306989
Heightened Def Con from 0.307013 to 0.307013
Heightened Def Con from 0.307434 to 0.307434
Heightened Def Con from 0.307551 to 0.307551
Heightened Def Con from 0.307809 to 0.307809
Heightened Def Con from 0.308089 to 0.308089
Heightened Def Con from 0.308136 to 0.308136
Heightened Def Con from 0.308767 to 0.308767
Heightened Def Con from 0.308907 to 0.308907
Heightened Def Con from 0.309093 to 0.309093
Heightened Def Con from 0.309163 to 0.309163
Heightened Def Con from 0.309839 to 0.309839
Heightened Def Con from 0.309862 to 0.309862
Heightened Def Con from 0.309909 to 0.309909
Heightened Def Con from 0.309979 to 0.309979
Heightened Def Con from 0.310909 to 0.310909
Heightened Def Con from 0.311304 to 0.311304
Heightened Def Con from 0.31193 to 0.31193
Heightened Def Con from 0.312278 to 0.312278
Heightened Def Con from 0.312695 to 0.312695
Heightened Def Con from 0.312764 to 0.312764
Heightened Def Con from 0.313135 to 0.313135
Heightened Def Con from 0.313366 to 0.313366
Heightened Def Con from 0.313574 to 0.313574
Heightened Def Con from 0.313897 to 0.313897
Heightened Def Con from 0.31452 to 0.31452
Heightened Def Con from 0.315188 to 0.315188
Heightened Def Con from 0.317164 to 0.317164
Heightened Def Con from 0.317279 to 0.317279
Heightened Def Con from 0.317416 to 0.317416
Heightened Def Con from 0.317462 to 0.317462
Heightened Def Con from 0.318195 to 0.318195
Heightened Def Con from 0.320204 to 0.320204
Heightened Def Con from 0.321546 to 0.321546
Heightened Def Con from 0.321637 to 0.321637
Heightened Def Con from 0.322205 to 0.322205
Heightened Def Con from 0.322409 to 0.322409
Heightened Def Con from 0.322431 to 0.322431
Heightened Def Con from 0.323043 to 0.323043
Heightened Def Con from 0.323247 to 0.323247
Heightened Def Con from 0.324671 to 0.324671
Heightened Def Con from 0.326519 to 0.326519
Heightened Def Con from 0.326766 to 0.326766
Heightened Def Con from 0.326788 to 0.326788
Heightened Def Con from 0.328135 to 0.328135
Heightened Def Con from 0.328695 to 0.328695
Heightened Def Con from 0.329053 to 0.329053
Heightened Def Con from 0.330438 to 0.330438
Heightened Def Con from 0.330616 to 0.330616
Heightened Def Con from 0.331596 to 0.331596
Heightened Def Con from 0.331841 to 0.331841
Heightened Def Con from 0.33406 to 0.33406
Heightened Def Con from 0.336754 to 0.336754
Heightened Def Con from 0.338249 to 0.338249
Heightened Def Con from 0.341685 to 0.341685
Heightened Def Con from 0.342491 to 0.342491
Heightened Def Con from 0.342513 to 0.342513
Heightened Def Con from 0.345292 to 0.345292
Heightened Def Con from 1.01202 to 1.01202
Heightened Def Con from 1.09348 to 1.09348
Heightened Def Con from 1.12613 to 1.12613
Heightened Def Con from 1.1279 to 1.1279
Heightened Def Con from 1.14205 to 1.14205
Heightened Def Con from 1.18517 to 1.18517
Heightened Def Con from 1.2014 to 1.2014
Heightened Def Con from 1.22678 to 1.22678
Heightened Def Con from 1.27816 to 1.27816
Heightened Def Con from 1.27947 to 1.27947
Heightened Def Con from 1.2893 to 1.2893
Heightened Def Con from 1.31058 to 1.31058
Heightened Def Con from 1.32388 to 1.32388
Heightened Def Con from 1.32575 to 1.32575
Heightened Def Con from 1.32906 to 1.32906
Heightened Def Con from 1.33705 to 1.33705
Heightened Def Con from 1.36665 to 1.36665
Heightened Def Con from 1.37183 to 1.37183
Heightened Def Con from 1.38234 to 1.38234
Heightened Def Con from 1.50232 to 1.50232
Heightened Def Con from 1.53492 to 1.53492
Heightened Def Con from 1.54235 to 1.54235
Heightened Def Con from 1.55349 to 1.55349
Heightened Def Con from 1.56568 to 1.56568
Heightened Def Con from 1.63584 to 1.63584
Heightened Def Con from 1.65271 to 1.65271
Heightened Def Con from 1.65314 to 1.65314
Heightened Def Con from 1.68265 to 1.68265
Heightened Def Con from 1.69534 to 1.69534
Heightened Def Con from 1.69657 to 1.69657
Heightened Def Con from 1.71589 to 1.71589
Heightened Def Con from 1.72795 to 1.72795
Heightened Def Con from 1.73585 to 1.73585
Heightened Def Con from 1.75046 to 1.75046
Heightened Def Con from 1.76126 to 1.76126
Heightened Def Con from 1.79284 to 1.79284
Heightened Def Con from 1.81291 to 1.81291
Heightened Def Con from 1.8798 to 1.8798
Heightened Def Con from 1.88279 to 1.88279
Heightened Def Con from 1.89551 to 1.89551
Heightened Def Con from 1.89934 to 1.89934
Heightened Def Con from 1.91652 to 1.91652
Heightened Def Con from 1.93585 to 1.93585
Heightened Def Con from 1.95444 to 1.95444
Heightened Def Con from 1.98589 to 1.98589
Heightened Def Con from 2.00306 to 2.00306
Heightened Def Con from 2.00352 to 2.00352
Heightened Def Con from 2.01681 to 2.01681
Heightened Def Con from 2.06753 to 2.06753
Heightened Def Con from 2.08588 to 2.08588
Heightened Def Con from 2.0926 to 2.0926
Heightened Def Con from 2.09303 to 2.09303
Heightened Def Con from 2.11109 to 2.11109
Heightened Def Con from 2.13412 to 2.13412
Heightened Def Con from 2.15314 to 2.15314
Heightened Def Con from 2.15513 to 2.15513
Heightened Def Con from 2.15948 to 2.15948
Heightened Def Con from 2.1607 to 2.1607
Heightened Def Con from 2.17043 to 2.17043
Heightened Def Con from 2.17654 to 2.17654
Heightened Def Con from 2.17667 to 2.17667
Heightened Def Con from 2.2 to 2.2
Heightened Def Con from 2.21631 to 2.21631
Heightened Def Con from 2.22497 to 2.22497
Heightened Def Con from 2.23701 to 2.23701
Heightened Def Con from 2.24415 to 2.24415
Heightened Def Con from 2.24896 to 2.24896
Heightened Def Con from 2.25778 to 2.25778
Heightened Def Con from 2.30382 to 2.30382
Heightened Def Con from 2.33484 to 2.33484
Heightened Def Con from 2.35529 to 2.35529
Heightened Def Con from 2.38911 to 2.38911
Heightened Def Con from 2.40371 to 2.40371
Heightened Def Con from 2.43779 to 2.43779
Heightened Def Con from 2.4599 to 2.4599
Heightened Def Con from 2.46108 to 2.46108
Heightened Def Con from 2.51365 to 2.51365
Heightened Def Con from 2.51751 to 2.51751
Heightened Def Con from 2.53908 to 2.53908
Heightened Def Con from 2.55937 to 2.55937
Heightened Def Con from 2.56369 to 2.56369
Heightened Def Con from 2.57734 to 2.57734
Heightened Def Con from 2.57811 to 2.57811
Heightened Def Con from 2.58311 to 2.58311
Heightened Def Con from 2.59655 to 2.59655
Heightened Def Con from 2.60735 to 2.60735
Heightened Def Con from 2.64361 to 2.64361
Heightened Def Con from 2.64613 to 2.64613
Heightened Def Con from 2.71833 to 2.71833
Heightened Def Con from 2.72753 to 2.72753
Heightened Def Con from 2.73505 to 2.73505
Heightened Def Con from 2.78126 to 2.78126
Heightened Def Con from 2.79262 to 2.79262
Heightened Def Con from 2.80506 to 2.80506
Heightened Def Con from 2.83609 to 2.83609
Heightened Def Con from 2.8508 to 2.8508
Heightened Def Con from 2.85085 to 2.85085
Heightened Def Con from 2.86343 to 2.86343
Heightened Def Con from 2.87302 to 2.87302
Heightened Def Con from 2.91226 to 2.91226
Heightened Def Con from 2.91763 to 2.91763
Heightened Def Con from 2.92105 to 2.92105
Heightened Def Con from 2.94179 to 2.94179
Heightened Def Con from 2.95759 to 2.95759
Heightened Def Con from 2.9723 to 2.9723
Heightened Def Con from 3.01063 to 3.01063
Heightened Def Con from 3.03782 to 3.03782
Heightened Def Con from 3.04582 to 3.04582
Heightened Def Con from 3.11105 to 3.11105
Heightened Def Con from 3.13758 to 3.13758
Heightened Def Con from 3.13935 to 3.13935
Heightened Def Con from 3.14044 to 3.14044
Heightened Def Con from 3.1463 to 3.1463
Heightened Def Con from 3.17558 to 3.17558
Heightened Def Con from 3.18212 to 3.18212
Heightened Def Con from 3.21975 to 3.21975
Heightened Def Con from 3.24516 to 3.24516
Heightened Def Con from 3.26083 to 3.26083
Heightened Def Con from 3.26208 to 3.26208
Heightened Def Con from 3.27466 to 3.27466
Heightened Def Con from 3.27583 to 3.27583
Heightened Def Con from 3.29768 to 3.29768
Heightened Def Con from 3.30433 to 3.30433
Heightened Def Con from 3.31088 to 3.31088
Heightened Def Con from 3.3224 to 3.3224
Heightened Def Con from 3.33547 to 3.33547
Heightened Def Con from 3.35638 to 3.35638
Heightened Def Con from 3.36486 to 3.36486
Heightened Def Con from 3.43773 to 3.43773
Heightened Def Con from 3.45409 to 3.45409
Heightened Def Con from 3.45637 to 3.45637
Heightened Def Con from 3.45662 to 3.45662
Heightened Def Con from 3.481 to 3.481
Heightened Def Con from 3.49016 to 3.49016
Heightened Def Con from 3.52917 to 3.52917
Heightened Def Con from 3.56841 to 3.56841
Heightened Def Con from 3.56879 to 3.56879
Heightened Def Con from 3.58073 to 3.58073
Heightened Def Con from 3.59054 to 3.59054
Heightened Def Con from 3.59614 to 3.59614
Heightened Def Con from 3.62055 to 3.62055
Heightened Def Con from 3.63408 to 3.63408
Heightened Def Con from 3.64179 to 3.64179
Heightened Def Con from 3.65606 to 3.65606
Heightened Def Con from 3.65996 to 3.65996
Heightened Def Con from 3.67618 to 3.67618
Heightened Def Con from 3.68177 to 3.68177
Heightened Def Con from 3.69474 to 3.69474
Heightened Def Con from 3.69861 to 3.69861
Heightened Def Con from 3.70584 to 3.70584
Heightened Def Con from 3.72476 to 3.72476
Heightened Def Con from 3.72695 to 3.72695
Heightened Def Con from 3.76214 to 3.76214
Heightened Def Con from 3.81693 to 3.81693
Heightened Def Con from 3.82715 to 3.82715
Heightened Def Con from 3.83122 to 3.83122
Heightened Def Con from 3.83785 to 3.83785
Heightened Def Con from 3.86502 to 3.86502
Heightened Def Con from 3.89716 to 3.89716
Heightened Def Con from 3.92223 to 3.92223
Heightened Def Con from 3.94939 to 3.94939
Heightened Def Con from 3.96655 to 3.96655
Heightened Def Con from 3.96957 to 3.96957
Heightened Def Con from 3.9841 to 3.9841
Heightened Def Con from 4.01345 to 4.01345
Heightened Def Con from 4.0661 to 4.0661
Heightened Def Con from 4.07179 to 4.07179
Heightened Def Con from 4.07597 to 4.07597
Heightened Def Con from 4.08886 to 4.08886
Heightened Def Con from 4.11369 to 4.11369
Heightened Def Con from 4.13577 to 4.13577
Heightened Def Con from 4.14374 to 4.14374
Heightened Def Con from 4.16262 to 4.16262
Total elapsed time: 5448.668 seconds.

