Removed Pin From Net: NetName=R_COIL Pin=J6-2
Change Component Footprint: Designator=J6 Old Footprint=PHOE-1755736-2_V New Footprint=PHOENIX_1755749
Change Component Comment : Designator=J6 Old Comment=1755736 New Comment=1755749
Change Managed Component Library Link : Designator=J6 Old VaultGUID=B7D15EC3-160A-466F-A46C-7801FE6295A7 New VaultGUID= Old ItemGUID=3203D238-B372-4A6E-BB4E-E8947E942413 New ItemGUID= Old RevisionGUID=4F8FB512-4369-4CA6-B835-12965AC86D75 New RevisionGUID=
Change component parameters: Designator = "J6" ("J6"); Footprint = "PHOE-1755736-2_V"; UniqueID = "\IJXNBCTG" ("\IJXNBCTG")
Change component parameters (AddParameter): Name = "Availability"; Value = "Unavailable"; VariantName = "[No Variations]"
Change component parameters (AddParameter): Name = "MF"; Value = ""; VariantName = "[No Variations]"
Change component parameters (AddParameter): Name = "MP"; Value = "1755749"; VariantName = "[No Variations]"
Change component parameters (AddParameter): Name = "Package"; Value = "None"; VariantName = "[No Variations]"
Change component parameters (AddParameter): Name = "Price"; Value = "None"; VariantName = "[No Variations]"
Change component parameters (AddParameter): Name = "Value"; Value = ""; VariantName = "[No Variations]"
Added Component: Designator=R40(RESC1005X37X25LL05T10)
Add component (AddParameter): Name = "Manufacturer"; Value = "Yageo"; VariantName = "[No Variations]"
Add component (AddParameter): Name = "Part Number"; Value = "RE0402FRE0710KL"; VariantName = "[No Variations]"
Added Pin To Net: NetName=R_COIL Pin=J6-3
Added Pin To Net: NetName=3V3 Pin=R40-1
Added Pin To Net: NetName=NetJ6_2 Pin=J6-2
Added Pin To Net: NetName=NetJ6_2 Pin=R40-2
Added Pin To Net: NetName=NetJ6_2 Pin=U8-28
Added Net: Name=NetJ6_2
Added Member To Class: ClassName=logic Member=Component R40 RE0402FRE0710KL
