Added Component: Designator=J3(PHOENIX_1803455)
Add component (AddParameter): Name = "Check_prices"; Value = "https://www.snapeda.com/parts/1803455/Phoenix+Contact/view-part/?ref=eda"; VariantName = "[No Variations]"
Add component (AddParameter): Name = "MF"; Value = "Phoenix Contact"; VariantName = "[No Variations]"
Add component (AddParameter): Name = "MP"; Value = "1803455"; VariantName = "[No Variations]"
Add component (AddParameter): Name = "Package"; Value = "None"; VariantName = "[No Variations]"
Add component (AddParameter): Name = "SnapEDA_Link"; Value = "https://www.snapeda.com/parts/1803455/Phoenix+Contact/view-part/?ref=snap"; VariantName = "[No Variations]"
Add component (AddParameter): Name = "Value"; Value = ""; VariantName = "[No Variations]"
Added Component: Designator=J4(PHOENIX_1803455)
Add component (AddParameter): Name = "Check_prices"; Value = "https://www.snapeda.com/parts/1803455/Phoenix+Contact/view-part/?ref=eda"; VariantName = "[No Variations]"
Add component (AddParameter): Name = "MF"; Value = "Phoenix Contact"; VariantName = "[No Variations]"
Add component (AddParameter): Name = "MP"; Value = "1803455"; VariantName = "[No Variations]"
Add component (AddParameter): Name = "Package"; Value = "None"; VariantName = "[No Variations]"
Add component (AddParameter): Name = "SnapEDA_Link"; Value = "https://www.snapeda.com/parts/1803455/Phoenix+Contact/view-part/?ref=snap"; VariantName = "[No Variations]"
Add component (AddParameter): Name = "Value"; Value = ""; VariantName = "[No Variations]"
Add component: Footprint Not Found FP-22-03-5065-MFG
Added Pin To Net: NetName=ANALOG_SENSOR_1 Pin=J3-01
Added Pin To Net: NetName=ANALOG_SENSOR_2 Pin=J3-02
Added Pin To Net: NetName=EXT_SENSOR2_I2C_SCL Pin=J3-03
Added Pin To Net: NetName=EXT_SENSOR1_I2C_SCL Pin=J3-04
Added Pin To Net: NetName=NetD1_1 Pin=J3-05
Added Pin To Net: NetName=GND Pin=J4-01
Added Pin To Net: NetName=EXT_SENSOR2_I2C_SDA Pin=J4-02
Added Pin To Net: NetName=EXT_SENSOR1_I2C_SDA Pin=J4-03
Added Pin To Net: NetName=NetD2_1 Pin=J4-05
Added Pin To Net: NetName=NetJ4_04 Pin=J4-04
Added Pin To Net: NetName=NetJ4_04 Pin=Q5-1
Added Pin To Net: NetName=NetJ4_04 Pin=R45-2
Added Net: Name=NetJ4_04
Added Member To Class: ClassName=input_output Member=Component J3 1803455
Added Member To Class: ClassName=input_output Member=Component J4 1803455
Add Class Member: Failed to add class member : Component J7 22-03-5065
