Added Component: Designator=J5(FP-1787247-MFG)
Add component (AddParameter): Name = "Automotive"; Value = "No"; VariantName = "[No Variations]"
Add component (AddParameter): Name = "Category"; Value = "Conn"; VariantName = "[No Variations]"
Add component (AddParameter): Name = "ComponentLink2Description"; Value = "Datasheet"; VariantName = "[No Variations]"
Add component (AddParameter): Name = "ComponentLink2URL"; Value = "http://www.phoenixcontact.com/us/products/1787247/pdf"; VariantName = "[No Variations]"
Add component (AddParameter): Name = "Conn Gender"; Value = "Male"; VariantName = "[No Variations]"
Add component (AddParameter): Name = "Conn Orientation"; Value = "Straight"; VariantName = "[No Variations]"
Add component (AddParameter): Name = "Contact Material"; Value = "Tin"; VariantName = "[No Variations]"
Add component (AddParameter): Name = "Current Rating"; Value = "8A"; VariantName = "[No Variations]"
Add component (AddParameter): Name = "Device Class L1"; Value = "Connectors"; VariantName = "[No Variations]"
Add component (AddParameter): Name = "Device Class L2"; Value = "Headers and Wire Housings"; VariantName = "[No Variations]"
Add component (AddParameter): Name = "Device Class L3"; Value = "unset"; VariantName = "[No Variations]"
Add component (AddParameter): Name = "Digikey Description"; Value = "TERM BLOCK HDR 12POS VERT 3.5MM"; VariantName = "[No Variations]"
Add component (AddParameter): Name = "Footprint Url"; Value = "https://www.phoenixcontact.com/online/portal/pi/pxc/product_detail_page/!ut/p/z1/5VfdU6MwEP9XuIe-mSYECPSxH56tVo-zVQsvTAihkzu-DLT1_OsvtHhq50RnHJ9gMjTJ7m83v80us4U-XEE_o1uxppXIM5qoteeTAJ_pSJ-a-iXCBKOfwzPbvFmSH9-nBryFPvRLnnBW8WhMK77O5R_oDefzWlDREHp6PSsY-w09F-g6QFi9671EhJLW2oXg2V5JRErddmxs2vU6j93x-OIYVokq4WpTikz5BExIthGVFuZURhrLs0ydJZca0CaX41tNP7F6SCPgTAfGiaW5GC2n10r45OaulaGDod8egAMevfEM0Xt4T-HtNxVcGy72kYnihGbrDV0r5vuNvBT1HR1WkjMutlw2sg_FWubRhtUmlvyhOgA_co9RnObR0yGO7quxOeEVFUk5q3g6e6HQztQyO8OUdIap1RmmnanTeWfqdN6ZOp13pk7nnanTSWeyd9KZL9LEUEy9EfQuyvviegfPoS_CtL9jaR_1iwfWb4wH0d56UNShUC28-HV_7w-hr5rjqiayqgn20I6HPZRSoaYNsOyhRJTVHqjm7ngU_Guoy-A5Wj0UMcuxKbFBaJkImIQQQDEyAecGDkls68bAUb2x39r-1t31XqGlfV7wLJicBu5q7M5aw2MijOHdVvAdvMlymap_L4e0YPUNxGGIMTEHYGBb9XkHDnCIRYHNmWGEnOnM4XCK3vOgf9JDu_kZ_lrzxpeaH3729OctyWKihfnfVFa5-5zMeRw3gh7iUubykMmwSFPHaAa4WT0uefj4csQv5IcRXF1Z21cD0NcYHjrIOIJZxfYI9oWugB-Sa-fy1DC98-3j6Ao0P7737S_rhFa1/p0/IZ7_2G101H41M02620QAG74UT6OFL5=CZ6_2G101H41M02620QAG74UT6OFH3=LA0=EdownloadId!3902812=action!downloadFi"; VariantName = "[No Variations]"
Add component (AddParameter): Name = "Height"; Value = "10.15mm"; VariantName = "[No Variations]"
Add component (AddParameter): Name = "Lead Free"; Value = "Yes"; VariantName = "[No Variations]"
Add component (AddParameter): Name = "Manufacturer"; Value = "Phoenix Contact"; VariantName = "[No Variations]"
Add component (AddParameter): Name = "Manufacturer Part Number"; Value = "1787247"; VariantName = "[No Variations]"
Add component (AddParameter): Name = "Mouser Description"; Value = "Pluggable Terminal Blocks 6 Pos 3.5mm Dbl Row Through Hole Header"; VariantName = "[No Variations]"
Add component (AddParameter): Name = "Number Of Contacts"; Value = "12"; VariantName = "[No Variations]"
Add component (AddParameter): Name = "Number Of Rows"; Value = "2"; VariantName = "[No Variations]"
Add component (AddParameter): Name = "Octopart"; Value = "https://octopart.com/1787247-phoenix+contact-20463458"; VariantName = "[No Variations]"
Add component (AddParameter): Name = "Package"; Value = "1787247"; VariantName = "[No Variations]"
Add component (AddParameter): Name = "Pitch"; Value = "3.5mm"; VariantName = "[No Variations]"
Add component (AddParameter): Name = "RoHS"; Value = "TRUE"; VariantName = "[No Variations]"
Add component (AddParameter): Name = "Voltage Rating"; Value = "160V"; VariantName = "[No Variations]"
Added Component: Designator=J6(PHOE-1755736-2_V)
Add component (AddParameter): Name = "Colour"; Value = "Green"; VariantName = "[No Variations]"
Add component (AddParameter): Name = "Content"; Value = "250pc(s)"; VariantName = "[No Variations]"
Add component (AddParameter): Name = "Datasheet URL"; Value = "http://www.mouser.com/ds/2/324/ItemDetail_1755736-921028.pdf"; VariantName = "[No Variations]"
Add component (AddParameter): Name = "Datasheet Version"; Value = "Apr-16"; VariantName = "[No Variations]"
Add component (AddParameter): Name = "Industrial packaging"; Value = "Yes"; VariantName = "[No Variations]"
Add component (AddParameter): Name = "Manufacturer"; Value = "Phoenix Contact"; VariantName = "[No Variations]"
Add component (AddParameter): Name = "Manufacturer part No."; Value = "1755736"; VariantName = "[No Variations]"
Add component (AddParameter): Name = "Manufacturer URL"; Value = "http://www.phoenixcontact.com/"; VariantName = "[No Variations]"
Add component (AddParameter): Name = "Number of contacts"; Value = "2"; VariantName = "[No Variations]"
Add component (AddParameter): Name = "Pitch"; Value = "5.08mm"; VariantName = "[No Variations]"
Add component (AddParameter): Name = "Type"; Value = "MSTBVA2,5/2-G-5,08"; VariantName = "[No Variations]"
Added Pin To Net: NetName=R_COIL Pin=J6-1
Added Pin To Net: NetName=R_COIL Pin=J6-2
Added Member To Class: ClassName=input_output Member=Component J5 1787247
Added Member To Class: ClassName=input_output Member=Component J6 1755736
