Change Component Footprint: Designator=Q3 Old Footprint=INF-PG-TO252-3-11_A_L New Footprint=FP-PG-TO252-3-MFG
Change Component Footprint: Designator=Q4 Old Footprint=INF-PG-TO252-3-11_A_L New Footprint=FP-PG-TO252-3-MFG
Change Managed Component Library Link : Designator=Q3 Old VaultGUID=B7D15EC3-160A-466F-A46C-7801FE6295A7 New VaultGUID=B7D15EC3-160A-466F-A46C-7801FE6295A7 Old ItemGUID=0C621B9D-4244-4FB4-93C3-8791788BEE45 New ItemGUID=E4819308-FEFC-4C92-AB56-ECC41EB46ED2 Old RevisionGUID=EB3C82E5-A98C-4C5D-B752-A1DDC8F96CCF New RevisionGUID=F3DC72BD-0008-4030-91B8-7165777B77D7
Change Managed Component Library Link : Designator=Q4 Old VaultGUID=B7D15EC3-160A-466F-A46C-7801FE6295A7 New VaultGUID=B7D15EC3-160A-466F-A46C-7801FE6295A7 Old ItemGUID=0C621B9D-4244-4FB4-93C3-8791788BEE45 New ItemGUID=E4819308-FEFC-4C92-AB56-ECC41EB46ED2 Old RevisionGUID=EB3C82E5-A98C-4C5D-B752-A1DDC8F96CCF New RevisionGUID=F3DC72BD-0008-4030-91B8-7165777B77D7
Change component parameters: Designator = "Q3" ("Q3"); Footprint = "INF-PG-TO252-3-11_A_L"; UniqueID = "\NVLPTBKQ" ("\NVLPTBKQ")
Change component parameters (AddParameter): Name = "Automotive"; Value = "No"; VariantName = "[No Variations]"
Change component parameters (AddParameter): Name = "Category"; Value = "Trans"; VariantName = "[No Variations]"
Change component parameters (AddParameter): Name = "ComponentLink2Description"; Value = "Datasheet"; VariantName = "[No Variations]"
Change component parameters (AddParameter): Name = "ComponentLink2URL"; Value = "https://www.infineon.com/dgdl/irlr7843pbf.pdf?fileId=5546d462533600a40153566de53526d8"; VariantName = "[No Variations]"
Change component parameters (AddParameter): Name = "Continuous Drain Current"; Value = "161A"; VariantName = "[No Variations]"
Change component parameters (AddParameter): Name = "Depletion Mode"; Value = "False"; VariantName = "[No Variations]"
Change component parameters (AddParameter): Name = "Device Class L1"; Value = "Discrete Semiconductors"; VariantName = "[No Variations]"
Change component parameters (AddParameter): Name = "Device Class L2"; Value = "Transistors"; VariantName = "[No Variations]"
Change component parameters (AddParameter): Name = "Device Class L3"; Value = "MOSFETs"; VariantName = "[No Variations]"
Change component parameters (AddParameter): Name = "Digikey Description"; Value = "MOSFET N-CH 30V 161A DPAK"; VariantName = "[No Variations]"
Change component parameters (AddParameter): Name = "Drain To Source Breakdown Voltage"; Value = "30V"; VariantName = "[No Variations]"
Change component parameters (AddParameter): Name = "Drain To Source Resistance"; Value = "3.2mO"; VariantName = "[No Variations]"
Change component parameters (AddParameter): Name = "Drain To Source Voltage"; Value = "30V"; VariantName = "[No Variations]"
Change component parameters (AddParameter): Name = "Footprint Url"; Value = "https://www.infineon.com/cms/en/product/packages/PG-TO252/PG-TO252-3-901/"; VariantName = "[No Variations]"
Change component parameters (AddParameter): Name = "Gate Charge At Vgs"; Value = "34nC @ 4.5V"; VariantName = "[No Variations]"
Change component parameters (AddParameter): Name = "Gate To Source Voltage"; Value = "20V"; VariantName = "[No Variations]"
Change component parameters (AddParameter): Name = "Height"; Value = "2.52mm"; VariantName = "[No Variations]"
Change component parameters (AddParameter): Name = "Input Capacitace At Vds"; Value = "4380pF @ 15V"; VariantName = "[No Variations]"
Change component parameters (AddParameter): Name = "Lead Free"; Value = "Yes"; VariantName = "[No Variations]"
Change component parameters (AddParameter): Name = "Manufacturer"; Value = "Infineon"; VariantName = "[No Variations]"
Change component parameters (AddParameter): Name = "Manufacturer Part Number"; Value = "IRLR7843TRPBF"; VariantName = "[No Variations]"
Change component parameters (AddParameter): Name = "Max Forward Diode Voltage"; Value = "1V"; VariantName = "[No Variations]"
Change component parameters (AddParameter): Name = "Max Junction Temp"; Value = "+175°C"; VariantName = "[No Variations]"
Change component parameters (AddParameter): Name = "Number Of Channels"; Value = "1"; VariantName = "[No Variations]"
Change component parameters (AddParameter): Name = "Number Of N Channels"; Value = "1"; VariantName = "[No Variations]"
Change component parameters (AddParameter): Name = "Octopart"; Value = "https://octopart.com/irlr7843trpbf-infineon-65875062"; VariantName = "[No Variations]"
Change component parameters (AddParameter): Name = "Package"; Value = "PG-TO252-3"; VariantName = "[No Variations]"
Change component parameters (AddParameter): Name = "Power Dissipation"; Value = "140W"; VariantName = "[No Variations]"
Change component parameters (AddParameter): Name = "Pulse Drain Current"; Value = "620A"; VariantName = "[No Variations]"
Change component parameters (AddParameter): Name = "Reverse Recovery Charge"; Value = "36nC"; VariantName = "[No Variations]"
Change component parameters (AddParameter): Name = "Reverse Recovery Time"; Value = "39ns"; VariantName = "[No Variations]"
Change component parameters (AddParameter): Name = "RoHS"; Value = "TRUE"; VariantName = "[No Variations]"
Change component parameters (AddParameter): Name = "Rthja Max"; Value = "50°C/W"; VariantName = "[No Variations]"
Change component parameters (AddParameter): Name = "Temperature"; Value = "-55°C to +175°C"; VariantName = "[No Variations]"
Change component parameters (AddParameter): Name = "Temperature Range High"; Value = "+175°C"; VariantName = "[No Variations]"
Change component parameters (AddParameter): Name = "Temperature Range Low"; Value = "-55°C"; VariantName = "[No Variations]"
Change component parameters (AddParameter): Name = "Threshold Vgs Max"; Value = "2.3V"; VariantName = "[No Variations]"
Change component parameters (AddParameter): Name = "Threshold Vgs Min"; Value = "1.4V"; VariantName = "[No Variations]"
Change component parameters (AddParameter): Name = "Turn Off Delay Time"; Value = "34ns"; VariantName = "[No Variations]"
Change component parameters (AddParameter): Name = "Turn On Delay Time"; Value = "25ns"; VariantName = "[No Variations]"
Change component parameters: Designator = "Q4" ("Q4"); Footprint = "INF-PG-TO252-3-11_A_L"; UniqueID = "\KJHMQGBS" ("\KJHMQGBS")
Change component parameters (AddParameter): Name = "Automotive"; Value = "No"; VariantName = "[No Variations]"
Change component parameters (AddParameter): Name = "Category"; Value = "Trans"; VariantName = "[No Variations]"
Change component parameters (AddParameter): Name = "ComponentLink2Description"; Value = "Datasheet"; VariantName = "[No Variations]"
Change component parameters (AddParameter): Name = "ComponentLink2URL"; Value = "https://www.infineon.com/dgdl/irlr7843pbf.pdf?fileId=5546d462533600a40153566de53526d8"; VariantName = "[No Variations]"
Change component parameters (AddParameter): Name = "Continuous Drain Current"; Value = "161A"; VariantName = "[No Variations]"
Change component parameters (AddParameter): Name = "Depletion Mode"; Value = "False"; VariantName = "[No Variations]"
Change component parameters (AddParameter): Name = "Device Class L1"; Value = "Discrete Semiconductors"; VariantName = "[No Variations]"
Change component parameters (AddParameter): Name = "Device Class L2"; Value = "Transistors"; VariantName = "[No Variations]"
Change component parameters (AddParameter): Name = "Device Class L3"; Value = "MOSFETs"; VariantName = "[No Variations]"
Change component parameters (AddParameter): Name = "Digikey Description"; Value = "MOSFET N-CH 30V 161A DPAK"; VariantName = "[No Variations]"
Change component parameters (AddParameter): Name = "Drain To Source Breakdown Voltage"; Value = "30V"; VariantName = "[No Variations]"
Change component parameters (AddParameter): Name = "Drain To Source Resistance"; Value = "3.2mO"; VariantName = "[No Variations]"
Change component parameters (AddParameter): Name = "Drain To Source Voltage"; Value = "30V"; VariantName = "[No Variations]"
Change component parameters (AddParameter): Name = "Footprint Url"; Value = "https://www.infineon.com/cms/en/product/packages/PG-TO252/PG-TO252-3-901/"; VariantName = "[No Variations]"
Change component parameters (AddParameter): Name = "Gate Charge At Vgs"; Value = "34nC @ 4.5V"; VariantName = "[No Variations]"
Change component parameters (AddParameter): Name = "Gate To Source Voltage"; Value = "20V"; VariantName = "[No Variations]"
Change component parameters (AddParameter): Name = "Height"; Value = "2.52mm"; VariantName = "[No Variations]"
Change component parameters (AddParameter): Name = "Input Capacitace At Vds"; Value = "4380pF @ 15V"; VariantName = "[No Variations]"
Change component parameters (AddParameter): Name = "Lead Free"; Value = "Yes"; VariantName = "[No Variations]"
Change component parameters (AddParameter): Name = "Manufacturer"; Value = "Infineon"; VariantName = "[No Variations]"
Change component parameters (AddParameter): Name = "Manufacturer Part Number"; Value = "IRLR7843TRPBF"; VariantName = "[No Variations]"
Change component parameters (AddParameter): Name = "Max Forward Diode Voltage"; Value = "1V"; VariantName = "[No Variations]"
Change component parameters (AddParameter): Name = "Max Junction Temp"; Value = "+175°C"; VariantName = "[No Variations]"
Change component parameters (AddParameter): Name = "Number Of Channels"; Value = "1"; VariantName = "[No Variations]"
Change component parameters (AddParameter): Name = "Number Of N Channels"; Value = "1"; VariantName = "[No Variations]"
Change component parameters (AddParameter): Name = "Octopart"; Value = "https://octopart.com/irlr7843trpbf-infineon-65875062"; VariantName = "[No Variations]"
Change component parameters (AddParameter): Name = "Package"; Value = "PG-TO252-3"; VariantName = "[No Variations]"
Change component parameters (AddParameter): Name = "Power Dissipation"; Value = "140W"; VariantName = "[No Variations]"
Change component parameters (AddParameter): Name = "Pulse Drain Current"; Value = "620A"; VariantName = "[No Variations]"
Change component parameters (AddParameter): Name = "Reverse Recovery Charge"; Value = "36nC"; VariantName = "[No Variations]"
Change component parameters (AddParameter): Name = "Reverse Recovery Time"; Value = "39ns"; VariantName = "[No Variations]"
Change component parameters (AddParameter): Name = "RoHS"; Value = "TRUE"; VariantName = "[No Variations]"
Change component parameters (AddParameter): Name = "Rthja Max"; Value = "50°C/W"; VariantName = "[No Variations]"
Change component parameters (AddParameter): Name = "Temperature"; Value = "-55°C to +175°C"; VariantName = "[No Variations]"
Change component parameters (AddParameter): Name = "Temperature Range High"; Value = "+175°C"; VariantName = "[No Variations]"
Change component parameters (AddParameter): Name = "Temperature Range Low"; Value = "-55°C"; VariantName = "[No Variations]"
Change component parameters (AddParameter): Name = "Threshold Vgs Max"; Value = "2.3V"; VariantName = "[No Variations]"
Change component parameters (AddParameter): Name = "Threshold Vgs Min"; Value = "1.4V"; VariantName = "[No Variations]"
Change component parameters (AddParameter): Name = "Turn Off Delay Time"; Value = "34ns"; VariantName = "[No Variations]"
Change component parameters (AddParameter): Name = "Turn On Delay Time"; Value = "25ns"; VariantName = "[No Variations]"
Added Pin To Net: NetName=NetQ3_4 Pin=Q3-4
Added Pin To Net: NetName=NetQ3_4 Pin=T1-6
Added Pin To Net: NetName=NetQ3_4 Pin=T1-9
Added Net: Name=NetQ3_4
Added Pin To Net: NetName=NetQ4_4 Pin=Q4-4
Added Pin To Net: NetName=NetQ4_4 Pin=T2-6
Added Pin To Net: NetName=NetQ4_4 Pin=T2-9
Added Net: Name=NetQ4_4
