Removed Pin From Net: NetName=VBAT Pin=C13-1
Removed Pin From Net: NetName=GND Pin=C13-2
Removed Pin From Net: NetName=VBAT Pin=C18-1
Removed Pin From Net: NetName=GND Pin=C18-2
Removed Pin From Net: NetName=VBAT Pin=U4-8
Removed Pin From Net: NetName=VBAT Pin=U5-8
Change Footprint: Cannot match pads with new footprint in component :Q5 Footprint:ONSC-DPAK-3-369C-01_V
Change component parameters: Designator = "C16" ("C16"); Footprint = "0603_FP"; UniqueID = "\NOZLRXOC" ("\NOZLRXOC")
Change component parameters (AddParameter): Name = "Format"; Value = "0402"; VariantName = "[No Variations]"
Change component parameters (AddParameter): Name = "Package"; Value = "0402"; VariantName = "[No Variations]"
Change component parameters (AddParameter): Name = "Value"; Value = ".1 uF"; VariantName = "[No Variations]"
Change component parameters: Designator = "C21" ("C21"); Footprint = "0603_FP"; UniqueID = "\WSYSFQOI" ("\WSYSFQOI")
Change component parameters (AddParameter): Name = "Format"; Value = "0402"; VariantName = "[No Variations]"
Change component parameters (AddParameter): Name = "Package"; Value = "0402"; VariantName = "[No Variations]"
Change component parameters (AddParameter): Name = "Value"; Value = ".1 uF"; VariantName = "[No Variations]"
Change component parameters: Designator = "R25" ("R25"); Footprint = "0603_FP"; UniqueID = "\YMAKPJKT" ("\YMAKPJKT")
Change component parameters (AddParameter): Name = "Format"; Value = "0402"; VariantName = "[No Variations]"
Change component parameters (AddParameter): Name = "Package"; Value = "0402"; VariantName = "[No Variations]"
Change component parameters (AddParameter): Name = "Value"; Value = "100 kOhm"; VariantName = "[No Variations]"
Change component parameters: Designator = "R27" ("R27"); Footprint = "0603_FP"; UniqueID = "\GEGVRYQF" ("\GEGVRYQF")
Change component parameters (AddParameter): Name = "Format"; Value = "0402"; VariantName = "[No Variations]"
Change component parameters (AddParameter): Name = "Package"; Value = "0402"; VariantName = "[No Variations]"
Change component parameters (AddParameter): Name = "Value"; Value = "5.6 kOhm"; VariantName = "[No Variations]"
Change component parameters: Designator = "R48" ("R48"); Footprint = "0603_FP"; UniqueID = "\BPMFYETY" ("\BPMFYETY")
Change component parameters (AddParameter): Name = "Format"; Value = "0402"; VariantName = "[No Variations]"
Change component parameters (AddParameter): Name = "Package"; Value = "0402"; VariantName = "[No Variations]"
Change component parameters (AddParameter): Name = "Value"; Value = "100 kO"; VariantName = "[No Variations]"
Change component parameters: Designator = "R50" ("R50"); Footprint = "0603_FP"; UniqueID = "\NNXZLFLX" ("\NNXZLFLX")
Change component parameters (AddParameter): Name = "Format"; Value = "0402"; VariantName = "[No Variations]"
Change component parameters (AddParameter): Name = "Package"; Value = "0402"; VariantName = "[No Variations]"
Change component parameters (AddParameter): Name = "Value"; Value = "5.6 kOhm"; VariantName = "[No Variations]"
Added Component: Designator=C45(0603_FP)
Add component (AddParameter): Name = "Format"; Value = "0402"; VariantName = "[No Variations]"
Add component (AddParameter): Name = "Package"; Value = "0402"; VariantName = "[No Variations]"
Add component (AddParameter): Name = "Value"; Value = ".22 uF"; VariantName = "[No Variations]"
Added Component: Designator=C51(0603_FP)
Add component (AddParameter): Name = "Format"; Value = "0402"; VariantName = "[No Variations]"
Add component (AddParameter): Name = "Package"; Value = "0402"; VariantName = "[No Variations]"
Add component (AddParameter): Name = "Value"; Value = ".22 uF"; VariantName = "[No Variations]"
Added Pin To Net: NetName=GND Pin=C13-1
Added Pin To Net: NetName=GND Pin=C18-1
Added Pin To Net: NetName=VBAT Pin=C45-1
Added Pin To Net: NetName=GND Pin=C45-2
Added Pin To Net: NetName=VBAT Pin=C51-1
Added Pin To Net: NetName=GND Pin=C51-2
Added Pin To Net: NetName=NetC13_2 Pin=C13-2
Added Pin To Net: NetName=NetC13_2 Pin=U4-8
Added Net: Name=NetC13_2
Added Pin To Net: NetName=NetC18_2 Pin=C18-2
Added Pin To Net: NetName=NetC18_2 Pin=U5-8
Added Net: Name=NetC18_2
Added Member To Class: ClassName=HV_power Member=Component C45 GRM21BR61C475KA88L
Added Member To Class: ClassName=HV_power Member=Component C51 GRM21BR61C475KA88L
