Change Component Footprint: Designator=C12 Old Footprint=FP-B32672Z4105K000-MFG New Footprint=WCAP-ATG5_D6.3H11
Change Component Footprint: Designator=C17 Old Footprint=FP-B32672Z4105K000-MFG New Footprint=WCAP-ATG5_D6.3H11
Change Component Comment : Designator=C12 Old Comment=B32672Z4105K000 New Comment=860021373001
Change Component Comment : Designator=C17 Old Comment=B32672Z4105K000 New Comment=860021373001
Change Managed Component Library Link : Designator=C12 Old VaultGUID=B7D15EC3-160A-466F-A46C-7801FE6295A7 New VaultGUID=B7D15EC3-160A-466F-A46C-7801FE6295A7 Old ItemGUID=53C1265B-19F6-4CF5-8714-AC08BE48B4FC New ItemGUID=DE9987E7-5F2A-4A7D-96EB-3B82D1DE9B15 Old RevisionGUID=C28B46A2-F354-406E-8CD5-EDED2A3456AD New RevisionGUID=C6369EEF-7D2F-4181-9B67-B06B62D81C87
Change Managed Component Library Link : Designator=C17 Old VaultGUID=B7D15EC3-160A-466F-A46C-7801FE6295A7 New VaultGUID=B7D15EC3-160A-466F-A46C-7801FE6295A7 Old ItemGUID=53C1265B-19F6-4CF5-8714-AC08BE48B4FC New ItemGUID=DE9987E7-5F2A-4A7D-96EB-3B82D1DE9B15 Old RevisionGUID=C28B46A2-F354-406E-8CD5-EDED2A3456AD New RevisionGUID=C6369EEF-7D2F-4181-9B67-B06B62D81C87
Change component parameters: Designator = "C12" ("C12"); Footprint = "FP-B32672Z4105K000-MFG"; UniqueID = "\DDHSPEZH" ("\DDHSPEZH")
Change component parameters (AddParameter): Name = "Capacitance"; Value = "470nF"; VariantName = "[No Variations]"
Change component parameters (AddParameter): Name = "Case/Package"; Value = "Radial"; VariantName = "[No Variations]"
Change component parameters (AddParameter): Name = "Diameter"; Value = "6.3mm"; VariantName = "[No Variations]"
Change component parameters (AddParameter): Name = "Height"; Value = "11mm"; VariantName = "[No Variations]"
Change component parameters (AddParameter): Name = "Height - Seated (Max)"; Value = "12.4968mm"; VariantName = "[No Variations]"
Change component parameters (AddParameter): Name = "Lead Pitch"; Value = "2.4892mm"; VariantName = "[No Variations]"
Change component parameters (AddParameter): Name = "Leakage Current"; Value = "5.64µA"; VariantName = "[No Variations]"
Change component parameters (AddParameter): Name = "Length"; Value = "11mm"; VariantName = "[No Variations]"
Change component parameters (AddParameter): Name = "Life (Hours)"; Value = "2000hours"; VariantName = "[No Variations]"
Change component parameters (AddParameter): Name = "Max Operating Temperature"; Value = "105°C"; VariantName = "[No Variations]"
Change component parameters (AddParameter): Name = "Min Operating Temperature"; Value = "-25°C"; VariantName = "[No Variations]"
Change component parameters (AddParameter): Name = "Mount"; Value = "Through Hole"; VariantName = "[No Variations]"
Change component parameters (AddParameter): Name = "NexarPartId"; Value = "53914267"; VariantName = "[No Variations]"
Change component parameters (AddParameter): Name = "Packaging"; Value = "Tape & Box (TB)"; VariantName = "[No Variations]"
Change component parameters (AddParameter): Name = "Pitch"; Value = "2.5mm"; VariantName = "[No Variations]"
Change component parameters (AddParameter): Name = "Polarity"; Value = "Polar"; VariantName = "[No Variations]"
Change component parameters (AddParameter): Name = "REACH SVHC"; Value = "Unknown"; VariantName = "[No Variations]"
Change component parameters (AddParameter): Name = "Ripple Current"; Value = "14mA"; VariantName = "[No Variations]"
Change component parameters (AddParameter): Name = "RoHS"; Value = "Compliant"; VariantName = "[No Variations]"
Change component parameters (AddParameter): Name = "Tolerance"; Value = "20%"; VariantName = "[No Variations]"
Change component parameters (AddParameter): Name = "Voltage Rating"; Value = "400V"; VariantName = "[No Variations]"
Change component parameters (AddParameter): Name = "Voltage Rating (DC)"; Value = "400V"; VariantName = "[No Variations]"
Change component parameters: Designator = "C17" ("C17"); Footprint = "FP-B32672Z4105K000-MFG"; UniqueID = "\VSOGTVVC" ("\VSOGTVVC")
Change component parameters (AddParameter): Name = "Capacitance"; Value = "470nF"; VariantName = "[No Variations]"
Change component parameters (AddParameter): Name = "Case/Package"; Value = "Radial"; VariantName = "[No Variations]"
Change component parameters (AddParameter): Name = "Diameter"; Value = "6.3mm"; VariantName = "[No Variations]"
Change component parameters (AddParameter): Name = "Height"; Value = "11mm"; VariantName = "[No Variations]"
Change component parameters (AddParameter): Name = "Height - Seated (Max)"; Value = "12.4968mm"; VariantName = "[No Variations]"
Change component parameters (AddParameter): Name = "Lead Pitch"; Value = "2.4892mm"; VariantName = "[No Variations]"
Change component parameters (AddParameter): Name = "Leakage Current"; Value = "5.64µA"; VariantName = "[No Variations]"
Change component parameters (AddParameter): Name = "Length"; Value = "11mm"; VariantName = "[No Variations]"
Change component parameters (AddParameter): Name = "Life (Hours)"; Value = "2000hours"; VariantName = "[No Variations]"
Change component parameters (AddParameter): Name = "Max Operating Temperature"; Value = "105°C"; VariantName = "[No Variations]"
Change component parameters (AddParameter): Name = "Min Operating Temperature"; Value = "-25°C"; VariantName = "[No Variations]"
Change component parameters (AddParameter): Name = "Mount"; Value = "Through Hole"; VariantName = "[No Variations]"
Change component parameters (AddParameter): Name = "NexarPartId"; Value = "53914267"; VariantName = "[No Variations]"
Change component parameters (AddParameter): Name = "Packaging"; Value = "Tape & Box (TB)"; VariantName = "[No Variations]"
Change component parameters (AddParameter): Name = "Pitch"; Value = "2.5mm"; VariantName = "[No Variations]"
Change component parameters (AddParameter): Name = "Polarity"; Value = "Polar"; VariantName = "[No Variations]"
Change component parameters (AddParameter): Name = "REACH SVHC"; Value = "Unknown"; VariantName = "[No Variations]"
Change component parameters (AddParameter): Name = "Ripple Current"; Value = "14mA"; VariantName = "[No Variations]"
Change component parameters (AddParameter): Name = "RoHS"; Value = "Compliant"; VariantName = "[No Variations]"
Change component parameters (AddParameter): Name = "Tolerance"; Value = "20%"; VariantName = "[No Variations]"
Change component parameters (AddParameter): Name = "Voltage Rating"; Value = "400V"; VariantName = "[No Variations]"
Change component parameters (AddParameter): Name = "Voltage Rating (DC)"; Value = "400V"; VariantName = "[No Variations]"
