Removed Pin From Net: NetName=VBAT Pin=J2-1
Removed Pin From Net: NetName=VBAT Pin=J2-2
Removed Pin From Net: NetName=AGND Pin=J4-1
Removed Pin From Net: NetName=AGND Pin=J4-2
Removed Pin From Net: NetName=AGND Pin=J5-2
Removed Pin From Net: NetName=AGND Pin=J5-4
Removed Member From Class: ClassName=input_output Member=J4
Added Component: Designator=C46(FP-EEH-G16-MFG)
Added Component: Designator=C47(FP-C1206X104J3GACTU-MFG)
Add component (AddParameter): Name = "RoHS Compliant"; Value = "Yes"; VariantName = "[No Variations]"
Added Component: Designator=C48(FP-C1206X104J3GACTU-MFG)
Add component (AddParameter): Name = "RoHS Compliant"; Value = "Yes"; VariantName = "[No Variations]"
Added Component: Designator=C49(FP-C1206X104J3GACTU-MFG)
Add component (AddParameter): Name = "RoHS Compliant"; Value = "Yes"; VariantName = "[No Variations]"
Added Component: Designator=C50(FP-C1206X104J3GACTU-MFG)
Add component (AddParameter): Name = "RoHS Compliant"; Value = "Yes"; VariantName = "[No Variations]"
Added Component: Designator=Q5(PRSS0004AE-B_MFG)
Add component (AddParameter): Name = "Case/Package"; Value = "SC"; VariantName = "[No Variations]"
Add component (AddParameter): Name = "China RoHS"; Value = "Compliant"; VariantName = "[No Variations]"
Add component (AddParameter): Name = "ComponentLink1Description"; Value = "Manufacturer's Website"; VariantName = "[No Variations]"
Add component (AddParameter): Name = "ComponentLink1URL"; Value = "http://www.renesas.com"; VariantName = "[No Variations]"
Add component (AddParameter): Name = "ComponentLink2Description"; Value = "Datasheet URL"; VariantName = "[No Variations]"
Add component (AddParameter): Name = "ComponentLink2URL"; Value = "https://octopart.com/cad-content/api/get-model-datasheet/15189/24886581"; VariantName = "[No Variations]"
Add component (AddParameter): Name = "ComponentLink3Description"; Value = "Manufacturer's Package Drawing"; VariantName = "[No Variations]"
Add component (AddParameter): Name = "ComponentLink3URL"; Value = "https://www.renesas.com/en/document/psc/package-drawing-ldpaks-1-4pin-prss0004ae-b"; VariantName = "[No Variations]"
Add component (AddParameter): Name = "Continuous Drain Current (ID)"; Value = "10A"; VariantName = "[No Variations]"
Add component (AddParameter): Name = "Drain to Source Voltage (Vdss)"; Value = "600V"; VariantName = "[No Variations]"
Add component (AddParameter): Name = "Export Control Classification Number (ECCN) Code"; Value = "EAR99"; VariantName = "[No Variations]"
Add component (AddParameter): Name = "Gate to Source Voltage (Vgs)"; Value = "30V"; VariantName = "[No Variations]"
Add component (AddParameter): Name = "Height"; Value = "4.64mm"; VariantName = "[No Variations]"
Add component (AddParameter): Name = "HelpURL"; Value = "https://octopart.com/cad-content/api/get-model-datasheet/15189/24886581"; VariantName = "[No Variations]"
Add component (AddParameter): Name = "Input Capacitance"; Value = "1.1nF"; VariantName = "[No Variations]"
Add component (AddParameter): Name = "Lead Free"; Value = "Lead Free"; VariantName = "[No Variations]"
Add component (AddParameter): Name = "Lifecycle Status"; Value = "NRND"; VariantName = "[No Variations]"
Add component (AddParameter): Name = "Manufacturer Lifecycle Status"; Value = "NOT RECOMMENDED FOR NEW DESIGNS"; VariantName = "[No Variations]"
Add component (AddParameter): Name = "Max Junction Temperature (Tj)"; Value = "150°C"; VariantName = "[No Variations]"
Add component (AddParameter): Name = "Max Operating Temperature"; Value = "150°C"; VariantName = "[No Variations]"
Add component (AddParameter): Name = "Max Power Dissipation"; Value = "100W"; VariantName = "[No Variations]"
Add component (AddParameter): Name = "Min Operating Temperature"; Value = "-55°C"; VariantName = "[No Variations]"
Add component (AddParameter): Name = "Mount"; Value = "Surface Mount"; VariantName = "[No Variations]"
Add component (AddParameter): Name = "MSL"; Value = "1"; VariantName = "[No Variations]"
Add component (AddParameter): Name = "Number of Pins"; Value = "4"; VariantName = "[No Variations]"
Add component (AddParameter): Name = "Packaging"; Value = "Tape & Reel (TR)"; VariantName = "[No Variations]"
Add component (AddParameter): Name = "Part Family"; Value = "RJK6012DPE"; VariantName = "[No Variations]"
Add component (AddParameter): Name = "Rds On Max"; Value = "920mO"; VariantName = "[No Variations]"
Add component (AddParameter): Name = "RoHS"; Value = "Compliant"; VariantName = "[No Variations]"
Add component (AddParameter): Name = "Threshold Voltage"; Value = "3V"; VariantName = "[No Variations]"
Added Component: Designator=R45(FP-CRGP0805-IPC_C)
Add component (AddParameter): Name = "Ambient Temperature Range High"; Value = "+70°C"; VariantName = "[No Variations]"
Add component (AddParameter): Name = "Automotive"; Value = "No"; VariantName = "[No Variations]"
Add component (AddParameter): Name = "Category"; Value = "Res"; VariantName = "[No Variations]"
Add component (AddParameter): Name = "ComponentLink2Description"; Value = "Datasheet"; VariantName = "[No Variations]"
Add component (AddParameter): Name = "ComponentLink2URL"; Value = "https://www.mouser.com/datasheet/2/418/NG_DS_9-1773463-9_A-1358566.pdf"; VariantName = "[No Variations]"
Add component (AddParameter): Name = "Composition"; Value = "Thick Film"; VariantName = "[No Variations]"
Add component (AddParameter): Name = "Device Class L1"; Value = "Passive Components"; VariantName = "[No Variations]"
Add component (AddParameter): Name = "Device Class L2"; Value = "Resistors"; VariantName = "[No Variations]"
Add component (AddParameter): Name = "Device Class L3"; Value = "Chip SMD Resistors"; VariantName = "[No Variations]"
Add component (AddParameter): Name = "Digikey Description"; Value = "CRGP 0805 10K 1%"; VariantName = "[No Variations]"
Add component (AddParameter): Name = "Height"; Value = "0.65mm"; VariantName = "[No Variations]"
Add component (AddParameter): Name = "Ipc Land Pattern Name"; Value = "RESC200125X55"; VariantName = "[No Variations]"
Add component (AddParameter): Name = "Lead Free"; Value = "Yes"; VariantName = "[No Variations]"
Add component (AddParameter): Name = "Manufacturer"; Value = "TE"; VariantName = "[No Variations]"
Add component (AddParameter): Name = "Manufacturer Part Number"; Value = "CRGP0805F10K"; VariantName = "[No Variations]"
Add component (AddParameter): Name = "Octopart"; Value = "https://octopart.com/crgp0805f10k-te+connectivity-91018782"; VariantName = "[No Variations]"
Add component (AddParameter): Name = "Package"; Value = "CRGP0805"; VariantName = "[No Variations]"
Add component (AddParameter): Name = "Power Rating"; Value = "0.33W"; VariantName = "[No Variations]"
Add component (AddParameter): Name = "Resistance"; Value = "10KO"; VariantName = "[No Variations]"
Add component (AddParameter): Name = "RoHS"; Value = "TRUE"; VariantName = "[No Variations]"
Add component (AddParameter): Name = "Series"; Value = "CRGP"; VariantName = "[No Variations]"
Add component (AddParameter): Name = "Temperature"; Value = "-55°C to +155°C"; VariantName = "[No Variations]"
Add component (AddParameter): Name = "Temperature Coefficient"; Value = "±100ppm/°C"; VariantName = "[No Variations]"
Add component (AddParameter): Name = "Temperature Range High"; Value = "+155°C"; VariantName = "[No Variations]"
Add component (AddParameter): Name = "Temperature Range Low"; Value = "-55°C"; VariantName = "[No Variations]"
Add component (AddParameter): Name = "Tolerance"; Value = "0.01"; VariantName = "[No Variations]"
Add component (AddParameter): Name = "Value"; Value = "10KO"; VariantName = "[No Variations]"
Add component (AddParameter): Name = "Voltage Rating"; Value = "150V"; VariantName = "[No Variations]"
Added Pin To Net: NetName=AGND Pin=C46-1
Added Pin To Net: NetName=VBAT Pin=C46-2
Added Pin To Net: NetName=VBAT Pin=C47-1
Added Pin To Net: NetName=AGND Pin=C47-2
Added Pin To Net: NetName=VBAT Pin=C48-1
Added Pin To Net: NetName=AGND Pin=C48-2
Added Pin To Net: NetName=VBAT Pin=C49-1
Added Pin To Net: NetName=AGND Pin=C49-2
Added Pin To Net: NetName=VBAT Pin=C50-1
Added Pin To Net: NetName=AGND Pin=C50-2
Added Pin To Net: NetName=AGND Pin=J2-2
Added Pin To Net: NetName=VBAT Pin=Q5-3
Added Pin To Net: NetName=AGND Pin=R45-1
Added Pin To Net: NetName=12V0 Pin=J2-1
Added Pin To Net: NetName=12V0 Pin=Q5-4
Added Net: Name=12V0
Added Pin To Net: NetName=NetJ5_2 Pin=J5-2
Added Pin To Net: NetName=NetJ5_2 Pin=Q5-1
Added Net: Name=NetJ5_2
Added Member To Class: ClassName=input_output Member=Component C46 EEHZS1E102UP
Added Member To Class: ClassName=input_output Member=Component C47 C1206X104J3GACTU
Added Member To Class: ClassName=input_output Member=Component C48 C1206X104J3GACTU
Added Member To Class: ClassName=input_output Member=Component C49 C1206X104J3GACTU
Added Member To Class: ClassName=input_output Member=Component C50 C1206X104J3GACTU
Added Member To Class: ClassName=input_output Member=Component Q5 RJK6012DPE-00#J3
Added Member To Class: ClassName=input_output Member=Component R45 CRGP0805F10K
Added Rule: Name=Schematic Supply Nets_6
