Removed Pin From Net: NetName=NetC2_1 Pin=D1-1
Removed Pin From Net: NetName=NetC2_1 Pin=D1-3
Removed Pin From Net: NetName=NetC10_1 Pin=D6-1
Removed Pin From Net: NetName=NetC10_1 Pin=D6-3
Removed Pin From Net: NetName=NetC2_1 Pin=R2-2
Removed Pin From Net: NetName=NetC10_1 Pin=R10-2
Removed Member From Class: ClassName=logic Member=C31
Removed Member From Class: ClassName=logic Member=C33
Removed Member From Class: ClassName=logic Member=C35
Removed Member From Class: ClassName=logic Member=C37
Removed Member From Class: ClassName=logic Member=C39
Removed Member From Class: ClassName=logic Member=C41
Removed Member From Class: ClassName=logic Member=C43
Removed Member From Class: ClassName=input_filter Member=C47
Removed Member From Class: ClassName=input_filter Member=C49
Change Component Designator: OldDesignator=R1 NewDesignator=R2
Change Component Designator: OldDesignator=R2 NewDesignator=R3
Change Component Designator: OldDesignator=R3 NewDesignator=R4
Change Component Designator: OldDesignator=R4 NewDesignator=R5
Change Component Designator: OldDesignator=R5 NewDesignator=R6
Change Component Designator: OldDesignator=R6 NewDesignator=R7
Change Component Designator: OldDesignator=R7 NewDesignator=R8
Change Component Designator: OldDesignator=R8 NewDesignator=R9
Change Component Designator: OldDesignator=R9 NewDesignator=R11
Change Component Designator: OldDesignator=R10 NewDesignator=R12
Change Component Designator: OldDesignator=R11 NewDesignator=R13
Change Component Designator: OldDesignator=R12 NewDesignator=R14
Change Component Designator: OldDesignator=R13 NewDesignator=R15
Change Component Designator: OldDesignator=R14 NewDesignator=R16
Change Component Designator: OldDesignator=R15 NewDesignator=R17
Change Component Designator: OldDesignator=R16 NewDesignator=R18
Change Component Designator: OldDesignator=R17 NewDesignator=R19
Change Component Designator: OldDesignator=R18 NewDesignator=R20
Change Component Designator: OldDesignator=R19 NewDesignator=R21
Change Component Designator: OldDesignator=R20 NewDesignator=R22
Change Component Designator: OldDesignator=R21 NewDesignator=R23
Change Component Designator: OldDesignator=R22 NewDesignator=R24
Change Component Designator: OldDesignator=R23 NewDesignator=R25
Change Component Designator: OldDesignator=R24 NewDesignator=R26
Change Component Designator: OldDesignator=R25 NewDesignator=R27
Change Component Designator: OldDesignator=R26 NewDesignator=R28
Change Component Designator: OldDesignator=R27 NewDesignator=R29
Change Component Designator: OldDesignator=R28 NewDesignator=R30
Change Component Designator: OldDesignator=R29 NewDesignator=R31
Change Component Designator: OldDesignator=R30 NewDesignator=R32
Change Component Designator: OldDesignator=R31 NewDesignator=R33
Change Component Designator: OldDesignator=R32 NewDesignator=R34
Change Component Designator: OldDesignator=R33 NewDesignator=R35
Change Component Designator: OldDesignator=R34 NewDesignator=R36
Change Component Designator: OldDesignator=R35 NewDesignator=R37
Change Component Designator: OldDesignator=R36 NewDesignator=R38
Change Component Designator: OldDesignator=R37 NewDesignator=R39
Change Component Designator: OldDesignator=R38 NewDesignator=R40
Change Component Designator: OldDesignator=R39 NewDesignator=R41
Change Component Designator: OldDesignator=R40 NewDesignator=R42
Change Component Designator: OldDesignator=R41 NewDesignator=R43
Change Component Designator: OldDesignator=R42 NewDesignator=R44
Change Component Designator: OldDesignator=R43 NewDesignator=R45
Change Component Designator: OldDesignator=R44 NewDesignator=R46
Change Component Designator: OldDesignator=R45 NewDesignator=R47
Change Component Designator: OldDesignator=R46 NewDesignator=R48
Added Component: Designator=R1(FP-CRCW2512-e3-MFG)
Add component (AddParameter): Name = "Case Code (Imperial)"; Value = "2512"; VariantName = "[No Variations]"
Add component (AddParameter): Name = "Case Code (Metric)"; Value = "6432"; VariantName = "[No Variations]"
Add component (AddParameter): Name = "Case/Package"; Value = "2512"; VariantName = "[No Variations]"
Add component (AddParameter): Name = "Composition"; Value = "Thick Film"; VariantName = "[No Variations]"
Add component (AddParameter): Name = "Contact Plating"; Value = "Tin"; VariantName = "[No Variations]"
Add component (AddParameter): Name = "Depth"; Value = "3.15mm"; VariantName = "[No Variations]"
Add component (AddParameter): Name = "Features"; Value = "Automotive AEC-Q200"; VariantName = "[No Variations]"
Add component (AddParameter): Name = "Height"; Value = "0.6mm"; VariantName = "[No Variations]"
Add component (AddParameter): Name = "Lead Free"; Value = "Lead Free"; VariantName = "[No Variations]"
Add component (AddParameter): Name = "Length"; Value = "6.3mm"; VariantName = "[No Variations]"
Add component (AddParameter): Name = "Max Operating Temperature"; Value = "155°C"; VariantName = "[No Variations]"
Add component (AddParameter): Name = "Max Power Dissipation"; Value = "1W"; VariantName = "[No Variations]"
Add component (AddParameter): Name = "Military Standard"; Value = "Not"; VariantName = "[No Variations]"
Add component (AddParameter): Name = "Min Operating Temperature"; Value = "-55°C"; VariantName = "[No Variations]"
Add component (AddParameter): Name = "Mount"; Value = "Surface Mount"; VariantName = "[No Variations]"
Add component (AddParameter): Name = "Number of Pins"; Value = "2"; VariantName = "[No Variations]"
Add component (AddParameter): Name = "Number of Terminations"; Value = "2"; VariantName = "[No Variations]"
Add component (AddParameter): Name = "Package Quantity"; Value = "10"; VariantName = "[No Variations]"
Add component (AddParameter): Name = "Packaging"; Value = "Tape and Reel"; VariantName = "[No Variations]"
Add component (AddParameter): Name = "Power Rating"; Value = "1W"; VariantName = "[No Variations]"
Add component (AddParameter): Name = "Radiation Hardening"; Value = "No"; VariantName = "[No Variations]"
Add component (AddParameter): Name = "Resistance"; Value = "10R"; VariantName = "[No Variations]"
Add component (AddParameter): Name = "Temperature Coefficient"; Value = "100ppm/°C"; VariantName = "[No Variations]"
Add component (AddParameter): Name = "Termination"; Value = "SMD/SMT"; VariantName = "[No Variations]"
Add component (AddParameter): Name = "Tolerance"; Value = "1%"; VariantName = "[No Variations]"
Add component (AddParameter): Name = "Voltage Rating"; Value = "500V"; VariantName = "[No Variations]"
Add component (AddParameter): Name = "Voltage Rating (DC)"; Value = "500V"; VariantName = "[No Variations]"
Add component (AddParameter): Name = "Weight"; Value = "0.001429oz"; VariantName = "[No Variations]"
Add component (AddParameter): Name = "Width"; Value = "3.15mm"; VariantName = "[No Variations]"
Added Component: Designator=R10(FP-CRCW2512-e3-MFG)
Add component (AddParameter): Name = "Case Code (Imperial)"; Value = "2512"; VariantName = "[No Variations]"
Add component (AddParameter): Name = "Case Code (Metric)"; Value = "6432"; VariantName = "[No Variations]"
Add component (AddParameter): Name = "Case/Package"; Value = "2512"; VariantName = "[No Variations]"
Add component (AddParameter): Name = "Composition"; Value = "Thick Film"; VariantName = "[No Variations]"
Add component (AddParameter): Name = "Contact Plating"; Value = "Tin"; VariantName = "[No Variations]"
Add component (AddParameter): Name = "Depth"; Value = "3.15mm"; VariantName = "[No Variations]"
Add component (AddParameter): Name = "Features"; Value = "Automotive AEC-Q200"; VariantName = "[No Variations]"
Add component (AddParameter): Name = "Height"; Value = "0.6mm"; VariantName = "[No Variations]"
Add component (AddParameter): Name = "Lead Free"; Value = "Lead Free"; VariantName = "[No Variations]"
Add component (AddParameter): Name = "Length"; Value = "6.3mm"; VariantName = "[No Variations]"
Add component (AddParameter): Name = "Max Operating Temperature"; Value = "155°C"; VariantName = "[No Variations]"
Add component (AddParameter): Name = "Max Power Dissipation"; Value = "1W"; VariantName = "[No Variations]"
Add component (AddParameter): Name = "Military Standard"; Value = "Not"; VariantName = "[No Variations]"
Add component (AddParameter): Name = "Min Operating Temperature"; Value = "-55°C"; VariantName = "[No Variations]"
Add component (AddParameter): Name = "Mount"; Value = "Surface Mount"; VariantName = "[No Variations]"
Add component (AddParameter): Name = "Number of Pins"; Value = "2"; VariantName = "[No Variations]"
Add component (AddParameter): Name = "Number of Terminations"; Value = "2"; VariantName = "[No Variations]"
Add component (AddParameter): Name = "Package Quantity"; Value = "10"; VariantName = "[No Variations]"
Add component (AddParameter): Name = "Packaging"; Value = "Tape and Reel"; VariantName = "[No Variations]"
Add component (AddParameter): Name = "Power Rating"; Value = "1W"; VariantName = "[No Variations]"
Add component (AddParameter): Name = "Radiation Hardening"; Value = "No"; VariantName = "[No Variations]"
Add component (AddParameter): Name = "Resistance"; Value = "10R"; VariantName = "[No Variations]"
Add component (AddParameter): Name = "Temperature Coefficient"; Value = "100ppm/°C"; VariantName = "[No Variations]"
Add component (AddParameter): Name = "Termination"; Value = "SMD/SMT"; VariantName = "[No Variations]"
Add component (AddParameter): Name = "Tolerance"; Value = "1%"; VariantName = "[No Variations]"
Add component (AddParameter): Name = "Voltage Rating"; Value = "500V"; VariantName = "[No Variations]"
Add component (AddParameter): Name = "Voltage Rating (DC)"; Value = "500V"; VariantName = "[No Variations]"
Add component (AddParameter): Name = "Weight"; Value = "0.001429oz"; VariantName = "[No Variations]"
Add component (AddParameter): Name = "Width"; Value = "3.15mm"; VariantName = "[No Variations]"
Added Pin To Net: NetName=NetC2_1 Pin=R1-2
Added Pin To Net: NetName=NetC10_1 Pin=R10-2
Change Net Name : Old Net Name=NetR1_1 New Net Name=NetR2_1
Change Net Name : Old Net Name=NetR2_1 New Net Name=NetR3_1
Change Net Name : Old Net Name=NetR6_1 New Net Name=NetR7_1
Change Net Name : Old Net Name=NetR7_2 New Net Name=NetR8_2
Change Net Name : Old Net Name=NetR9_1 New Net Name=NetR11_1
Change Net Name : Old Net Name=NetR10_1 New Net Name=NetR12_1
Change Net Name : Old Net Name=NetR14_1 New Net Name=NetR16_1
Change Net Name : Old Net Name=NetR15_2 New Net Name=NetR17_2
Change Net Name : Old Net Name=NetR17_1 New Net Name=NetR19_1
Change Net Name : Old Net Name=NetR18_2 New Net Name=NetR20_2
Change Net Name : Old Net Name=NetR19_2 New Net Name=NetR21_2
Change Net Name : Old Net Name=NetR22_1 New Net Name=NetR24_1
Change Net Name : Old Net Name=NetR23_1 New Net Name=NetR25_1
Change Net Name : Old Net Name=NetR25_1 New Net Name=NetR27_1
Change Net Name : Old Net Name=NetR33_1 New Net Name=NetR35_1
Change Net Name : Old Net Name=NetR34_1 New Net Name=NetR36_1
Change Net Name : Old Net Name=NetR36_1 New Net Name=NetR38_1
Change Net Name : Old Net Name=NetR44_1 New Net Name=NetR46_1
Added Pin To Net: NetName=NetD1_1 Pin=D1-1
Added Pin To Net: NetName=NetD1_1 Pin=D1-3
Added Pin To Net: NetName=NetD1_1 Pin=R1-1
Added Pin To Net: NetName=NetD1_1 Pin=R3-2
Added Net: Name=NetD1_1
Added Pin To Net: NetName=NetD6_1 Pin=D6-1
Added Pin To Net: NetName=NetD6_1 Pin=D6-3
Added Pin To Net: NetName=NetD6_1 Pin=R10-1
Added Pin To Net: NetName=NetD6_1 Pin=R12-2
Added Net: Name=NetD6_1
Added Member To Class: ClassName=logic Member=Component C23 C1608X7R1A225K080AC
Added Member To Class: ClassName=logic Member=Component C24 C1608X7R1A225K080AC
Added Member To Class: ClassName=logic Member=Component C25 CGA3E2X7R1H104K080AA
Added Member To Class: ClassName=logic Member=Component C26 CGA3E2X7R1H104K080AA
Added Member To Class: ClassName=logic Member=Component C27 CGA3E2X7R1H104K080AA
Added Member To Class: ClassName=logic Member=Component C28 CGA3E2X7R1H104K080AA
Added Member To Class: ClassName=logic Member=Component C29 CGA3E2X7R1H104K080AA
Added Member To Class: ClassName=input_filter Member=Component C30 CC0603DRNPO9BN8R2
Added Member To Class: ClassName=input_filter Member=Component C32 C1608X5R1A106K080AC
Added Member To Class: ClassName=input_filter Member=Component C34 CC0603DRNPO9BN8R2
Added Member To Class: ClassName=input_filter Member=Component C36 C1608X5R1A106K080AC
Added Member To Class: ClassName=input_filter Member=Component C38 EEE1VA100SR
Added Member To Class: ClassName=input_filter Member=Component C40 CGA3E2X7R1H104K080AA
Added Member To Class: ClassName=input_filter Member=Component C42 EEE1VA100SR
Added Member To Class: ClassName=power_side Member=Component R17 RC0603FR-07120KL
Added Member To Class: ClassName=power_side Member=Component R18 RC0603FR-0710KL
Added Member To Class: ClassName=logic Member=Component R23 RC0603FR-071KL
Added Member To Class: ClassName=input_filter Member=Component R25 RC0603FR-07150KL
Added Member To Class: ClassName=input_filter Member=Component R27 RC0603FR-0768KL
Added Member To Class: ClassName=input_filter Member=Component R29 RC0603FR-0712KL
Added Member To Class: ClassName=input_filter Member=Component R31 RC0603FR-0710KL
Added Member To Class: ClassName=input_filter Member=Component R33 RC0603FR-072K2L
Added Member To Class: ClassName=input_filter Member=Component R35 820K 5% 0603(1608)
Added Member To Class: ClassName=input_filter Member=Component R38 RC0603FR-0768KL
Added Member To Class: ClassName=input_filter Member=Component R40 RC0603FR-0712KL
Added Member To Class: ClassName=input_filter Member=Component R42 RC0603FR-0710KL
Added Member To Class: ClassName=input_filter Member=Component R43 10M 5% 0603(1608)
Added Member To Class: ClassName=input_filter Member=Component R45 CRCW06032M20FKEA
Added Member To Class: ClassName=input_filter Member=Component R47 RC0603FR-0710KL
Added Member To Class: ClassName=input_filter Member=Component R48 RC0603FR-0710KL
