Added Component: Designator=C22(0402_fp)
Add component (AddParameter): Name = "Format"; Value = "0402"; VariantName = "[No Variations]"
Add component (AddParameter): Name = "Package"; Value = "0402"; VariantName = "[No Variations]"
Add component (AddParameter): Name = "Value"; Value = "1 nF"; VariantName = "[No Variations]"
Added Component: Designator=C24(0402_fp)
Add component (AddParameter): Name = "Format"; Value = "0402"; VariantName = "[No Variations]"
Add component (AddParameter): Name = "Package"; Value = "0402"; VariantName = "[No Variations]"
Add component (AddParameter): Name = "Value"; Value = "100 nF"; VariantName = "[No Variations]"
Added Component: Designator=C25(0402_fp)
Add component (AddParameter): Name = "Format"; Value = "0402"; VariantName = "[No Variations]"
Add component (AddParameter): Name = "Package"; Value = "0402"; VariantName = "[No Variations]"
Add component (AddParameter): Name = "Value"; Value = "10 nF"; VariantName = "[No Variations]"
Added Component: Designator=C26(0402_fp)
Add component (AddParameter): Name = "Format"; Value = "0402"; VariantName = "[No Variations]"
Add component (AddParameter): Name = "Package"; Value = "0402"; VariantName = "[No Variations]"
Add component (AddParameter): Name = "Value"; Value = "10 nF"; VariantName = "[No Variations]"
Added Component: Designator=C27(0402_fp)
Add component (AddParameter): Name = "Format"; Value = "0402"; VariantName = "[No Variations]"
Add component (AddParameter): Name = "Package"; Value = "0402"; VariantName = "[No Variations]"
Add component (AddParameter): Name = "Value"; Value = "10 nF"; VariantName = "[No Variations]"
Added Component: Designator=C28(0402_fp)
Add component (AddParameter): Name = "Format"; Value = "0402"; VariantName = "[No Variations]"
Add component (AddParameter): Name = "Package"; Value = "0402"; VariantName = "[No Variations]"
Add component (AddParameter): Name = "Value"; Value = "100 nF"; VariantName = "[No Variations]"
Added Component: Designator=C29(0402_fp)
Add component (AddParameter): Name = "Format"; Value = "0402"; VariantName = "[No Variations]"
Add component (AddParameter): Name = "Package"; Value = "0402"; VariantName = "[No Variations]"
Add component (AddParameter): Name = "Value"; Value = "100 nF"; VariantName = "[No Variations]"
Added Component: Designator=C30(0402_fp)
Add component (AddParameter): Name = "Format"; Value = "0402"; VariantName = "[No Variations]"
Add component (AddParameter): Name = "Package"; Value = "0402"; VariantName = "[No Variations]"
Add component (AddParameter): Name = "Value"; Value = "10 nF"; VariantName = "[No Variations]"
Added Component: Designator=C31(0402_fp)
Add component (AddParameter): Name = "Format"; Value = "0402"; VariantName = "[No Variations]"
Add component (AddParameter): Name = "Package"; Value = "0402"; VariantName = "[No Variations]"
Add component (AddParameter): Name = "Value"; Value = "10 nF"; VariantName = "[No Variations]"
Added Component: Designator=C32(0402_fp)
Add component (AddParameter): Name = "Format"; Value = "0402"; VariantName = "[No Variations]"
Add component (AddParameter): Name = "Package"; Value = "0402"; VariantName = "[No Variations]"
Add component (AddParameter): Name = "Value"; Value = "10 nF"; VariantName = "[No Variations]"
Added Component: Designator=C33(0402_fp)
Add component (AddParameter): Name = "Format"; Value = "0402"; VariantName = "[No Variations]"
Add component (AddParameter): Name = "Package"; Value = "0402"; VariantName = "[No Variations]"
Add component (AddParameter): Name = "Value"; Value = "10 nF"; VariantName = "[No Variations]"
Added Component: Designator=C34(0402_fp)
Add component (AddParameter): Name = "Format"; Value = "0402"; VariantName = "[No Variations]"
Add component (AddParameter): Name = "Package"; Value = "0402"; VariantName = "[No Variations]"
Add component (AddParameter): Name = "Value"; Value = "10 nF"; VariantName = "[No Variations]"
Added Component: Designator=C35(0603_FP)
Add component (AddParameter): Name = "Format"; Value = "0402"; VariantName = "[No Variations]"
Add component (AddParameter): Name = "Package"; Value = "0402"; VariantName = "[No Variations]"
Add component (AddParameter): Name = "Value"; Value = "10 pF"; VariantName = "[No Variations]"
Added Component: Designator=C36(0603_FP)
Add component (AddParameter): Name = "Format"; Value = "0402"; VariantName = "[No Variations]"
Add component (AddParameter): Name = "Package"; Value = "0402"; VariantName = "[No Variations]"
Add component (AddParameter): Name = "Value"; Value = "10 pF"; VariantName = "[No Variations]"
Added Component: Designator=R35(0402_fp)
Add component (AddParameter): Name = "Package"; Value = "0402"; VariantName = "[No Variations]"
Add component (AddParameter): Name = "Value"; Value = "12 kO"; VariantName = "[No Variations]"
Added Component: Designator=R36(0402_fp)
Add component (AddParameter): Name = "Package"; Value = "0402"; VariantName = "[No Variations]"
Add component (AddParameter): Name = "Value"; Value = "4.7 kO"; VariantName = "[No Variations]"
Added Component: Designator=R37(0402_fp)
Add component (AddParameter): Name = "Package"; Value = "0402"; VariantName = "[No Variations]"
Add component (AddParameter): Name = "Value"; Value = "22 kO"; VariantName = "[No Variations]"
Added Component: Designator=R38(0402_fp)
Add component (AddParameter): Name = "Package"; Value = "0402"; VariantName = "[No Variations]"
Add component (AddParameter): Name = "Value"; Value = "4.7 kO"; VariantName = "[No Variations]"
Added Component: Designator=R41(0402_fp)
Add component (AddParameter): Name = "Package"; Value = "0402"; VariantName = "[No Variations]"
Add component (AddParameter): Name = "Value"; Value = "10 kO"; VariantName = "[No Variations]"
Added Component: Designator=R42(0402_fp)
Add component (AddParameter): Name = "Package"; Value = "0402"; VariantName = "[No Variations]"
Add component (AddParameter): Name = "Value"; Value = "4.7 kO"; VariantName = "[No Variations]"
Added Component: Designator=R43(0402_fp)
Add component (AddParameter): Name = "Package"; Value = "0402"; VariantName = "[No Variations]"
Add component (AddParameter): Name = "Value"; Value = "4.7 kO"; VariantName = "[No Variations]"
Added Pin To Net: NetName=DGND Pin=C22-1
Added Pin To Net: NetName=ANALOG_SENSOR_1 Pin=C22-2
Added Pin To Net: NetName=3V3 Pin=C24-1
Added Pin To Net: NetName=DGND Pin=C24-2
Added Pin To Net: NetName=3V3 Pin=C25-1
Added Pin To Net: NetName=DGND Pin=C25-2
Added Pin To Net: NetName=3V3 Pin=C26-1
Added Pin To Net: NetName=DGND Pin=C26-2
Added Pin To Net: NetName=3V3 Pin=C27-1
Added Pin To Net: NetName=DGND Pin=C27-2
Added Pin To Net: NetName=KILL_SWITCH Pin=C28-1
Added Pin To Net: NetName=DGND Pin=C28-2
Added Pin To Net: NetName=NRST Pin=C29-1
Added Pin To Net: NetName=DGND Pin=C29-2
Added Pin To Net: NetName=3V3 Pin=C30-1
Added Pin To Net: NetName=DGND Pin=C30-2
Added Pin To Net: NetName=3V3 Pin=C31-1
Added Pin To Net: NetName=DGND Pin=C31-2
Added Pin To Net: NetName=3V3 Pin=C32-1
Added Pin To Net: NetName=DGND Pin=C32-2
Added Pin To Net: NetName=3V3 Pin=C33-1
Added Pin To Net: NetName=DGND Pin=C33-2
Added Pin To Net: NetName=3V3 Pin=C34-1
Added Pin To Net: NetName=DGND Pin=C34-2
Added Pin To Net: NetName=HSE_OSC_IN Pin=C35-1
Added Pin To Net: NetName=DGND Pin=C35-2
Added Pin To Net: NetName=HSE_OSC_OUT Pin=C36-1
Added Pin To Net: NetName=DGND Pin=C36-2
Added Pin To Net: NetName=ADC_SENSOR_1 Pin=R35-1
Added Pin To Net: NetName=ANALOG_SENSOR_1 Pin=R35-2
Added Pin To Net: NetName=3V3 Pin=R36-1
Added Pin To Net: NetName=EXT_SENSOR1_I2C_SDA Pin=R36-2
Added Pin To Net: NetName=DGND Pin=R37-1
Added Pin To Net: NetName=ANALOG_SENSOR_1 Pin=R37-2
Added Pin To Net: NetName=3V3 Pin=R38-1
Added Pin To Net: NetName=EXT_SENSOR1_I2C_SCL Pin=R38-2
Added Pin To Net: NetName=NetR41_1 Pin=R41-1
Added Pin To Net: NetName=DGND Pin=R41-2
Added Pin To Net: NetName=KILL_SWITCH Pin=R42-1
Added Pin To Net: NetName=3V3 Pin=R42-2
Added Pin To Net: NetName=NRST Pin=R43-1
Added Pin To Net: NetName=3V3 Pin=R43-2
Added Member To Class: ClassName=logic Member=Component C22 Capacitor_0402
Added Member To Class: ClassName=logic Member=Component C24 Capacitor_0402
Added Member To Class: ClassName=logic Member=Component C25 Capacitor_0402
Added Member To Class: ClassName=logic Member=Component C26 Capacitor_0402
Added Member To Class: ClassName=logic Member=Component C27 Capacitor_0402
Added Member To Class: ClassName=logic Member=Component C28 Capacitor_0402
Added Member To Class: ClassName=logic Member=Component C29 Capacitor_0402
Added Member To Class: ClassName=logic Member=Component C30 Capacitor_0402
Added Member To Class: ClassName=logic Member=Component C31 Capacitor_0402
Added Member To Class: ClassName=logic Member=Component C32 Capacitor_0402
Added Member To Class: ClassName=logic Member=Component C33 Capacitor_0402
Added Member To Class: ClassName=logic Member=Component C34 Capacitor_0402
Added Member To Class: ClassName=logic Member=Component C35 Capacitor_0603
Added Member To Class: ClassName=logic Member=Component C36 Capacitor_0603
Added Member To Class: ClassName=logic Member=Component R35 Resistor_0402
Added Member To Class: ClassName=logic Member=Component R36 Resistor_0402
Added Member To Class: ClassName=logic Member=Component R37 Resistor_0402
Added Member To Class: ClassName=logic Member=Component R38 Resistor_0402
Added Member To Class: ClassName=logic Member=Component R41 Resistor_0402
Added Member To Class: ClassName=logic Member=Component R42 Resistor_0402
Added Member To Class: ClassName=logic Member=Component R43 Resistor_0402
