Added Component: Designator=C22(0402_fp)
Add component (AddParameter): Name = "Format"; Value = "0402"; VariantName = "[No Variations]"
Add component (AddParameter): Name = "Package"; Value = "0402"; VariantName = "[No Variations]"
Add component (AddParameter): Name = "Value"; Value = "1 nF"; VariantName = "[No Variations]"
Add component: Footprint Not Found CAPC1608X90X35NL15T15
Added Component: Designator=C24(0402_fp)
Add component (AddParameter): Name = "Format"; Value = "0402"; VariantName = "[No Variations]"
Add component (AddParameter): Name = "Package"; Value = "0402"; VariantName = "[No Variations]"
Add component (AddParameter): Name = "Value"; Value = "100 nF"; VariantName = "[No Variations]"
Added Component: Designator=C25(0402_fp)
Add component (AddParameter): Name = "Format"; Value = "0402"; VariantName = "[No Variations]"
Add component (AddParameter): Name = "Package"; Value = "0402"; VariantName = "[No Variations]"
Add component (AddParameter): Name = "Value"; Value = "10 nF"; VariantName = "[No Variations]"
Added Component: Designator=C26(0402_fp)
Add component (AddParameter): Name = "Format"; Value = "0402"; VariantName = "[No Variations]"
Add component (AddParameter): Name = "Package"; Value = "0402"; VariantName = "[No Variations]"
Add component (AddParameter): Name = "Value"; Value = "10 nF"; VariantName = "[No Variations]"
Added Component: Designator=C27(0402_fp)
Add component (AddParameter): Name = "Format"; Value = "0402"; VariantName = "[No Variations]"
Add component (AddParameter): Name = "Package"; Value = "0402"; VariantName = "[No Variations]"
Add component (AddParameter): Name = "Value"; Value = "10 nF"; VariantName = "[No Variations]"
Added Component: Designator=C28(0402_fp)
Add component (AddParameter): Name = "Format"; Value = "0402"; VariantName = "[No Variations]"
Add component (AddParameter): Name = "Package"; Value = "0402"; VariantName = "[No Variations]"
Add component (AddParameter): Name = "Value"; Value = "100 nF"; VariantName = "[No Variations]"
Added Component: Designator=C29(0402_fp)
Add component (AddParameter): Name = "Format"; Value = "0402"; VariantName = "[No Variations]"
Add component (AddParameter): Name = "Package"; Value = "0402"; VariantName = "[No Variations]"
Add component (AddParameter): Name = "Value"; Value = "100 nF"; VariantName = "[No Variations]"
Added Component: Designator=C30(0402_fp)
Add component (AddParameter): Name = "Format"; Value = "0402"; VariantName = "[No Variations]"
Add component (AddParameter): Name = "Package"; Value = "0402"; VariantName = "[No Variations]"
Add component (AddParameter): Name = "Value"; Value = "10 nF"; VariantName = "[No Variations]"
Added Component: Designator=C31(0402_fp)
Add component (AddParameter): Name = "Format"; Value = "0402"; VariantName = "[No Variations]"
Add component (AddParameter): Name = "Package"; Value = "0402"; VariantName = "[No Variations]"
Add component (AddParameter): Name = "Value"; Value = "10 nF"; VariantName = "[No Variations]"
Added Component: Designator=C32(0402_fp)
Add component (AddParameter): Name = "Format"; Value = "0402"; VariantName = "[No Variations]"
Add component (AddParameter): Name = "Package"; Value = "0402"; VariantName = "[No Variations]"
Add component (AddParameter): Name = "Value"; Value = "10 nF"; VariantName = "[No Variations]"
Added Component: Designator=C33(0402_fp)
Add component (AddParameter): Name = "Format"; Value = "0402"; VariantName = "[No Variations]"
Add component (AddParameter): Name = "Package"; Value = "0402"; VariantName = "[No Variations]"
Add component (AddParameter): Name = "Value"; Value = "10 nF"; VariantName = "[No Variations]"
Added Component: Designator=C34(0402_fp)
Add component (AddParameter): Name = "Format"; Value = "0402"; VariantName = "[No Variations]"
Add component (AddParameter): Name = "Package"; Value = "0402"; VariantName = "[No Variations]"
Add component (AddParameter): Name = "Value"; Value = "10 nF"; VariantName = "[No Variations]"
Added Component: Designator=C35(0603_FP)
Add component (AddParameter): Name = "Format"; Value = "0402"; VariantName = "[No Variations]"
Add component (AddParameter): Name = "Package"; Value = "0402"; VariantName = "[No Variations]"
Add component (AddParameter): Name = "Value"; Value = "10 pF"; VariantName = "[No Variations]"
Added Component: Designator=C36(0603_FP)
Add component (AddParameter): Name = "Format"; Value = "0402"; VariantName = "[No Variations]"
Add component (AddParameter): Name = "Package"; Value = "0402"; VariantName = "[No Variations]"
Add component (AddParameter): Name = "Value"; Value = "10 pF"; VariantName = "[No Variations]"
Add component: Footprint Not Found WL-SMCW_0805_150080xx75000
Add component: Footprint Not Found WL-SMCW_0805_150080xx75000
Added Component: Designator=R35(0402_fp)
Add component (AddParameter): Name = "Package"; Value = "0402"; VariantName = "[No Variations]"
Add component (AddParameter): Name = "Value"; Value = "12 kO"; VariantName = "[No Variations]"
Added Component: Designator=R36(0402_fp)
Add component (AddParameter): Name = "Package"; Value = "0402"; VariantName = "[No Variations]"
Add component (AddParameter): Name = "Value"; Value = "4.7 kO"; VariantName = "[No Variations]"
Added Component: Designator=R37(0402_fp)
Add component (AddParameter): Name = "Package"; Value = "0402"; VariantName = "[No Variations]"
Add component (AddParameter): Name = "Value"; Value = "22 kO"; VariantName = "[No Variations]"
Added Component: Designator=R38(0402_fp)
Add component (AddParameter): Name = "Package"; Value = "0402"; VariantName = "[No Variations]"
Add component (AddParameter): Name = "Value"; Value = "4.7 kO"; VariantName = "[No Variations]"
Add component: Footprint Not Found RESC1005X37X20NL05T10
Add component: Footprint Not Found RESC1005X37X20NL05T10
Added Component: Designator=R41(0402_fp)
Add component (AddParameter): Name = "Package"; Value = "0402"; VariantName = "[No Variations]"
Add component (AddParameter): Name = "Value"; Value = "10 kO"; VariantName = "[No Variations]"
Added Component: Designator=R42(0402_fp)
Add component (AddParameter): Name = "Package"; Value = "0402"; VariantName = "[No Variations]"
Add component (AddParameter): Name = "Value"; Value = "4.7 kO"; VariantName = "[No Variations]"
Added Component: Designator=R43(0402_fp)
Add component (AddParameter): Name = "Package"; Value = "0402"; VariantName = "[No Variations]"
Add component (AddParameter): Name = "Value"; Value = "4.7 kO"; VariantName = "[No Variations]"
Added Component: Designator=U9(QFN50P700X700X60-49N)
Add component (AddParameter): Name = "Check_prices"; Value = "https://www.snapeda.com/parts/STM32F410CBU6/STMicroelectronics/view-part/?ref=eda"; VariantName = "[No Variations]"
Add component (AddParameter): Name = "MF"; Value = "STMicroelectronics"; VariantName = "[No Variations]"
Add component (AddParameter): Name = "MP"; Value = "STM32F410CBU6"; VariantName = "[No Variations]"
Add component (AddParameter): Name = "Package"; Value = "UFQFPN-48 STMicroelectronics"; VariantName = "[No Variations]"
Add component (AddParameter): Name = "SnapEDA_Link"; Value = "https://www.snapeda.com/parts/STM32F410CBU6/STMicroelectronics/view-part/?ref=snap"; VariantName = "[No Variations]"
Add component (AddParameter): Name = "Value"; Value = ""; VariantName = "[No Variations]"
Add component: Footprint Not Found FP-NX3225GA-MFG
Added Pin To Net: NetName=DGND Pin=C22-1
Added Pin To Net: NetName=3V3 Pin=C24-1
Added Pin To Net: NetName=DGND Pin=C24-2
Added Pin To Net: NetName=3V3 Pin=C25-1
Added Pin To Net: NetName=DGND Pin=C25-2
Added Pin To Net: NetName=3V3 Pin=C26-1
Added Pin To Net: NetName=DGND Pin=C26-2
Added Pin To Net: NetName=3V3 Pin=C27-1
Added Pin To Net: NetName=DGND Pin=C27-2
Added Pin To Net: NetName=KILL_SWITCH Pin=C28-1
Added Pin To Net: NetName=DGND Pin=C28-2
Added Pin To Net: NetName=NRST Pin=C29-1
Added Pin To Net: NetName=DGND Pin=C29-2
Added Pin To Net: NetName=3V3 Pin=C30-1
Added Pin To Net: NetName=DGND Pin=C30-2
Added Pin To Net: NetName=3V3 Pin=C31-1
Added Pin To Net: NetName=DGND Pin=C31-2
Added Pin To Net: NetName=3V3 Pin=C32-1
Added Pin To Net: NetName=DGND Pin=C32-2
Added Pin To Net: NetName=3V3 Pin=C33-1
Added Pin To Net: NetName=DGND Pin=C33-2
Added Pin To Net: NetName=3V3 Pin=C34-1
Added Pin To Net: NetName=DGND Pin=C34-2
Added Pin To Net: NetName=DGND Pin=C35-2
Added Pin To Net: NetName=DGND Pin=C36-2
Added Pin To Net: NetName=ADC_SENSOR_1 Pin=R35-1
Added Pin To Net: NetName=3V3 Pin=R36-1
Added Pin To Net: NetName=EXT_SENSOR1_I2C_SDA Pin=R36-2
Added Pin To Net: NetName=DGND Pin=R37-1
Added Pin To Net: NetName=3V3 Pin=R38-1
Added Pin To Net: NetName=EXT_SENSOR1_I2C_SCL Pin=R38-2
Added Pin To Net: NetName=DGND Pin=R41-2
Added Pin To Net: NetName=KILL_SWITCH Pin=R42-1
Added Pin To Net: NetName=3V3 Pin=R42-2
Added Pin To Net: NetName=NRST Pin=R43-1
Added Pin To Net: NetName=3V3 Pin=R43-2
Added Pin To Net: NetName=3V3 Pin=U9-1
Added Pin To Net: NetName=NRST Pin=U9-7
Added Pin To Net: NetName=DGND Pin=U9-8
Added Pin To Net: NetName=3V3 Pin=U9-9
Added Pin To Net: NetName=LEFT_PULSE_3V3 Pin=U9-10
Added Pin To Net: NetName=IGNT_TRIG_R Pin=U9-12
Added Pin To Net: NetName=ANALOG_SENSOR_2 Pin=U9-17
Added Pin To Net: NetName=DGND Pin=U9-23
Added Pin To Net: NetName=3V3 Pin=U9-24
Added Pin To Net: NetName=KILL_SWITCH Pin=U9-28
Added Pin To Net: NetName=RIGHT_PULSE_3V3 Pin=U9-29
Added Pin To Net: NetName=UART_DEBUG_TX Pin=U9-30
Added Pin To Net: NetName=UART_DEBUG_RX Pin=U9-31
Added Pin To Net: NetName=IGNT_TRIG_L Pin=U9-32
Added Pin To Net: NetName=SWDIO Pin=U9-34
Added Pin To Net: NetName=DGND Pin=U9-35
Added Pin To Net: NetName=3V3 Pin=U9-36
Added Pin To Net: NetName=SWCLK Pin=U9-37
Added Pin To Net: NetName=EXT_SENSOR1_I2C_SCL Pin=U9-42
Added Pin To Net: NetName=EXT_SENSOR1_I2C_SDA Pin=U9-43
Added Pin To Net: NetName=NetD11_1 Pin=U9-45
Added Pin To Net: NetName=NetD14_1 Pin=U9-46
Added Pin To Net: NetName=DGND Pin=U9-47
Added Pin To Net: NetName=3V3 Pin=U9-48
Added Pin To Net: NetName=DGND Pin=U9-49
Add Net: Net with name "ANALOG_SENSOR_1" already exists
Add Net: Net with name "HSE_OSC_IN" already exists
Add Net: Net with name "HSE_OSC_OUT" already exists
Add Net: Net with name "LED1" already exists
Add Net: Net with name "LED2" already exists
Add Net: Net with name "NetC23_1" already exists
Add Net: Net with name "NetD7_2" already exists
Add Net: Net with name "NetD8_2" already exists
Add Net: Net with name "NetR41_1" already exists
Change Class Name : Old Net Name=logic New Net Name=logic_
Added Class: Name=logic
