Removed Pin From Net: NetName=DGND Pin=C22-1
Remove Pin from Net: Failed to remove Pin
Removed Pin From Net: NetName=3V3 Pin=C24-1
Removed Pin From Net: NetName=DGND Pin=C24-2
Removed Pin From Net: NetName=3V3 Pin=C25-1
Removed Pin From Net: NetName=DGND Pin=C25-2
Removed Pin From Net: NetName=3V3 Pin=C26-1
Removed Pin From Net: NetName=DGND Pin=C26-2
Removed Pin From Net: NetName=3V3 Pin=C27-1
Removed Pin From Net: NetName=DGND Pin=C27-2
Removed Pin From Net: NetName=KILL_SWITCH Pin=C28-1
Removed Pin From Net: NetName=DGND Pin=C28-2
Removed Pin From Net: NetName=NRST Pin=C29-1
Removed Pin From Net: NetName=DGND Pin=C29-2
Removed Pin From Net: NetName=3V3 Pin=C30-1
Removed Pin From Net: NetName=DGND Pin=C30-2
Removed Pin From Net: NetName=3V3 Pin=C31-1
Removed Pin From Net: NetName=DGND Pin=C31-2
Removed Pin From Net: NetName=3V3 Pin=C32-1
Removed Pin From Net: NetName=DGND Pin=C32-2
Removed Pin From Net: NetName=3V3 Pin=C33-1
Removed Pin From Net: NetName=DGND Pin=C33-2
Removed Pin From Net: NetName=3V3 Pin=C34-1
Removed Pin From Net: NetName=DGND Pin=C34-2
Remove Pin from Net: Failed to remove Pin
Removed Pin From Net: NetName=DGND Pin=C35-2
Remove Pin from Net: Failed to remove Pin
Removed Pin From Net: NetName=DGND Pin=C36-2
Removed Pin From Net: NetName=ADC_SENSOR_1 Pin=R35-1
Remove Pin from Net: Failed to remove Pin
Removed Pin From Net: NetName=3V3 Pin=R36-1
Removed Pin From Net: NetName=EXT_SENSOR1_I2C_SDA Pin=R36-2
Removed Pin From Net: NetName=DGND Pin=R37-1
Remove Pin from Net: Failed to remove Pin
Removed Pin From Net: NetName=3V3 Pin=R38-1
Removed Pin From Net: NetName=EXT_SENSOR1_I2C_SCL Pin=R38-2
Remove Pin from Net: Failed to remove Pin
Removed Pin From Net: NetName=DGND Pin=R41-2
Removed Pin From Net: NetName=KILL_SWITCH Pin=R42-1
Removed Pin From Net: NetName=3V3 Pin=R42-2
Removed Pin From Net: NetName=NRST Pin=R43-1
Removed Pin From Net: NetName=3V3 Pin=R43-2
Removed Pin From Net: NetName=IGNT_TRIG_R Pin=U9-12
Removed Pin From Net: NetName=IGNT_TRIG_L Pin=U9-32
Added Pin To Net: NetName=ANALOG_SENSOR_1 Pin=C22-2
Added Pin To Net: NetName=HSE_OSC_IN Pin=C35-1
Added Pin To Net: NetName=HSE_OSC_OUT Pin=C36-1
Added Pin To Net: NetName=ANALOG_SENSOR_1 Pin=R35-2
Added Pin To Net: NetName=ANALOG_SENSOR_1 Pin=R37-2
Added Pin To Net: NetName=NetR41_1 Pin=R41-1
Added Pin To Net: NetName=HSE_OSC_IN Pin=U9-5
Added Pin To Net: NetName=HSE_OSC_OUT Pin=U9-6
Added Pin To Net: NetName=IGNT_TRIG_L Pin=U9-12
Added Pin To Net: NetName=ANALOG_SENSOR_1 Pin=U9-16
Added Pin To Net: NetName=NetC23_1 Pin=U9-22
Added Pin To Net: NetName=LED1 Pin=U9-26
Added Pin To Net: NetName=LED2 Pin=U9-27
Added Pin To Net: NetName=IGNT_TRIG_R Pin=U9-32
Added Pin To Net: NetName=NetR41_1 Pin=U9-44
